$@MID@$: 3
Date: Tue, 30 Sep 2025 14:01:21 +0000
Sample #: 003
Number of pCO2 Samples: 0
Number of TIC Samples: 0
Number of Chl_a Samples: 2
Number of CDOM Samples: 1
Number of HPLC Samples: 0
Number of ABS Samples: 0
Number of Other Samples: 2
Other Sample/s not Listed: DO and Salt
Sample ID: 521255
Paper log Completed: Yes
Author: Peter Thamer
Time|Position: 2025-09-30 | 140121.0025 | 43 29.76633 N | 68 01.98415 W
Mission: JC28302
PI: Lindsay Beazley
Revisions: 
Attachment: 
Encoding: HTML
========================================

