$@MID@$: 15
Date: Sun, 12 Oct 2025 15:47:04 +0000
Sample #: 015
Number of Salt Samples: 1
Number of O2 Samples: 1
Number of pCO2 Samples: 0
Number of TIC Samples: 0
Number of Chl_a Samples: 2
Number of CDOM Samples: 1
Number of HPLC Samples: 0
Number of ABS Samples: 0
Number of Other Samples: 0
Other Sample/s not Listed: 
Sample ID: 521267
Paper log Completed: Yes
Author: Melanie Hardy
Time|Position: 2025-10-12 | 154703.0013 | 44 04.85952 N | 58 20.64850 W
Mission: JC28302
PI: Lindsay Beazley
Revisions: 
Attachment: 
Encoding: HTML
========================================

