$@MID@$: 22
Date: Sun, 19 Oct 2025 15:44:07 +0000
Sample #: 022
Number of Salt Samples: 1
Number of O2 Samples: 1
Number of pCO2 Samples: 0
Number of TIC Samples: 0
Number of Chl_a Samples: 2
Number of CDOM Samples: 1
Number of HPLC Samples: 0
Number of ABS Samples: 0
Number of Other Samples: 0
Other Sample/s not Listed: 
Sample ID: 521273
Paper log Completed: Yes
Author: Kristen Wilson
Time|Position: 2025-10-19 | 154407.0047 | 47 28.48859 N | 59 59.04212 W
Mission: JC28302
PI: Lindsay Beazley
Revisions: 
Attachment: 
Encoding: HTML
========================================

