$@MID@$: 18
Date: Thu, 16 Oct 2025 15:19:28 +0000
Sample #: 018
Number of Salt Samples: 1
Number of O2 Samples: 1
Number of pCO2 Samples: 0
Number of TIC Samples: 0
Number of Chl_a Samples: 1
Number of CDOM Samples: 1
Number of HPLC Samples: 0
Number of ABS Samples: 0
Number of Other Samples: 0
Other Sample/s not Listed: 
Sample ID: 521270
Paper log Completed: Yes
Author: Diana Cardoso
Time|Position: 2025-10-16 | 151928.0036 | 44 18.34631 N | 63 25.53038 W
Mission: JC28302
PI: Lindsay Beazley
Revisions: 16/Oct/2025 15:19:57
Attachment: 
Encoding: HTML
========================================

