$@MID@$: 13
Date: Fri, 10 Oct 2025 16:19:03 +0000
Sample #: 013
Number of Salt Samples: 1
Number of O2 Samples: 1
Number of pCO2 Samples: 0
Number of TIC Samples: 0
Number of Chl_a Samples: 2
Number of CDOM Samples: 1
Number of HPLC Samples: 0
Number of ABS Samples: 0
Number of Other Samples: 0
Other Sample/s not Listed: 
Sample ID: 521265
Paper log Completed: Yes
Author: Melanie Hardy
Time|Position: 2025-10-10 | 161903.0042 | 44 49.02932 N | 56 57.31620 W
Mission: JC28302
PI: Lindsay Beazley
Revisions: 
Attachment: 
Encoding: HTML
========================================

