$@MID@$: 8
Date: Mon, 06 Oct 2025 14:59:25 +0000
Sample #: 008
Number of Salt Samples: 1
Number of O2 Samples: 1
Number of pCO2 Samples: 0
Number of TIC Samples: 0
Number of Chl_a Samples: 2
Number of CDOM Samples: 1
Number of HPLC Samples: 0
Number of ABS Samples: 0
Number of Other Samples: 0
Other Sample/s not Listed: 
Sample ID: 521261
Paper log Completed: Yes
Author: Melanie Hardy
Time|Position: 2025-10-06 | 145925.0040 | 44 15.19388 N | 63 10.15236 W
Mission: JC28302
PI: Lindsay Beazley
Revisions: 
Attachment: 
Encoding: HTML
========================================

