$@MID@$: 5
Date: Thu, 02 Oct 2025 16:33:45 +0000
Sample #: 005
Number of Salt Samples: 1
Number of O2 Samples: 1
Number of pCO2 Samples: 0
Number of TIC Samples: 0
Number of Chl_a Samples: 2
Number of CDOM Samples: 1
Number of HPLC Samples: 0
Number of ABS Samples: 0
Number of Other Samples: 0
Other Sample/s not Listed: 
Sample ID: 521257
Paper log Completed: Yes
Author: Melanie Hardy
Time|Position: 2025-10-02 | 163345.0030 | 42 25.18141 N | 66 40.16939 W
Mission: JC28302
PI: Lindsay Beazley
Revisions: 
Attachment: 
Encoding: HTML
========================================

