$@MID@$: 7
Date: Sun, 05 Oct 2025 15:50:42 +0000
Sample #: 007
Number of Salt Samples: 1
Number of O2 Samples: 1
Number of pCO2 Samples: 0
Number of TIC Samples: 0
Number of Chl_a Samples: 2
Number of CDOM Samples: 1
Number of HPLC Samples: 0
Number of ABS Samples: 0
Number of Other Samples: 0
Other Sample/s not Listed: 
Sample ID: 521260
Paper log Completed: Yes
Author: Melanie Hardy
Time|Position: 2025-10-05 | 155042.0008 | 42 58.17970 N | 65 26.79029 W
Mission: JC28302
PI: Lindsay Beazley
Revisions: 
Attachment: 
Encoding: HTML
========================================

