$@MID@$: 16
Date: Mon, 13 Oct 2025 17:27:54 +0000
Sample #: 016
Number of Salt Samples: 1
Number of O2 Samples: 1
Number of pCO2 Samples: 0
Number of TIC Samples: 0
Number of Chl_a Samples: 2
Number of CDOM Samples: 1
Number of HPLC Samples: 0
Number of ABS Samples: 0
Number of Other Samples: 0
Other Sample/s not Listed: 
Sample ID: 521268
Paper log Completed: Yes
Author: Melanie Hardy
Time|Position: 2025-10-13 | 172754.0014 | 45 28.90843 N | 59 59.85366 W
Mission: JC28302
PI: Lindsay Beazley
Revisions: 
Attachment: 
Encoding: HTML
========================================

