$@MID@$: 14
Date: Sat, 11 Oct 2025 16:33:43 +0000
Sample #: 014
Number of Salt Samples: 1
Number of O2 Samples: 1
Number of pCO2 Samples: 0
Number of TIC Samples: 0
Number of Chl_a Samples: 2
Number of CDOM Samples: 1
Number of HPLC Samples: 0
Number of ABS Samples: 0
Number of Other Samples: 0
Other Sample/s not Listed: 
Sample ID: 521266
Paper log Completed: Yes
Author: Melanie Hardy
Time|Position: 2025-10-11 | 163343.0027 | 43 11.30650 N | 57 35.28507 W
Mission: JC28302
PI: Lindsay Beazley
Revisions: 
Attachment: 
Encoding: HTML
========================================

