$@MID@$: 10
Date: Tue, 07 Oct 2025 17:01:41 +0000
Sample #: 010
Number of Salt Samples: 1
Number of O2 Samples: 1
Number of pCO2 Samples: 0
Number of TIC Samples: 0
Number of Chl_a Samples: 2
Number of CDOM Samples: 1
Number of HPLC Samples: 0
Number of ABS Samples: 0
Number of Other Samples: 0
Other Sample/s not Listed: 
Sample ID: 521262
Paper log Completed: Yes
Author: Lindsay Beazley
Time|Position: 2025-10-07 | 170141.0004 | 42 48.20898 N | 61 41.95396 W
Mission: JC28302
PI: Lindsay Beazley
Revisions: 
Attachment: 
Encoding: HTML
========================================

