$@MID@$: 4
Date: Wed, 01 Oct 2025 15:18:33 +0000
Sample #: 004
Number of Salt Samples: 1
Number of O2 Samples: 1
Number of pCO2 Samples: 0
Number of TIC Samples: 0
Number of Chl_a Samples: 2
Number of CDOM Samples: 1
Number of HPLC Samples: 0
Number of ABS Samples: 0
Number of Other Samples: 0
Other Sample/s not Listed: 
Sample ID: 521256
Paper log Completed: Yes
Author: Melanie Hardy
Time|Position: 2025-10-01 | 151833.0015 | 42 57.35251 N | 69 34.86901 W
Mission: JC28302
PI: Lindsay Beazley
Revisions: 
Attachment: 
Encoding: HTML
========================================

