$@MID@$: 11
Date: Wed, 08 Oct 2025 15:48:11 +0000
Sample #: 011
Number of Salt Samples: 1
Number of O2 Samples: 1
Number of pCO2 Samples: 0
Number of TIC Samples: 0
Number of Chl_a Samples: 2
Number of CDOM Samples: 1
Number of HPLC Samples: 0
Number of ABS Samples: 0
Number of Other Samples: 0
Other Sample/s not Listed: 
Sample ID: 521263
Paper log Completed: Yes
Author: Melanie Hardy
Time|Position: 2025-10-08 | 154811.0025 | 43 30.48906 N | 59 54.96450 W
Mission: JC28302
PI: Lindsay Beazley
Revisions: 
Attachment: 
Encoding: HTML
========================================

