$@MID@$: 6
Date: Fri, 03 Oct 2025 15:34:10 +0000
Sample #: 006
Number of Salt Samples: 1
Number of O2 Samples: 1
Number of pCO2 Samples: 0
Number of TIC Samples: 0
Number of Chl_a Samples: 2
Number of CDOM Samples: 1
Number of HPLC Samples: 0
Number of ABS Samples: 0
Number of Other Samples: 0
Other Sample/s not Listed: 
Sample ID: 521258
Paper log Completed: Yes
Author: Melanie Hardy
Time|Position: 2025-10-03 | 153410.0001 | 41 58.72861 N | 66 05.55377 W
Mission: JC28302
PI: Lindsay Beazley
Revisions: 
Attachment: 
Encoding: HTML
========================================

