$@MID@$: 20
Date: Sat, 18 Oct 2025 17:35:06 +0000
Sample #: 020
Number of Salt Samples: 1
Number of O2 Samples: 1
Number of pCO2 Samples: 0
Number of TIC Samples: 0
Number of Chl_a Samples: 2
Number of CDOM Samples: 1
Number of HPLC Samples: 0
Number of ABS Samples: 0
Number of Other Samples: 
Other Sample/s not Listed: 
Sample ID: 521272
Paper log Completed: Yes
Author: Kristen Wilson
Time|Position: 2025-10-18 | 173506.0044 | 46 20.20931 N | 59 59.02861 W
Mission: JC28302
PI: Lindsay Beazley
Revisions: 
Attachment: 
Encoding: HTML
========================================

$@MID@$: 21
Date: Sat, 18 Oct 2025 17:35:07 +0000
Sample #: 021
Number of Salt Samples: 1
Number of O2 Samples: 1
Number of pCO2 Samples: 0
Number of TIC Samples: 0
Number of Chl_a Samples: 2
Number of CDOM Samples: 1
Number of HPLC Samples: 0
Number of ABS Samples: 0
Number of Other Samples: 
Other Sample/s not Listed: 
Sample ID: 521272
Paper log Completed: Yes
Author: Kristen Wilson
Time|Position: 2025-10-18 | 173507.0034 | 46 20.20932 N | 59 59.02499 W
Mission: JC28302
PI: Lindsay Beazley
Revisions: 
Attachment: 
Encoding: HTML
========================================

