$@MID@$: 19
Date: Fri, 17 Oct 2025 15:12:30 +0000
Sample #: 019
Number of Salt Samples: 1
Number of O2 Samples: 1
Number of pCO2 Samples: 0
Number of TIC Samples: 0
Number of Chl_a Samples: 2
Number of CDOM Samples: 1
Number of HPLC Samples: 0
Number of ABS Samples: 0
Number of Other Samples: 0
Other Sample/s not Listed: 
Sample ID: 521271
Paper log Completed: Yes
Author: Peter Thamer
Time|Position: 2025-10-17 | 151230.0012 | 46 02.06872 N | 59 23.30934 W
Mission: JC28302
PI: Lindsay Beazley
Revisions: 
Attachment: 
Encoding: HTML
========================================

