$@MID@$: 23
Date: Mon, 20 Oct 2025 16:36:12 +0000
Sample #: 023
Number of Salt Samples: 1
Number of O2 Samples: 1
Number of pCO2 Samples: 0
Number of TIC Samples: 0
Number of Chl_a Samples: 2
Number of CDOM Samples: 1
Number of HPLC Samples: 0
Number of ABS Samples: 0
Number of Other Samples: 
Other Sample/s not Listed: 
Sample ID: 521274
Paper log Completed: Yes
Author: Kristen Wilson
Time|Position: 2025-10-20 | 163612.0049 | 46 19.44102 N | 59 06.05029 W
Mission: JC28302
PI: Lindsay Beazley
Revisions: 
Attachment: 
Encoding: HTML
========================================

