$@MID@$: 17
Date: Tue, 14 Oct 2025 16:48:12 +0000
Sample #: 017
Number of Salt Samples: 1
Number of O2 Samples: 1
Number of pCO2 Samples: 0
Number of TIC Samples: 0
Number of Chl_a Samples: 2
Number of CDOM Samples: 1
Number of HPLC Samples: 0
Number of ABS Samples: 0
Number of Other Samples: 0
Other Sample/s not Listed: 
Sample ID: 521269
Paper log Completed: Yes
Author: Melanie Hardy
Time|Position: 2025-10-14 | 164812.0002 | 44 35.30131 N | 62 35.65603 W
Mission: JC28302
PI: Lindsay Beazley
Revisions: 
Attachment: 
Encoding: HTML
========================================

