$@MID@$: 3
Date: Sun, 31 May 2026 06:13:03 +0000
Event: 
Station: 
Item: CDOM
Type: Note
Comment: CDOM sample storage fridge was without power for unknown amount of time.
Author: Chris Gordon
Revisions: 
Time|Position: 2026-05-31 | 061303.0030 | 60 55.95262 N | 49 22.67661 W
Attachment: 
Encoding: HTML
========================================
CDOM sample storage fridge was without power for unknown amount of time, suspect since afternoon of 30/05/2026. Power to certain plugs was disabled by crew so may be able to find exact time if that is logged. Plug switched and power restored at roughly 0030 31/05/2026. Samples were still cold to touch but fridge had clearly warmed. 
$@MID@$: 4
Date: Sun, 31 May 2026 09:36:46 +0000
Event: 087
Station: AR7W_28N
Item: Deck Sheets
Type: Note
Comment: Sample ids 524636 to 524647 were skipped due to changing of bottle sampling strategy after sample bottles were labeled.
Author: Jeff Jackson
Revisions: 
Time|Position: 2026-05-31 | 093646.0049 | 61 03.60308 N | 49 07.03795 W
Attachment: 
Encoding: HTML
========================================

