$@MID@$: 8
Date: Wed, 29 Apr 2026 16:35:05 +0000
Sample #: 008
Number of pCO2 Samples: 0
Number of TIC Samples: 0
Number of Chl_a Samples: 2
Number of CDOM Samples: 1
Number of HPLC Samples: 0
Number of ABS Samples: 0
Number of Other Samples: 2
Other Sample/s not Listed: Salts, Oxygen
Sample ID: 523010
Paper log Completed: Yes
Author: Diana Cardoso
Time|Position: 2026-04-29 | 154505.0025 | 43 52.556 N | 57 13.618 W
Mission: JC290
PI: Lindsay Beazley
Revisions: 01/May/2026 13:20:40
Attachment: 
Encoding: HTML
========================================

