$@MID@$: 1
Date: Wed, 22 Apr 2026 20:04:11 +0000
Sample #: 001
Number of pCO2 Samples: 0
Number of TIC Samples: 0
Number of Chl_a Samples: 2
Number of CDOM Samples: 1
Number of HPLC Samples: 0
Number of ABS Samples: 0
Number of Other Samples: 2
Other Sample/s not Listed: Salts, oxygen
Sample ID: 523003
Paper log Completed: Yes
Author: Lindsay Beazley
Time|Position: 2026-04-22 | 195011.0016 | 43 56.63818 N | 64 00.65149 W
Mission: JC290
PI: Lindsay Beazley
Revisions: 01/May/2026 13:17:41
Attachment: 
Encoding: HTML
========================================
Oxygen taken from pCO2 outflow, the rest were taken from the TSG outflow in CTD hangar.
