$@MID@$: 7
Date: Tue, 28 Apr 2026 15:24:48 +0000
Sample #: 007
Number of pCO2 Samples: 0
Number of TIC Samples: 0
Number of Chl_a Samples: 2
Number of CDOM Samples: 1
Number of HPLC Samples: 0
Number of ABS Samples: 0
Number of Other Samples: 0
Other Sample/s not Listed: Salts, oxygen
Sample ID: 523009
Paper log Completed: Yes
Author: Lindsay Beazley
Time|Position: 2026-04-28 | 115548.0006 | 44 34.287 N | 57 51.327 W
Mission: JC290
PI: Lindsay Beazley
Revisions: 28/Apr/2026 22:57:52
Attachment: 
Encoding: HTML
========================================

