$@MID@$: 2
Date: Mon, 27 Apr 2026 15:51:05 +0000
Sample #: 002
Number of pCO2 Samples: 0
Number of TIC Samples: 0
Number of Chl_a Samples: 2
Number of CDOM Samples: 1
Number of HPLC Samples: 0
Number of ABS Samples: 0
Number of Other Samples: 2
Other Sample/s not Listed: Salts, Oxygen
Sample ID: 523004
Paper log Completed: Yes
Author: Diana Cardoso
Time|Position: 2026-04-23 | 152505.0005 | 42 13.6449 N | 65 29.714 W
Mission: JC290
PI: Lindsay Beazley
Revisions: 01/May/2026 13:18:55
Attachment: 
Encoding: HTML
========================================

$@MID@$: 3
Date: Mon, 27 Apr 2026 16:12:13 +0000
Sample #: 003
Number of pCO2 Samples: 0
Number of TIC Samples: 0
Number of Chl_a Samples: 2
Number of CDOM Samples: 1
Number of HPLC Samples: 0
Number of ABS Samples: 0
Number of Other Samples: 2
Other Sample/s not Listed: Salts, Oxygen
Sample ID: 523005
Paper log Completed: Yes
Author: Diana Cardoso
Time|Position: 2026-04-24 | 164800.0050 | 42 16.908 N | 65 51.544 W
Mission: JC290
PI: Lindsay Beazley
Revisions: 01/May/2026 13:19:19
Attachment: 
Encoding: HTML
========================================

$@MID@$: 4
Date: Mon, 27 Apr 2026 16:18:48 +0000
Sample #: 004
Number of pCO2 Samples: 0
Number of TIC Samples: 0
Number of Chl_a Samples: 2
Number of CDOM Samples: 1
Number of HPLC Samples: 0
Number of ABS Samples: 0
Number of Other Samples: 2
Other Sample/s not Listed: Salts, Oxygen
Sample ID: 523006
Paper log Completed: Yes
Author: Diana Cardoso
Time|Position: 2026-04-25 | 160503.0013 | 44 29.293 N | 63 29.195 W
Mission: JC290
PI: Lindsay Beazley
Revisions: 01/May/2026 13:19:36
Attachment: 
Encoding: HTML
========================================

$@MID@$: 5
Date: Mon, 27 Apr 2026 16:20:41 +0000
Sample #: 005
Number of pCO2 Samples: 0
Number of TIC Samples: 0
Number of Chl_a Samples: 2
Number of CDOM Samples: 1
Number of HPLC Samples: 0
Number of ABS Samples: 0
Number of Other Samples: 2
Other Sample/s not Listed: Salts, Oxygen
Sample ID: 523007
Paper log Completed: Yes
Author: Diana Cardoso
Time|Position: 2026-04-26 | 161500.0050 | 42 46.544 N | 61 39.993 W 
Mission: JC290
PI: Lindsay Beazley
Revisions: 01/May/2026 13:19:51
Attachment: 
Encoding: HTML
========================================

$@MID@$: 6
Date: Mon, 27 Apr 2026 16:22:20 +0000
Sample #: 006
Number of pCO2 Samples: 0
Number of TIC Samples: 0
Number of Chl_a Samples: 2
Number of CDOM Samples: 1
Number of HPLC Samples: 0
Number of ABS Samples: 0
Number of Other Samples: 2
Other Sample/s not Listed: Salts, Oxygen
Sample ID: 523008
Paper log Completed: Yes
Author: Diana Cardoso
Time|Position: 2026-04-27 | 150320.0011 | 43 39.019 N | 59 45.334 W
Mission: JC290
PI: Lindsay Beazley
Revisions: 01/May/2026 13:20:06
Attachment: 
Encoding: HTML
========================================

