$@MID@$: 11
Date: Sat, 02 May 2026 15:43:42 +0000
Sample #: 011
Number of pCO2 Samples: 0
Number of TIC Samples: 0
Number of Chl_a Samples: 2
Number of CDOM Samples: 1
Number of HPLC Samples: 0
Number of ABS Samples: 0
Number of Other Samples: 2
Other Sample/s not Listed: Salts, Oxygen
Sample ID: 523013
Paper log Completed: Yes
Author: Diana Cardoso
Time|Position: 2026-05-02 | 153442.0032 | 46 33.014 N | 58 41.267 W
Mission: JC290
PI: Lindsay Beazley
Revisions: 02/May/2026 15:44:27
Attachment: 
Encoding: HTML
========================================

