$@MID@$: 12
Date: Sun, 03 May 2026 15:56:23 +0000
Sample #: 012
Number of pCO2 Samples: 0
Number of TIC Samples: 0
Number of Chl_a Samples: 2
Number of CDOM Samples: 1
Number of HPLC Samples: 0
Number of ABS Samples: 0
Number of Other Samples: 2
Other Sample/s not Listed: Salts, Oxygen
Sample ID: 523014
Paper log Completed: Yes
Author: Diana Cardoso
Time|Position: 2026-05-03 | 151523.170 | 44 43.170 N | 62 01.024 W
Mission: JC290
PI: Lindsay Beazley
Revisions: 03/May/2026 15:57:43
Attachment: 
Encoding: HTML
========================================

