$@MID@$: 9
Date: Fri, 01 May 2026 12:55:26 +0000
Sample #: 009
Number of pCO2 Samples: 0
Number of TIC Samples: 0
Number of Chl_a Samples: 2
Number of CDOM Samples: 1
Number of HPLC Samples: 0
Number of ABS Samples: 0
Number of Other Samples: 2
Other Sample/s not Listed: Salts, Oxygen
Sample ID: 523011
Paper log Completed: Yes
Author: Diana Cardoso
Time|Position: 2026-04-30 | 150726.0019 | 44 41.890 N | 58 43.893 W
Mission: JC290
PI: Lindsay Beazley
Revisions: 01/May/2026 13:20:57
Attachment: 
Encoding: HTML
========================================

$@MID@$: 10
Date: Fri, 01 May 2026 16:57:03 +0000
Sample #: 010
Number of pCO2 Samples: 0
Number of TIC Samples: 0
Number of Chl_a Samples: 2
Number of CDOM Samples: 1
Number of HPLC Samples: 0
Number of ABS Samples: 0
Number of Other Samples: 2
Other Sample/s not Listed: Salts, Oxygen
Sample ID: 523012
Paper log Completed: Yes
Author: Diana Cardoso
Time|Position: 2026-05-01 | 163039.0040 | 47 04.127 N | 60 02.683 W
Mission: JC290
PI: Lindsay Beazley
Revisions: 01/May/2026 16:57:25
Attachment: 
Encoding: HTML
========================================

