$@MID@$: 64
Date: Tue, 08 Sep 2026 00:57:09 -0700
Reply to: 65
Event: 022
Station: HL_06.5
Instrument: CTD
Attached: SBE35
Number_of_Bottles: 
Flowmeter S/N: 
Flowmeter Start: 
Flowmeter End: 
Action: Deployed
Sounding: 2099.27
Sample ID: 526604
End_Sample_ID: 526623
Wire out: 
Wire Angle: 
Net Clogging: 
Wind Direction: 
Wind Speed (nm): 
Sky (condition): 
Swell Direction: 
Swell Height (M): 
Sea (Condition): 
Depth: 
Author: Patrick Upson
IMEI_No: 
WMO_No: 
S/N: 
Name: 
Comment: 
Time|Position: 2026-09-08 | 075642.99 | 42 39.295864 N | 61 35.114638 W
Cruise: NNA2026003
PI: Gina Doyle
Protocol: AZMP
Platform: CCGS Naalak Nappaaluk
Revisions: 
Mooring Number: 
Number of RCMs: 
Number of MicroCATs: 
Number of Temperature Recorders: 
Number of Amars: 
Attachment: 
Encoding: plain
========================================

$@MID@$: 65
Date: Tue, 08 Sep 2026 01:47:33 -0700
Reply to: 66
In reply to: 64
Event: 022
Station: HL_06.5
Instrument: CTD
Attached: SBE35
Number_of_Bottles: 
Flowmeter S/N: 
Flowmeter Start: 
Flowmeter End: 
Action: Bottom
Sounding: 2105.19
Sample ID: 526604
End_Sample_ID: 526623
Wire out: 
Wire Angle: 
Net Clogging: 
Wind Direction: 
Wind Speed (nm): 
Sky (condition): 
Swell Direction: 
Swell Height (M): 
Sea (Condition): 
Depth: 
Author: Patrick Upson
IMEI_No: 
WMO_No: 
S/N: 
Name: 
Comment: 
Time|Position: 2026-09-08 | 084706.99 | 42 39.296649 N | 61 35.114325 W
Cruise: NNA2026003
PI: Gina Doyle
Protocol: AZMP
Platform: CCGS Naalak Nappaaluk
Revisions: 
Mooring Number: 
Number of RCMs: 
Number of MicroCATs: 
Number of Temperature Recorders: 
Number of Amars: 
Attachment: 
Encoding: plain
========================================

$@MID@$: 66
Date: Tue, 08 Sep 2026 02:57:52 -0700
In reply to: 65
Event: 022
Station: HL_06.5
Instrument: CTD
Attached: SBE35
Number_of_Bottles: 
Flowmeter S/N: 
Flowmeter Start: 
Flowmeter End: 
Action: Recovered
Sounding: 2105.55
Sample ID: 526604
End_Sample_ID: 526623
Wire out: 
Wire Angle: 
Net Clogging: 
Wind Direction: 
Wind Speed (nm): 
Sky (condition): 
Swell Direction: 
Swell Height (M): 
Sea (Condition): 
Depth: 
Author: Patrick Upson
IMEI_No: 
WMO_No: 
S/N: 
Name: 
Comment: 
Time|Position: 2026-09-08 | 095726.49 | 42 39.295849 N | 61 35.113737 W
Cruise: NNA2026003
PI: Gina Doyle
Protocol: AZMP
Platform: CCGS Naalak Nappaaluk
Revisions: 
Mooring Number: 
Number of RCMs: 
Number of MicroCATs: 
Number of Temperature Recorders: 
Number of Amars: 
Attachment: 
Encoding: plain
========================================

$@MID@$: 67
Date: Tue, 08 Sep 2026 03:08:52 -0700
Reply to: 68
Event: 023
Station: HL_06.5
Instrument: RingNet
Attached: 202um | Flowmeter
Number_of_Bottles: 
Flowmeter S/N: 
Flowmeter Start: 
Flowmeter End: 
Action: Deployed
Sounding: 2105.54
Sample ID: 526624
End_Sample_ID: 
Wire out: 1000
Wire Angle: 
Net Clogging: 
Wind Direction: 
Wind Speed (nm): 
Sky (condition): 
Swell Direction: 
Swell Height (M): 
Sea (Condition): 
Depth: 
Author: Patrick Upson
IMEI_No: 
WMO_No: 
S/N: 
Name: 
Comment: 
Time|Position: 2026-09-08 | 100825.99 | 42 39.296458 N | 61 35.115343 W
Cruise: NNA2026003
PI: Gina Doyle
Protocol: AZMP
Platform: CCGS Naalak Nappaaluk
Revisions: 
Mooring Number: 
Number of RCMs: 
Number of MicroCATs: 
Number of Temperature Recorders: 
Number of Amars: 
Attachment: 
Encoding: plain
========================================

$@MID@$: 68
Date: Tue, 08 Sep 2026 03:43:35 -0700
Reply to: 69
In reply to: 67
Event: 023
Station: HL_06.5
Instrument: RingNet
Attached: 202um | Flowmeter
Number_of_Bottles: 
Flowmeter S/N: 
Flowmeter Start: 
Flowmeter End: 
Action: Bottom
Sounding: 2105.43
Sample ID: 526624
End_Sample_ID: 
Wire out: 1000
Wire Angle: 
Net Clogging: 
Wind Direction: 
Wind Speed (nm): 
Sky (condition): 
Swell Direction: 
Swell Height (M): 
Sea (Condition): 
Depth: 
Author: Patrick Upson
IMEI_No: 
WMO_No: 
S/N: 
Name: 
Comment: 
Time|Position: 2026-09-08 | 104309.49 | 42 39.276229 N | 61 35.131196 W
Cruise: NNA2026003
PI: Gina Doyle
Protocol: AZMP
Platform: CCGS Naalak Nappaaluk
Revisions: 
Mooring Number: 
Number of RCMs: 
Number of MicroCATs: 
Number of Temperature Recorders: 
Number of Amars: 
Attachment: 
Encoding: plain
========================================

$@MID@$: 69
Date: Tue, 08 Sep 2026 04:05:19 -0700
In reply to: 68
Event: 023
Station: HL_06.5
Instrument: RingNet
Attached: 202um | Flowmeter
Number_of_Bottles: 
Flowmeter S/N: 
Flowmeter Start: 
Flowmeter End: 
Action: Recovered
Sounding: 2105.68
Sample ID: 526624
End_Sample_ID: 
Wire out: 1000
Wire Angle: 
Net Clogging: 
Wind Direction: 
Wind Speed (nm): 
Sky (condition): 
Swell Direction: 
Swell Height (M): 
Sea (Condition): 
Depth: 
Author: Patrick Upson
IMEI_No: 
WMO_No: 
S/N: 
Name: 
Comment: 
Time|Position: 2026-09-08 | 110452.99 | 42 39.271745 N | 61 35.132024 W
Cruise: NNA2026003
PI: Gina Doyle
Protocol: AZMP
Platform: CCGS Naalak Nappaaluk
Revisions: 
Mooring Number: 
Number of RCMs: 
Number of MicroCATs: 
Number of Temperature Recorders: 
Number of Amars: 
Attachment: 
Encoding: plain
========================================

$@MID@$: 70
Date: Tue, 08 Sep 2026 05:57:49 -0700
Reply to: 71
Event: 024
Station: HL_07
Instrument: CTD
Attached: SBE35
Number_of_Bottles: 
Flowmeter S/N: 
Flowmeter Start: 
Flowmeter End: 
Action: Deployed
Sounding: 2752.72
Sample ID: 526625
End_Sample_ID: 526644
Wire out: 
Wire Angle: 
Net Clogging: 
Wind Direction: 
Wind Speed (nm): 
Sky (condition): 
Swell Direction: 
Swell Height (M): 
Sea (Condition): 
Depth: 
Author: Patrick Upson
IMEI_No: 
WMO_No: 
S/N: 
Name: 
Comment: 
Time|Position: 2026-09-08 | 125723.49 | 42 28.517328 N | 61 25.999053 W
Cruise: NNA2026003
PI: Gina Doyle
Protocol: AZMP
Platform: CCGS Naalak Nappaaluk
Revisions: 
Mooring Number: 
Number of RCMs: 
Number of MicroCATs: 
Number of Temperature Recorders: 
Number of Amars: 
Attachment: 
Encoding: plain
========================================

$@MID@$: 71
Date: Tue, 08 Sep 2026 07:03:11 -0700
Reply to: 72
In reply to: 70
Event: 024
Station: HL_07
Instrument: CTD
Attached: SBE35
Number_of_Bottles: 
Flowmeter S/N: 
Flowmeter Start: 
Flowmeter End: 
Action: Bottom
Sounding: 2757.85
Sample ID: 526625
End_Sample_ID: 526644
Wire out: 
Wire Angle: 
Net Clogging: 
Wind Direction: 
Wind Speed (nm): 
Sky (condition): 
Swell Direction: 
Swell Height (M): 
Sea (Condition): 
Depth: 
Author: Patrick Upson
IMEI_No: 
WMO_No: 
S/N: 
Name: 
Comment: forgot to submit bottom. Winch cable wrapped over and we had to unspool and respool the cable
Time|Position: 2026-09-08 | 140244.99 | 42 28.517800 N | 61 25.999124 W
Cruise: NNA2026003
PI: Gina Doyle
Protocol: AZMP
Platform: CCGS Naalak Nappaaluk
Revisions: 08/Sep/2026 08:17:30
Mooring Number: 
Number of RCMs: 
Number of MicroCATs: 
Number of Temperature Recorders: 
Number of Amars: 
Attachment: 
Encoding: plain
========================================

$@MID@$: 72
Date: Tue, 08 Sep 2026 10:02:19 -0700
In reply to: 71
Event: 024
Station: HL_07
Instrument: CTD
Attached: SBE35
Number_of_Bottles: 
Flowmeter S/N: 
Flowmeter Start: 
Flowmeter End: 
Action: Recovered
Sounding: 2757.48
Sample ID: 526625
End_Sample_ID: 526644
Wire out: 
Wire Angle: 
Net Clogging: 
Wind Direction: 
Wind Speed (nm): 
Sky (condition): 
Swell Direction: 
Swell Height (M): 
Sea (Condition): 
Depth: 
Author: Ryan Doody
IMEI_No: 
WMO_No: 
S/N: 
Name: 
Comment: Did not close 100m bottle. Missing 525635
Time|Position: 2026-09-08 | 170152.99 | 42 28.517126 N | 61 25.999000 W
Cruise: NNA2026003
PI: Gina Doyle
Protocol: AZMP
Platform: CCGS Naalak Nappaaluk
Revisions: 08/Sep/2026 10:14:51
Mooring Number: 
Number of RCMs: 
Number of MicroCATs: 
Number of Temperature Recorders: 
Number of Amars: 
Attachment: 
Encoding: plain
========================================

$@MID@$: 73
Date: Tue, 08 Sep 2026 10:19:30 -0700
Reply to: 74
Event: 025
Station: HL_07
Instrument: RingNet
Attached: 202um | Flowmeter
Number_of_Bottles: 
Flowmeter S/N: 
Flowmeter Start: 
Flowmeter End: 
Action: Deployed
Sounding: 2757.25
Sample ID: 526663
End_Sample_ID: 
Wire out: 1000
Wire Angle: 
Net Clogging: 
Wind Direction: 
Wind Speed (nm): 
Sky (condition): 
Swell Direction: 
Swell Height (M): 
Sea (Condition): 
Depth: 
Author: Patrick Upson
IMEI_No: 
WMO_No: 
S/N: 
Name: 
Comment: 
Time|Position: 2026-09-08 | 171903.99 | 42 28.515184 N | 61 26.001878 W
Cruise: NNA2026003
PI: Gina Doyle
Protocol: AZMP
Platform: CCGS Naalak Nappaaluk
Revisions: 
Mooring Number: 
Number of RCMs: 
Number of MicroCATs: 
Number of Temperature Recorders: 
Number of Amars: 
Attachment: 
Encoding: plain
========================================

$@MID@$: 74
Date: Tue, 08 Sep 2026 10:54:26 -0700
Reply to: 75
In reply to: 73
Event: 025
Station: HL_07
Instrument: RingNet
Attached: 202um | Flowmeter
Number_of_Bottles: 
Flowmeter S/N: 
Flowmeter Start: 
Flowmeter End: 
Action: Bottom
Sounding: 2757.34
Sample ID: 526663
End_Sample_ID: 
Wire out: 1000
Wire Angle: 
Net Clogging: 
Wind Direction: 
Wind Speed (nm): 
Sky (condition): 
Swell Direction: 
Swell Height (M): 
Sea (Condition): 
Depth: 
Author: Patrick Upson
IMEI_No: 
WMO_No: 
S/N: 
Name: 
Comment: 
Time|Position: 2026-09-08 | 175359.99 | 42 28.516092 N | 61 25.987875 W
Cruise: NNA2026003
PI: Gina Doyle
Protocol: AZMP
Platform: CCGS Naalak Nappaaluk
Revisions: 
Mooring Number: 
Number of RCMs: 
Number of MicroCATs: 
Number of Temperature Recorders: 
Number of Amars: 
Attachment: 
Encoding: plain
========================================

$@MID@$: 75
Date: Tue, 08 Sep 2026 11:15:06 -0700
In reply to: 74
Event: 025
Station: HL_07
Instrument: RingNet
Attached: 202um | Flowmeter
Number_of_Bottles: 
Flowmeter S/N: 
Flowmeter Start: 
Flowmeter End: 
Action: Bottom
Sounding: 2757.53
Sample ID: 526663
End_Sample_ID: 
Wire out: 1000
Wire Angle: 
Net Clogging: 
Wind Direction: 
Wind Speed (nm): 
Sky (condition): 
Swell Direction: 
Swell Height (M): 
Sea (Condition): 
Depth: 
Author: Patrick Upson
IMEI_No: 
WMO_No: 
S/N: 
Name: 
Comment: 
Time|Position: 2026-09-08 | 181439.99 | 42 28.516097 N | 61 25.987917 W
Cruise: NNA2026003
PI: Gina Doyle
Protocol: AZMP
Platform: CCGS Naalak Nappaaluk
Revisions: 
Mooring Number: 
Number of RCMs: 
Number of MicroCATs: 
Number of Temperature Recorders: 
Number of Amars: 
Attachment: 
Encoding: plain
========================================

