$@MID@$: 1
Date: Fri, 04 Sep 2026 11:38:17 -0700
Reply to: 2
Event: 001
Station: HL_02
Instrument: RingNet
Attached: 
Number_of_Bottles: 
Flowmeter S/N: 
Flowmeter Start: 
Flowmeter End: 
Action: Deployed
Sounding: 0151.07
Sample ID: 526514
End_Sample_ID: 
Wire out: 
Wire Angle: 
Net Clogging: 
Wind Direction: 
Wind Speed (nm): 
Sky (condition): 
Swell Direction: 
Swell Height (M): 
Sea (Condition): 
Depth: 
Author: Patrick Upson
IMEI_No: 
WMO_No: 
S/N: 
Name: 
Comment: 
Time|Position: 2026-09-04 | 183748.99 | 44 16.005278 N | 63 18.995814 W
Cruise: NNA2026003
PI: Gina Doyle
Protocol: AZMP
Platform: CCGS Naalak Nappaaluk
Revisions: 04/Sep/2026 11:47:18
Mooring Number: 
Number of RCMs: 
Number of MicroCATs: 
Number of Temperature Recorders: 
Number of Amars: 
Attachment: 
Encoding: plain
========================================

$@MID@$: 2
Date: Fri, 04 Sep 2026 11:42:38 -0700
Reply to: 3
In reply to: 1
Event: 001
Station: HL_02
Instrument: RingNet
Attached: 
Number_of_Bottles: 
Flowmeter S/N: 
Flowmeter Start: 
Flowmeter End: 
Action: Bottom
Sounding: 0150.02
Sample ID: 526514
End_Sample_ID: 
Wire out: 
Wire Angle: 
Net Clogging: 
Wind Direction: 
Wind Speed (nm): 
Sky (condition): 
Swell Direction: 
Swell Height (M): 
Sea (Condition): 
Depth: 
Author: Patrick Upson
IMEI_No: 
WMO_No: 
S/N: 
Name: 
Comment: 
Time|Position: 2026-09-04 | 184209.99 | 44 15.998519 N | 63 19.024424 W
Cruise: NNA2026003
PI: Gina Doyle
Protocol: AZMP
Platform: CCGS Naalak Nappaaluk
Revisions: 04/Sep/2026 11:47:08
Mooring Number: 
Number of RCMs: 
Number of MicroCATs: 
Number of Temperature Recorders: 
Number of Amars: 
Attachment: 
Encoding: plain
========================================

$@MID@$: 3
Date: Fri, 04 Sep 2026 11:46:53 -0700
In reply to: 2
Event: 001
Station: HL_02
Instrument: RingNet
Attached: 
Number_of_Bottles: 
Flowmeter S/N: 
Flowmeter Start: 
Flowmeter End: 
Action: Recovered
Sounding: 0150.37
Sample ID: 526514
End_Sample_ID: 
Wire out: 
Wire Angle: 
Net Clogging: 
Wind Direction: 
Wind Speed (nm): 
Sky (condition): 
Swell Direction: 
Swell Height (M): 
Sea (Condition): 
Depth: 
Author: Patrick Upson
IMEI_No: 
WMO_No: 
S/N: 
Name: 
Comment: IML Net Cast
Time|Position: 2026-09-04 | 184624.49 | 44 15.982918 N | 63 19.043791 W
Cruise: NNA2026003
PI: Gina Doyle
Protocol: AZMP
Platform: CCGS Naalak Nappaaluk
Revisions: 05/Sep/2026 02:36:40
Mooring Number: 
Number of RCMs: 
Number of MicroCATs: 
Number of Temperature Recorders: 
Number of Amars: 
Attachment: 
Encoding: plain
========================================

$@MID@$: 4
Date: Fri, 04 Sep 2026 12:09:03 -0700
Reply to: 5
Event: 002
Station: HL_02
Instrument: RingNet
Attached: 202um
Number_of_Bottles: 
Flowmeter S/N: 
Flowmeter Start: 
Flowmeter End: 
Action: Deployed
Sounding: 0153.55
Sample ID: 
End_Sample_ID: 
Wire out: 143
Wire Angle: 
Net Clogging: 
Wind Direction: 
Wind Speed (nm): 
Sky (condition): 
Swell Direction: 
Swell Height (M): 
Sea (Condition): 
Depth: 
Author: Patrick Upson
IMEI_No: 
WMO_No: 
S/N: 
Name: 
Comment: NFLD Net Cast
Time|Position: 2026-09-04 | 190834.49 | 44 15.974056 N | 63 19.052196 W
Cruise: NNA2026003
PI: Gina Doyle
Protocol: AZMP
Platform: CCGS Naalak Nappaaluk
Revisions: 05/Sep/2026 02:38:38
Mooring Number: 
Number of RCMs: 
Number of MicroCATs: 
Number of Temperature Recorders: 
Number of Amars: 
Attachment: 
Encoding: plain
========================================

$@MID@$: 5
Date: Fri, 04 Sep 2026 12:14:11 -0700
Reply to: 6
In reply to: 4
Event: 002
Station: HL_02
Instrument: RingNet
Attached: 202um
Number_of_Bottles: 
Flowmeter S/N: 
Flowmeter Start: 
Flowmeter End: 
Action: Bottom
Sounding: 0152.21
Sample ID: 
End_Sample_ID: 
Wire out: 143
Wire Angle: 
Net Clogging: 
Wind Direction: 
Wind Speed (nm): 
Sky (condition): 
Swell Direction: 
Swell Height (M): 
Sea (Condition): 
Depth: 
Author: Patrick Upson
IMEI_No: 
WMO_No: 
S/N: 
Name: 
Comment: 
Time|Position: 2026-09-04 | 191342.99 | 44 15.946209 N | 63 19.054524 W
Cruise: NNA2026003
PI: Gina Doyle
Protocol: AZMP
Platform: CCGS Naalak Nappaaluk
Revisions: 05/Sep/2026 02:38:51
Mooring Number: 
Number of RCMs: 
Number of MicroCATs: 
Number of Temperature Recorders: 
Number of Amars: 
Attachment: 
Encoding: plain
========================================

$@MID@$: 6
Date: Fri, 04 Sep 2026 12:17:29 -0700
In reply to: 5
Event: 002
Station: HL_02
Instrument: RingNet
Attached: 202um
Number_of_Bottles: 
Flowmeter S/N: 
Flowmeter Start: 
Flowmeter End: 
Action: Recovered
Sounding: 0158.24
Sample ID: 
End_Sample_ID: 
Wire out: 143
Wire Angle: 
Net Clogging: 
Wind Direction: 
Wind Speed (nm): 
Sky (condition): 
Swell Direction: 
Swell Height (M): 
Sea (Condition): 
Depth: 
Author: Patrick Upson
IMEI_No: 
WMO_No: 
S/N: 
Name: 
Comment: 
Time|Position: 2026-09-04 | 191700.99 | 44 15.943770 N | 63 19.078178 W
Cruise: NNA2026003
PI: Gina Doyle
Protocol: AZMP
Platform: CCGS Naalak Nappaaluk
Revisions: 05/Sep/2026 02:39:01
Mooring Number: 
Number of RCMs: 
Number of MicroCATs: 
Number of Temperature Recorders: 
Number of Amars: 
Attachment: 
Encoding: plain
========================================

$@MID@$: 7
Date: Fri, 04 Sep 2026 13:29:32 -0700
Reply to: 8
Event: 003
Station: HL_02
Instrument: RingNet
Attached: 202um | Flowmeter
Number_of_Bottles: 
Flowmeter S/N: 
Flowmeter Start: 72234
Flowmeter End: 
Action: Deployed
Sounding: 0150.71
Sample ID: 526515
End_Sample_ID: 
Wire out: 
Wire Angle: 
Net Clogging: 
Wind Direction: 
Wind Speed (nm): 
Sky (condition): 
Swell Direction: 
Swell Height (M): 
Sea (Condition): 
Depth: 
Author: Ryan Doody
IMEI_No: 
WMO_No: 
S/N: 
Name: 
Comment: 
Time|Position: 2026-09-04 | 202903.99 | 44 15.940076 N | 63 19.092737 W
Cruise: NNA2026003
PI: Gina Doyle
Protocol: AZMP
Platform: CCGS Naalak Nappaaluk
Revisions: 05/Sep/2026 14:07:20
Mooring Number: 
Number of RCMs: 
Number of MicroCATs: 
Number of Temperature Recorders: 
Number of Amars: 
Attachment: 
Encoding: plain
========================================

$@MID@$: 8
Date: Fri, 04 Sep 2026 13:40:55 -0700
Reply to: 9
In reply to: 7
Event: 003
Station: HL_02
Instrument: RingNet
Attached: 202um | Flowmeter
Number_of_Bottles: 
Flowmeter S/N: 
Flowmeter Start: 72234
Flowmeter End: 
Action: Bottom
Sounding: 0156.55
Sample ID: 526515
End_Sample_ID: 
Wire out: 140
Wire Angle: 10
Net Clogging: 
Wind Direction: 
Wind Speed (nm): 
Sky (condition): 
Swell Direction: 
Swell Height (M): 
Sea (Condition): 
Depth: 
Author: Ryan Doody
IMEI_No: 
WMO_No: 
S/N: 
Name: 
Comment: 
Time|Position: 2026-09-04 | 204026.99 | 44 15.926750 N | 63 19.185531 W
Cruise: NNA2026003
PI: Gina Doyle
Protocol: AZMP
Platform: CCGS Naalak Nappaaluk
Revisions: 05/Sep/2026 14:08:17
Mooring Number: 
Number of RCMs: 
Number of MicroCATs: 
Number of Temperature Recorders: 
Number of Amars: 
Attachment: 
Encoding: plain
========================================

$@MID@$: 9
Date: Fri, 04 Sep 2026 13:44:01 -0700
In reply to: 8
Event: 003
Station: HL_02
Instrument: RingNet
Attached: 202um | Flowmeter
Number_of_Bottles: 
Flowmeter S/N: 
Flowmeter Start: 72234
Flowmeter End: 72673
Action: Recovered
Sounding: 0149.51
Sample ID: 526515
End_Sample_ID: 
Wire out: 140
Wire Angle: 10
Net Clogging: 
Wind Direction: 
Wind Speed (nm): 
Sky (condition): 
Swell Direction: 
Swell Height (M): 
Sea (Condition): 
Depth: 
Author: Ryan Doody
IMEI_No: 
WMO_No: 
S/N: 
Name: 
Comment: 
Time|Position: 2026-09-04 | 204332.99 | 44 15.917799 N | 63 19.200800 W
Cruise: NNA2026003
PI: Gina Doyle
Protocol: AZMP
Platform: CCGS Naalak Nappaaluk
Revisions: 05/Sep/2026 14:09:24
Mooring Number: 
Number of RCMs: 
Number of MicroCATs: 
Number of Temperature Recorders: 
Number of Amars: 
Attachment: 
Encoding: plain
========================================

$@MID@$: 10
Date: Fri, 04 Sep 2026 13:53:37 -0700
Reply to: 11
Event: 004
Station: HL_02
Instrument: RingNet
Attached: 76um | Flowmeter
Number_of_Bottles: 
Flowmeter S/N: 
Flowmeter Start: 10085
Flowmeter End: 
Action: Deployed
Sounding: 0153.78
Sample ID: 526516
End_Sample_ID: 
Wire out: 
Wire Angle: 
Net Clogging: 
Wind Direction: 
Wind Speed (nm): 
Sky (condition): 
Swell Direction: 
Swell Height (M): 
Sea (Condition): 
Depth: 
Author: Ryan Doody
IMEI_No: 
WMO_No: 
S/N: 
Name: 
Comment: 
Time|Position: 2026-09-04 | 205308.49 | 44 15.911683 N | 63 19.204059 W
Cruise: NNA2026003
PI: Gina Doyle
Protocol: AZMP
Platform: CCGS Naalak Nappaaluk
Revisions: 05/Sep/2026 14:10:08
Mooring Number: 
Number of RCMs: 
Number of MicroCATs: 
Number of Temperature Recorders: 
Number of Amars: 
Attachment: 
Encoding: plain
========================================

$@MID@$: 11
Date: Fri, 04 Sep 2026 13:57:49 -0700
Reply to: 12
In reply to: 10
Event: 004
Station: HL_02
Instrument: RingNet
Attached: 202um | Flowmeter
Number_of_Bottles: 
Flowmeter S/N: 
Flowmeter Start: 10085
Flowmeter End: 
Action: Bottom
Sounding: 0150.11
Sample ID: 526516
End_Sample_ID: 
Wire out: 140
Wire Angle: 0
Net Clogging: 
Wind Direction: 
Wind Speed (nm): 
Sky (condition): 
Swell Direction: 
Swell Height (M): 
Sea (Condition): 
Depth: 
Author: Ryan Doody
IMEI_No: 
WMO_No: 
S/N: 
Name: 
Comment: 
Time|Position: 2026-09-04 | 205720.49 | 44 15.904854 N | 63 19.228776 W
Cruise: NNA2026003
PI: Gina Doyle
Protocol: AZMP
Platform: CCGS Naalak Nappaaluk
Revisions: 05/Sep/2026 14:13:26
Mooring Number: 
Number of RCMs: 
Number of MicroCATs: 
Number of Temperature Recorders: 
Number of Amars: 
Attachment: 
Encoding: plain
========================================

$@MID@$: 12
Date: Fri, 04 Sep 2026 14:01:30 -0700
In reply to: 11
Event: 004
Station: HL_02
Instrument: RingNet
Attached: 202um | Flowmeter
Number_of_Bottles: 
Flowmeter S/N: 
Flowmeter Start: 10085
Flowmeter End: 10349
Action: Recovered
Sounding: 0152.53
Sample ID: 526516
End_Sample_ID: 
Wire out: 140
Wire Angle: 0
Net Clogging: 
Wind Direction: 
Wind Speed (nm): 
Sky (condition): 
Swell Direction: 
Swell Height (M): 
Sea (Condition): 
Depth: 
Author: Ryan Doody
IMEI_No: 
WMO_No: 
S/N: 
Name: 
Comment: 
Time|Position: 2026-09-04 | 210101.49 | 44 15.891701 N | 63 19.243286 W
Cruise: NNA2026003
PI: Gina Doyle
Protocol: AZMP
Platform: CCGS Naalak Nappaaluk
Revisions: 05/Sep/2026 14:14:05
Mooring Number: 
Number of RCMs: 
Number of MicroCATs: 
Number of Temperature Recorders: 
Number of Amars: 
Attachment: 
Encoding: plain
========================================

$@MID@$: 13
Date: Fri, 04 Sep 2026 14:24:22 -0700
Reply to: 14
Event: 005
Station: HL_02
Instrument: CTD
Attached: pH | SBE35
Number_of_Bottles: 
Flowmeter S/N: 
Flowmeter Start: 
Flowmeter End: 
Action: Deployed
Sounding: 0149.91
Sample ID: 526503
End_Sample_ID: 526513
Wire out: 
Wire Angle: 
Net Clogging: 
Wind Direction: 
Wind Speed (nm): 
Sky (condition): 
Swell Direction: 
Swell Height (M): 
Sea (Condition): 
Depth: 
Author: Ryan Doody
IMEI_No: 
WMO_No: 
S/N: 
Name: 
Comment: Seasave was not archiving for this CTD cast
Time|Position: 2026-09-04 | 212353.49 | 44 15.858408 N | 63 19.284739 W
Cruise: NNA2026003
PI: Gina Doyle
Protocol: AZMP
Platform: CCGS Naalak Nappaaluk
Revisions: 04/Sep/2026 21:42:00
Mooring Number: 
Number of RCMs: 
Number of MicroCATs: 
Number of Temperature Recorders: 
Number of Amars: 
Attachment: 
Encoding: plain
========================================

$@MID@$: 14
Date: Fri, 04 Sep 2026 14:34:31 -0700
Reply to: 15
In reply to: 13
Event: 005
Station: HL_02
Instrument: CTD
Attached: pH | SBE35
Number_of_Bottles: 
Flowmeter S/N: 
Flowmeter Start: 
Flowmeter End: 
Action: Bottom
Sounding: 0153.53
Sample ID: 526503
End_Sample_ID: 526513
Wire out: 
Wire Angle: 
Net Clogging: 
Wind Direction: 
Wind Speed (nm): 
Sky (condition): 
Swell Direction: 
Swell Height (M): 
Sea (Condition): 
Depth: 
Author: Ryan Doody
IMEI_No: 
WMO_No: 
S/N: 
Name: 
Comment: 
Time|Position: 2026-09-04 | 213402.99 | 44 15.826212 N | 63 19.349247 W
Cruise: NNA2026003
PI: Gina Doyle
Protocol: AZMP
Platform: CCGS Naalak Nappaaluk
Revisions: 
Mooring Number: 
Number of RCMs: 
Number of MicroCATs: 
Number of Temperature Recorders: 
Number of Amars: 
Attachment: 
Encoding: plain
========================================

$@MID@$: 15
Date: Fri, 04 Sep 2026 15:10:48 -0700
In reply to: 14
Event: 005
Station: HL_02
Instrument: CTD
Attached: pH | SBE35
Number_of_Bottles: 
Flowmeter S/N: 
Flowmeter Start: 
Flowmeter End: 
Action: Recovered
Sounding: 0164.31
Sample ID: 526503
End_Sample_ID: 526513
Wire out: 
Wire Angle: 
Net Clogging: 
Wind Direction: 
Wind Speed (nm): 
Sky (condition): 
Swell Direction: 
Swell Height (M): 
Sea (Condition): 
Depth: 
Author: Ryan Doody
IMEI_No: 
WMO_No: 
S/N: 
Name: 
Comment: 
Time|Position: 2026-09-04 | 221019.99 | 44 15.750624 N | 63 19.783881 W
Cruise: NNA2026003
PI: Gina Doyle
Protocol: AZMP
Platform: CCGS Naalak Nappaaluk
Revisions: 
Mooring Number: 
Number of RCMs: 
Number of MicroCATs: 
Number of Temperature Recorders: 
Number of Amars: 
Attachment: 
Encoding: plain
========================================

$@MID@$: 16
Date: Fri, 04 Sep 2026 19:29:32 -0700
Reply to: 17
Event: 006
Station: HL_03
Instrument: CTD
Attached: pH | SBE35
Number_of_Bottles: 
Flowmeter S/N: 
Flowmeter Start: 
Flowmeter End: 
Action: Deployed
Sounding: 0263.11
Sample ID: 526527
End_Sample_ID: 526538
Wire out: 
Wire Angle: 
Net Clogging: 
Wind Direction: 
Wind Speed (nm): 
Sky (condition): 
Swell Direction: 
Swell Height (M): 
Sea (Condition): 
Depth: 
Author: Ryan Doody
IMEI_No: 
WMO_No: 
S/N: 
Name: 
Comment: 
Time|Position: 2026-09-05 | 022903.99 | 43 52.996816 N | 62 52.976497 W
Cruise: NNA2026003
PI: Gina Doyle
Protocol: AZMP
Platform: CCGS Naalak Nappaaluk
Revisions: 
Mooring Number: 
Number of RCMs: 
Number of MicroCATs: 
Number of Temperature Recorders: 
Number of Amars: 
Attachment: 
Encoding: plain
========================================

$@MID@$: 17
Date: Fri, 04 Sep 2026 19:40:38 -0700
Reply to: 18
In reply to: 16
Event: 006
Station: HL_03
Instrument: CTD
Attached: pH | SBE35
Number_of_Bottles: 
Flowmeter S/N: 
Flowmeter Start: 
Flowmeter End: 
Action: Bottom
Sounding: 0262.29
Sample ID: 526527
End_Sample_ID: 526538
Wire out: 
Wire Angle: 
Net Clogging: 
Wind Direction: 
Wind Speed (nm): 
Sky (condition): 
Swell Direction: 
Swell Height (M): 
Sea (Condition): 
Depth: 
Author: Ryan Doody
IMEI_No: 
WMO_No: 
S/N: 
Name: 
Comment: 
Time|Position: 2026-09-05 | 024009.49 | 43 53.004528 N | 62 52.862515 W
Cruise: NNA2026003
PI: Gina Doyle
Protocol: AZMP
Platform: CCGS Naalak Nappaaluk
Revisions: 
Mooring Number: 
Number of RCMs: 
Number of MicroCATs: 
Number of Temperature Recorders: 
Number of Amars: 
Attachment: 
Encoding: plain
========================================

$@MID@$: 18
Date: Fri, 04 Sep 2026 20:12:20 -0700
In reply to: 17
Event: 006
Station: HL_03
Instrument: CTD
Attached: pH | SBE35
Number_of_Bottles: 
Flowmeter S/N: 
Flowmeter Start: 
Flowmeter End: 
Action: Recovered
Sounding: 0263.02
Sample ID: 526527
End_Sample_ID: 526538
Wire out: 
Wire Angle: 
Net Clogging: 
Wind Direction: 
Wind Speed (nm): 
Sky (condition): 
Swell Direction: 
Swell Height (M): 
Sea (Condition): 
Depth: 
Author: Ryan Doody
IMEI_No: 
WMO_No: 
S/N: 
Name: 
Comment: No net attempted. Hydrowire winch problems. Moved to next station after CTD. Looks like Seasave was not archiving for this event.
Time|Position: 2026-09-05 | 031151.99 | 43 53.008165 N | 62 52.458268 W
Cruise: NNA2026003
PI: Gina Doyle
Protocol: AZMP
Platform: CCGS Naalak Nappaaluk
Revisions: 04/Sep/2026 21:35:23
Mooring Number: 
Number of RCMs: 
Number of MicroCATs: 
Number of Temperature Recorders: 
Number of Amars: 
Attachment: 
Encoding: plain
========================================

$@MID@$: 19
Date: Fri, 04 Sep 2026 22:15:08 -0700
Reply to: 20
Event: 007
Station: HL_03.3
Instrument: CTD
Attached: pH | SBE35
Number_of_Bottles: 
Flowmeter S/N: 
Flowmeter Start: 
Flowmeter End: 
Action: Deployed
Sounding: 0207.58
Sample ID: 526540
End_Sample_ID: 526550
Wire out: 
Wire Angle: 
Net Clogging: 
Wind Direction: 
Wind Speed (nm): 
Sky (condition): 
Swell Direction: 
Swell Height (M): 
Sea (Condition): 
Depth: 
Author: Patrick Upson
IMEI_No: 
WMO_No: 
S/N: 
Name: 
Comment: 
Time|Position: 2026-09-05 | 051439.49 | 43 45.890919 N | 62 45.260889 W
Cruise: NNA2026003
PI: Gina Doyle
Protocol: AZMP
Platform: CCGS Naalak Nappaaluk
Revisions: 
Mooring Number: 
Number of RCMs: 
Number of MicroCATs: 
Number of Temperature Recorders: 
Number of Amars: 
Attachment: 
Encoding: plain
========================================

$@MID@$: 20
Date: Fri, 04 Sep 2026 22:26:35 -0700
Reply to: 21
In reply to: 19
Event: 007
Station: HL_03.3
Instrument: CTD
Attached: pH | SBE35
Number_of_Bottles: 
Flowmeter S/N: 
Flowmeter Start: 
Flowmeter End: 
Action: Bottom
Sounding: 0206.27
Sample ID: 526540
End_Sample_ID: 526550
Wire out: 
Wire Angle: 
Net Clogging: 
Wind Direction: 
Wind Speed (nm): 
Sky (condition): 
Swell Direction: 
Swell Height (M): 
Sea (Condition): 
Depth: 
Author: Patrick Upson
IMEI_No: 
WMO_No: 
S/N: 
Name: 
Comment: 
Time|Position: 2026-09-05 | 052607.49 | 43 45.958806 N | 62 45.183358 W
Cruise: NNA2026003
PI: Gina Doyle
Protocol: AZMP
Platform: CCGS Naalak Nappaaluk
Revisions: 
Mooring Number: 
Number of RCMs: 
Number of MicroCATs: 
Number of Temperature Recorders: 
Number of Amars: 
Attachment: 
Encoding: plain
========================================

$@MID@$: 21
Date: Fri, 04 Sep 2026 22:51:07 -0700
In reply to: 20
Event: 007
Station: HL_03.3
Instrument: CTD
Attached: pH | SBE35
Number_of_Bottles: 
Flowmeter S/N: 
Flowmeter Start: 
Flowmeter End: 
Action: Recovered
Sounding: 0206.94
Sample ID: 526540
End_Sample_ID: 526550
Wire out: 
Wire Angle: 
Net Clogging: 
Wind Direction: 
Wind Speed (nm): 
Sky (condition): 
Swell Direction: 
Swell Height (M): 
Sea (Condition): 
Depth: 
Author: Patrick Upson
IMEI_No: 
WMO_No: 
S/N: 
Name: 
Comment: Bottle 9 - 10m - did not close properly on bottom
Time|Position: 2026-09-05 | 055038.99 | 43 46.021564 N | 62 45.014527 W
Cruise: NNA2026003
PI: Gina Doyle
Protocol: AZMP
Platform: CCGS Naalak Nappaaluk
Revisions: 04/Sep/2026 22:57:14
Mooring Number: 
Number of RCMs: 
Number of MicroCATs: 
Number of Temperature Recorders: 
Number of Amars: 
Attachment: 
Encoding: plain
========================================

