$@MID@$: 1
Date: Wed, 22 Apr 2026 14:37:35 +0000
Reply to: 2
Event: 001
Station: HL_02
Instrument: CTD
Attached: pH
Number_of_Bottles: 
Flowmeter S/N: 
Flowmeter Start: 
Flowmeter End: 
Action: Deployed
Sounding: 146.88
Sample ID: 523015
End_Sample_ID: 523034
Wire out: 
Wire Angle: 
Net Clogging: 
Wind Direction: 
Wind Speed (nm): 
Sky (condition): 
Swell Direction: 
Swell Height (M): 
Sea (Condition): 
Depth: 
Author: Lisa Baxter
IMEI_No: 
WMO_No: 
S/N: 
Name: 
Comment: 
Time|Position: 2026-04-22 | 143735.0022 | 44 16.00002 N | 63 19.00164 W
Cruise: JC290
PI: Lindsay Beazley
Protocol: AZMP
Platform: James Cook
Revisions: 22/Apr/2026 18:23:21
Mooring Number: 
Number of RCMs: 
Number of MicroCATs: 
Number of Temperature Recorders: 
Number of Amars: 
Attachment: 
Encoding: plain
========================================

$@MID@$: 2
Date: Wed, 22 Apr 2026 14:56:42 +0000
Reply to: 3
In reply to: 1
Event: 001
Station: HL_02
Instrument: CTD
Attached: pH
Number_of_Bottles: 
Flowmeter S/N: 
Flowmeter Start: 
Flowmeter End: 
Action: Bottom
Sounding: 143.45
Sample ID: 523015
End_Sample_ID: 523034
Wire out: 
Wire Angle: 
Net Clogging: 
Wind Direction: 
Wind Speed (nm): 
Sky (condition): 
Swell Direction: 
Swell Height (M): 
Sea (Condition): 
Depth: 
Author: Lisa Baxter
IMEI_No: 
WMO_No: 
S/N: 
Name: 
Comment: 
Time|Position: 2026-04-22 | 145642.0017 | 44 15.99967 N | 63 19.00156 W
Cruise: JC290
PI: Lindsay Beazley
Protocol: AZMP
Platform: James Cook
Revisions: 22/Apr/2026 18:24:26
Mooring Number: 
Number of RCMs: 
Number of MicroCATs: 
Number of Temperature Recorders: 
Number of Amars: 
Attachment: 
Encoding: plain
========================================

$@MID@$: 3
Date: Wed, 22 Apr 2026 15:30:14 +0000
In reply to: 2
Event: 001
Station: HL_02
Instrument: CTD
Attached: pH
Number_of_Bottles: 
Flowmeter S/N: 
Flowmeter Start: 
Flowmeter End: 
Action: Recovered
Sounding: 146.29
Sample ID: 523015
End_Sample_ID: 523034
Wire out: 
Wire Angle: 
Net Clogging: 
Wind Direction: 
Wind Speed (nm): 
Sky (condition): 
Swell Direction: 
Swell Height (M): 
Sea (Condition): 
Depth: 
Author: Lisa Baxter
IMEI_No: 
WMO_No: 
S/N: 
Name: 
Comment: 
Time|Position: 2026-04-22 | 153014.0018 | 44 15.99933 N | 63 19.00140 W
Cruise: JC290
PI: Lindsay Beazley
Protocol: AZMP
Platform: James Cook
Revisions: 22/Apr/2026 18:25:24
Mooring Number: 
Number of RCMs: 
Number of MicroCATs: 
Number of Temperature Recorders: 
Number of Amars: 
Attachment: 
Encoding: plain
========================================

$@MID@$: 4
Date: Wed, 22 Apr 2026 15:54:51 +0000
Reply to: 5
Event: 002
Station: HL_02
Instrument: RingNet
Attached: 202um | Flowmeter
Number_of_Bottles: 
Flowmeter S/N: 
Flowmeter Start: 
Flowmeter End: 
Action: Deployed
Sounding: 146
Sample ID: 523035
End_Sample_ID: 
Wire out: 
Wire Angle: 
Net Clogging: 
Wind Direction: 
Wind Speed (nm): 
Sky (condition): 
Swell Direction: 
Swell Height (M): 
Sea (Condition): 
Depth: 
Author: Lindsay Beazley
IMEI_No: 
WMO_No: 
S/N: 
Name: 
Comment: 
Time|Position: 2026-04-22 | 155451.0042 | 44 15.99555 N | 63 19.00667 W
Cruise: JC290
PI: Lindsay Beazley
Protocol: AZMP
Platform: James Cook
Revisions: 22/Apr/2026 18:29:28
Mooring Number: 
Number of RCMs: 
Number of MicroCATs: 
Number of Temperature Recorders: 
Number of Amars: 
Attachment: 
Encoding: plain
========================================

$@MID@$: 5
Date: Wed, 22 Apr 2026 16:00:13 +0000
Reply to: 6
In reply to: 4
Event: 002
Station: HL_02
Instrument: RingNet
Attached: 202um | Flowmeter
Number_of_Bottles: 
Flowmeter S/N: 
Flowmeter Start: 
Flowmeter End: 
Action: Bottom
Sounding: 146
Sample ID: 523035
End_Sample_ID: 
Wire out: 144
Wire Angle: 
Net Clogging: 
Wind Direction: 
Wind Speed (nm): 
Sky (condition): 
Swell Direction: 
Swell Height (M): 
Sea (Condition): 
Depth: 
Author: Lindsay Beazley
IMEI_No: 
WMO_No: 
S/N: 
Name: 
Comment: 
Time|Position: 2026-04-22 | 160013.0048 | 44 15.97083 N | 63 19.04235 W
Cruise: JC290
PI: Lindsay Beazley
Protocol: AZMP
Platform: James Cook
Revisions: 22/Apr/2026 18:29:45
Mooring Number: 
Number of RCMs: 
Number of MicroCATs: 
Number of Temperature Recorders: 
Number of Amars: 
Attachment: 
Encoding: plain
========================================

$@MID@$: 6
Date: Wed, 22 Apr 2026 16:03:12 +0000
In reply to: 5
Event: 002
Station: HL_02
Instrument: RingNet
Attached: 202um | Flowmeter
Number_of_Bottles: 
Flowmeter S/N: 
Flowmeter Start: 53325
Flowmeter End: 53335
Action: Recovered
Sounding: 146
Sample ID: 523035
End_Sample_ID: 
Wire out: 144
Wire Angle: 0
Net Clogging: 
Wind Direction: 
Wind Speed (nm): 
Sky (condition): 
Swell Direction: 
Swell Height (M): 
Sea (Condition): 
Depth: 
Author: Lindsay Beazley
IMEI_No: 
WMO_No: 
S/N: 
Name: 
Comment: 
Time|Position: 2026-04-22 | 160312.0100 | 44 15.95673 N | 63 19.06202 W
Cruise: JC290
PI: Lindsay Beazley
Protocol: AZMP
Platform: James Cook
Revisions: 22/Apr/2026 18:30:13
Mooring Number: 
Number of RCMs: 
Number of MicroCATs: 
Number of Temperature Recorders: 
Number of Amars: 
Attachment: 
Encoding: plain
========================================

$@MID@$: 7
Date: Wed, 22 Apr 2026 16:08:58 +0000
Reply to: 8
Event: 003
Station: HL_02
Instrument: RingNet
Attached: 76um | Flowmeter
Number_of_Bottles: 
Flowmeter S/N: 
Flowmeter Start: 03194
Flowmeter End: 
Action: Deployed
Sounding: 146
Sample ID: 523036
End_Sample_ID: 
Wire out: 
Wire Angle: 
Net Clogging: 
Wind Direction: 
Wind Speed (nm): 
Sky (condition): 
Swell Direction: 
Swell Height (M): 
Sea (Condition): 
Depth: 
Author: Lindsay Beazley
IMEI_No: 
WMO_No: 
S/N: 
Name: 
Comment: 
Time|Position: 2026-04-22 | 160858.0021 | 44 15.94774 N | 63 19.07548 W
Cruise: JC290
PI: Lindsay Beazley
Protocol: AZMP
Platform: James Cook
Revisions: 22/Apr/2026 18:30:58
Mooring Number: 
Number of RCMs: 
Number of MicroCATs: 
Number of Temperature Recorders: 
Number of Amars: 
Attachment: 
Encoding: plain
========================================

$@MID@$: 8
Date: Wed, 22 Apr 2026 16:14:02 +0000
Reply to: 9
In reply to: 7
Event: 003
Station: HL_02
Instrument: RingNet
Attached: 76um | Flowmeter
Number_of_Bottles: 
Flowmeter S/N: 
Flowmeter Start: 03194
Flowmeter End: 
Action: Bottom
Sounding: 146
Sample ID: 523036
End_Sample_ID: 
Wire out: 138
Wire Angle: 5
Net Clogging: 
Wind Direction: 
Wind Speed (nm): 
Sky (condition): 
Swell Direction: 
Swell Height (M): 
Sea (Condition): 
Depth: 
Author: Lindsay Beazley
IMEI_No: 
WMO_No: 
S/N: 
Name: 
Comment: 
Time|Position: 2026-04-22 | 161402.0002 | 44 15.93301 N | 63 19.09713 W
Cruise: JC290
PI: Lindsay Beazley
Protocol: AZMP
Platform: James Cook
Revisions: 22/Apr/2026 18:32:05
Mooring Number: 
Number of RCMs: 
Number of MicroCATs: 
Number of Temperature Recorders: 
Number of Amars: 
Attachment: 
Encoding: plain
========================================

$@MID@$: 9
Date: Wed, 22 Apr 2026 16:19:27 +0000
In reply to: 8
Event: 003
Station: HL_02
Instrument: RingNet
Attached: 76um | Flowmeter
Number_of_Bottles: 
Flowmeter S/N: 
Flowmeter Start: 
Flowmeter End: 03195
Action: Recovered
Sounding: 146
Sample ID: 523036
End_Sample_ID: 
Wire out: 138
Wire Angle: 5
Net Clogging: 
Wind Direction: 
Wind Speed (nm): 
Sky (condition): 
Swell Direction: 
Swell Height (M): 
Sea (Condition): 
Depth: 
Author: Lindsay Beazley
IMEI_No: 
WMO_No: 
S/N: 
Name: 
Comment: 
Time|Position: 2026-04-22 | 161927.0027 | 44 15.91457 N | 63 19.12409 W
Cruise: JC290
PI: Lindsay Beazley
Protocol: AZMP
Platform: James Cook
Revisions: 22/Apr/2026 18:31:46
Mooring Number: 
Number of RCMs: 
Number of MicroCATs: 
Number of Temperature Recorders: 
Number of Amars: 
Attachment: 
Encoding: plain
========================================

$@MID@$: 10
Date: Wed, 22 Apr 2026 16:25:12 +0000
Reply to: 11
Event: 004
Station: HL_02
Instrument: Secchi Disk
Attached: 
Number_of_Bottles: 
Flowmeter S/N: 
Flowmeter Start: 
Flowmeter End: 
Action: Deployed
Sounding: 145
Sample ID: 
End_Sample_ID: 
Wire out: 
Wire Angle: 
Net Clogging: 
Wind Direction: 
Wind Speed (nm): 
Sky (condition): 
Swell Direction: 
Swell Height (M): 
Sea (Condition): 
Depth: 8.2
Author: Rebecca Milne
IMEI_No: 
WMO_No: 
S/N: 
Name: 
Comment: 
Time|Position: 2026-04-22 | 162512.0007 | 44 15.91648 N | 63 19.12155 W
Cruise: JC290
PI: Lindsay Beazley
Protocol: AZMP
Platform: James Cook
Revisions: 22/Apr/2026 18:33:07
Mooring Number: 
Number of RCMs: 
Number of MicroCATs: 
Number of Temperature Recorders: 
Number of Amars: 
Attachment: 
Encoding: plain
========================================

$@MID@$: 11
Date: Wed, 22 Apr 2026 16:25:42 +0000
In reply to: 10
Event: 004
Station: HL_02
Instrument: Secchi Disk
Attached: 
Number_of_Bottles: 
Flowmeter S/N: 
Flowmeter Start: 
Flowmeter End: 
Action: Recovered
Sounding: 145
Sample ID: 
End_Sample_ID: 
Wire out: 
Wire Angle: 
Net Clogging: 
Wind Direction: 
Wind Speed (nm): 
Sky (condition): 
Swell Direction: 
Swell Height (M): 
Sea (Condition): 
Depth: 8.2
Author: Rebecca Milne
IMEI_No: 
WMO_No: 
S/N: 
Name: 
Comment: 
Time|Position: 2026-04-22 | 162541.0023 | 44 15.91647 N | 63 19.12157 W
Cruise: JC290
PI: Lindsay Beazley
Protocol: AZMP
Platform: James Cook
Revisions: 22/Apr/2026 18:33:00
Mooring Number: 
Number of RCMs: 
Number of MicroCATs: 
Number of Temperature Recorders: 
Number of Amars: 
Attachment: 
Encoding: plain
========================================

