$@MID@$: 106
Date: Sat, 25 Apr 2026 13:59:57 +0000
Reply to: 107
Event: 037
Station: HL_01
Instrument: CTD
Attached: pH
Number_of_Bottles: 
Flowmeter S/N: 
Flowmeter Start: 
Flowmeter End: 
Action: Deployed
Sounding: 89.25
Sample ID: 523322
End_Sample_ID: 523338
Wire out: 
Wire Angle: 
Net Clogging: 
Wind Direction: 
Wind Speed (nm): 
Sky (condition): 
Swell Direction: 
Swell Height (M): 
Sea (Condition): 
Depth: 
Author: Lisa Baxter
IMEI_No: 
WMO_No: 
S/N: 
Name: 
Comment: 
Time|Position: 2026-04-25 | 135957.0007 | 44 23.95307 N | 63 27.02149 W
Cruise: JC290
PI: Lindsay Beazley
Protocol: AZMP
Platform: James Cook
Revisions: 
Mooring Number: 
Number of RCMs: 
Number of MicroCATs: 
Number of Temperature Recorders: 
Number of Amars: 
Attachment: 
Encoding: plain
========================================

$@MID@$: 107
Date: Sat, 25 Apr 2026 14:08:25 +0000
Reply to: 108
In reply to: 106
Event: 037
Station: HL_01
Instrument: CTD
Attached: pH
Number_of_Bottles: 
Flowmeter S/N: 
Flowmeter Start: 
Flowmeter End: 
Action: Bottom
Sounding: 83.86
Sample ID: 523322
End_Sample_ID: 523338
Wire out: 
Wire Angle: 
Net Clogging: 
Wind Direction: 
Wind Speed (nm): 
Sky (condition): 
Swell Direction: 
Swell Height (M): 
Sea (Condition): 
Depth: 
Author: Lisa Baxter
IMEI_No: 
WMO_No: 
S/N: 
Name: 
Comment: 
Time|Position: 2026-04-25 | 140825.0033 | 44 23.95343 N | 63 27.02285 W
Cruise: JC290
PI: Lindsay Beazley
Protocol: AZMP
Platform: James Cook
Revisions: 
Mooring Number: 
Number of RCMs: 
Number of MicroCATs: 
Number of Temperature Recorders: 
Number of Amars: 
Attachment: 
Encoding: plain
========================================

$@MID@$: 108
Date: Sat, 25 Apr 2026 14:24:29 +0000
In reply to: 107
Event: 037
Station: HL_01
Instrument: CTD
Attached: pH
Number_of_Bottles: 
Flowmeter S/N: 
Flowmeter Start: 
Flowmeter End: 
Action: Recovered
Sounding: 84.48
Sample ID: 523322
End_Sample_ID: 523338
Wire out: 
Wire Angle: 
Net Clogging: 
Wind Direction: 
Wind Speed (nm): 
Sky (condition): 
Swell Direction: 
Swell Height (M): 
Sea (Condition): 
Depth: 
Author: Lisa Baxter
IMEI_No: 
WMO_No: 
S/N: 
Name: 
Comment: 
Time|Position: 2026-04-25 | 142429.0042 | 44 23.95389 N | 63 27.02305 W
Cruise: JC290
PI: Lindsay Beazley
Protocol: AZMP
Platform: James Cook
Revisions: 
Mooring Number: 
Number of RCMs: 
Number of MicroCATs: 
Number of Temperature Recorders: 
Number of Amars: 
Attachment: 
Encoding: plain
========================================

$@MID@$: 109
Date: Sat, 25 Apr 2026 14:34:36 +0000
Reply to: 110
Event: 038
Station: HL_01
Instrument: RingNet
Attached: 202um | Flowmeter
Number_of_Bottles: 
Flowmeter S/N: 
Flowmeter Start: 62789
Flowmeter End: 
Action: Deployed
Sounding: 84.49
Sample ID: 523339
End_Sample_ID: 
Wire out: 
Wire Angle: 
Net Clogging: 
Wind Direction: 
Wind Speed (nm): 
Sky (condition): 
Swell Direction: 
Swell Height (M): 
Sea (Condition): 
Depth: 
Author: Lindsay Beazley
IMEI_No: 
WMO_No: 
S/N: 
Name: 
Comment: 
Time|Position: 2026-04-25 | 143435.0004 | 44 23.95404 N | 63 27.02433 W
Cruise: JC290
PI: Lindsay Beazley
Protocol: AZMP
Platform: James Cook
Revisions: 
Mooring Number: 
Number of RCMs: 
Number of MicroCATs: 
Number of Temperature Recorders: 
Number of Amars: 
Attachment: 
Encoding: plain
========================================

$@MID@$: 110
Date: Sat, 25 Apr 2026 14:37:07 +0000
Reply to: 111
In reply to: 109
Event: 038
Station: HL_01
Instrument: RingNet
Attached: 202um | Flowmeter
Number_of_Bottles: 
Flowmeter S/N: 
Flowmeter Start: 62789
Flowmeter End: 
Action: Bottom
Sounding: 85.45
Sample ID: 523339
End_Sample_ID: 
Wire out: 75
Wire Angle: 
Net Clogging: 
Wind Direction: 
Wind Speed (nm): 
Sky (condition): 
Swell Direction: 
Swell Height (M): 
Sea (Condition): 
Depth: 
Author: Lindsay Beazley
IMEI_No: 
WMO_No: 
S/N: 
Name: 
Comment: 
Time|Position: 2026-04-25 | 143707.0015 | 44 23.95379 N | 63 27.02350 W
Cruise: JC290
PI: Lindsay Beazley
Protocol: AZMP
Platform: James Cook
Revisions: 
Mooring Number: 
Number of RCMs: 
Number of MicroCATs: 
Number of Temperature Recorders: 
Number of Amars: 
Attachment: 
Encoding: plain
========================================

$@MID@$: 111
Date: Sat, 25 Apr 2026 14:41:11 +0000
In reply to: 110
Event: 038
Station: HL_01
Instrument: RingNet
Attached: 202um | Flowmeter
Number_of_Bottles: 
Flowmeter S/N: 
Flowmeter Start: 62789
Flowmeter End: 62949
Action: Recovered
Sounding: 84.89
Sample ID: 523339
End_Sample_ID: 
Wire out: 75
Wire Angle: 
Net Clogging: 
Wind Direction: 
Wind Speed (nm): 
Sky (condition): 
Swell Direction: 
Swell Height (M): 
Sea (Condition): 
Depth: 
Author: Lindsay Beazley
IMEI_No: 
WMO_No: 
S/N: 
Name: 
Comment: 
Time|Position: 2026-04-25 | 144111.0027 | 44 23.95415 N | 63 27.02428 W
Cruise: JC290
PI: Lindsay Beazley
Protocol: AZMP
Platform: James Cook
Revisions: 
Mooring Number: 
Number of RCMs: 
Number of MicroCATs: 
Number of Temperature Recorders: 
Number of Amars: 
Attachment: 
Encoding: plain
========================================

$@MID@$: 112
Date: Sat, 25 Apr 2026 17:52:20 +0000
Reply to: 113
Event: 039
Station: HL_02
Instrument: CTD
Attached: pH
Number_of_Bottles: 
Flowmeter S/N: 
Flowmeter Start: 
Flowmeter End: 
Action: Deployed
Sounding: 158.98
Sample ID: 523340
End_Sample_ID: 523359
Wire out: 
Wire Angle: 
Net Clogging: 
Wind Direction: 
Wind Speed (nm): 
Sky (condition): 
Swell Direction: 
Swell Height (M): 
Sea (Condition): 
Depth: 
Author: Lisa Baxter
IMEI_No: 
WMO_No: 
S/N: 
Name: 
Comment: 
Time|Position: 2026-04-25 | 175220.0037 | 44 15.99515 N | 63 19.02858 W
Cruise: JC290
PI: Lindsay Beazley
Protocol: AZMP
Platform: James Cook
Revisions: 
Mooring Number: 
Number of RCMs: 
Number of MicroCATs: 
Number of Temperature Recorders: 
Number of Amars: 
Attachment: 
Encoding: plain
========================================

$@MID@$: 113
Date: Sat, 25 Apr 2026 18:05:00 +0000
Reply to: 114
In reply to: 112
Event: 039
Station: HL_02
Instrument: CTD
Attached: pH
Number_of_Bottles: 
Flowmeter S/N: 
Flowmeter Start: 
Flowmeter End: 
Action: Bottom
Sounding: 160.80
Sample ID: 523340
End_Sample_ID: 523359
Wire out: 
Wire Angle: 
Net Clogging: 
Wind Direction: 
Wind Speed (nm): 
Sky (condition): 
Swell Direction: 
Swell Height (M): 
Sea (Condition): 
Depth: 
Author: Lisa Baxter
IMEI_No: 
WMO_No: 
S/N: 
Name: 
Comment: 
Time|Position: 2026-04-25 | 180500.0044 | 44 15.99600 N | 63 19.02935 W
Cruise: JC290
PI: Lindsay Beazley
Protocol: AZMP
Platform: James Cook
Revisions: 
Mooring Number: 
Number of RCMs: 
Number of MicroCATs: 
Number of Temperature Recorders: 
Number of Amars: 
Attachment: 
Encoding: plain
========================================

$@MID@$: 114
Date: Sat, 25 Apr 2026 18:28:14 +0000
In reply to: 113
Event: 039
Station: HL_02
Instrument: CTD
Attached: pH
Number_of_Bottles: 
Flowmeter S/N: 
Flowmeter Start: 
Flowmeter End: 
Action: Recovered
Sounding: 158.87
Sample ID: 523340
End_Sample_ID: 523359
Wire out: 
Wire Angle: 
Net Clogging: 
Wind Direction: 
Wind Speed (nm): 
Sky (condition): 
Swell Direction: 
Swell Height (M): 
Sea (Condition): 
Depth: 
Author: Lisa Baxter
IMEI_No: 
WMO_No: 
S/N: 
Name: 
Comment: 
Time|Position: 2026-04-25 | 182814.0041 | 44 15.99544 N | 63 19.02933 W
Cruise: JC290
PI: Lindsay Beazley
Protocol: AZMP
Platform: James Cook
Revisions: 
Mooring Number: 
Number of RCMs: 
Number of MicroCATs: 
Number of Temperature Recorders: 
Number of Amars: 
Attachment: 
Encoding: plain
========================================

$@MID@$: 115
Date: Sat, 25 Apr 2026 18:40:13 +0000
Reply to: 116
Event: 040
Station: HL_02
Instrument: RingNet
Attached: 202um | Flowmeter
Number_of_Bottles: 
Flowmeter S/N: 
Flowmeter Start: 62949
Flowmeter End: 
Action: Deployed
Sounding: 158.72
Sample ID: 523360
End_Sample_ID: 
Wire out: 
Wire Angle: 
Net Clogging: 
Wind Direction: 
Wind Speed (nm): 
Sky (condition): 
Swell Direction: 
Swell Height (M): 
Sea (Condition): 
Depth: 
Author: Lindsay Beazley
IMEI_No: 
WMO_No: 
S/N: 
Name: 
Comment: 
Time|Position: 2026-04-25 | 184013.0048 | 44 15.99533 N | 63 19.02676 W
Cruise: JC290
PI: Lindsay Beazley
Protocol: AZMP
Platform: James Cook
Revisions: 
Mooring Number: 
Number of RCMs: 
Number of MicroCATs: 
Number of Temperature Recorders: 
Number of Amars: 
Attachment: 
Encoding: plain
========================================

$@MID@$: 116
Date: Sat, 25 Apr 2026 18:46:44 +0000
Reply to: 117
In reply to: 115
Event: 040
Station: HL_02
Instrument: RingNet
Attached: 202um | Flowmeter
Number_of_Bottles: 
Flowmeter S/N: 
Flowmeter Start: 62949
Flowmeter End: 
Action: Bottom
Sounding: 158.83
Sample ID: 523360
End_Sample_ID: 
Wire out: 149
Wire Angle: 
Net Clogging: 
Wind Direction: 
Wind Speed (nm): 
Sky (condition): 
Swell Direction: 
Swell Height (M): 
Sea (Condition): 
Depth: 
Author: Lindsay Beazley
IMEI_No: 
WMO_No: 
S/N: 
Name: 
Comment: 
Time|Position: 2026-04-25 | 184644.0018 | 44 16.00217 N | 63 19.08286 W
Cruise: JC290
PI: Lindsay Beazley
Protocol: AZMP
Platform: James Cook
Revisions: 
Mooring Number: 
Number of RCMs: 
Number of MicroCATs: 
Number of Temperature Recorders: 
Number of Amars: 
Attachment: 
Encoding: plain
========================================

$@MID@$: 117
Date: Sat, 25 Apr 2026 18:51:05 +0000
In reply to: 116
Event: 040
Station: HL_02
Instrument: RingNet
Attached: 202um | Flowmeter
Number_of_Bottles: 
Flowmeter S/N: 
Flowmeter Start: 62949
Flowmeter End: 63324
Action: Recovered
Sounding: 159.56
Sample ID: 523360
End_Sample_ID: 
Wire out: 149
Wire Angle: 0
Net Clogging: 
Wind Direction: 
Wind Speed (nm): 
Sky (condition): 
Swell Direction: 
Swell Height (M): 
Sea (Condition): 
Depth: 
Author: Lindsay Beazley
IMEI_No: 
WMO_No: 
S/N: 
Name: 
Comment: 
Time|Position: 2026-04-25 | 185105.0014 | 44 16.00634 N | 63 19.11487 W
Cruise: JC290
PI: Lindsay Beazley
Protocol: AZMP
Platform: James Cook
Revisions: 25/Apr/2026 18:57:00
Mooring Number: 
Number of RCMs: 
Number of MicroCATs: 
Number of Temperature Recorders: 
Number of Amars: 
Attachment: 
Encoding: plain
========================================

$@MID@$: 118
Date: Sat, 25 Apr 2026 18:53:27 +0000
Reply to: 119
Event: 041
Station: HL_02
Instrument: RingNet
Attached: 76um | Flowmeter
Number_of_Bottles: 
Flowmeter S/N: 
Flowmeter Start: 03214
Flowmeter End: 
Action: Deployed
Sounding: 159.65
Sample ID: 523361
End_Sample_ID: 
Wire out: 
Wire Angle: 
Net Clogging: 
Wind Direction: 
Wind Speed (nm): 
Sky (condition): 
Swell Direction: 
Swell Height (M): 
Sea (Condition): 
Depth: 
Author: Lindsay Beazley
IMEI_No: 
WMO_No: 
S/N: 
Name: 
Comment: 
Time|Position: 2026-04-25 | 185327.0025 | 44 16.00657 N | 63 19.11497 W
Cruise: JC290
PI: Lindsay Beazley
Protocol: AZMP
Platform: James Cook
Revisions: 25/Apr/2026 20:08:11
Mooring Number: 
Number of RCMs: 
Number of MicroCATs: 
Number of Temperature Recorders: 
Number of Amars: 
Attachment: 
Encoding: plain
========================================

$@MID@$: 119
Date: Sat, 25 Apr 2026 18:58:03 +0000
Reply to: 120
In reply to: 118
Event: 041
Station: HL_02
Instrument: RingNet
Attached: 76um | Flowmeter
Number_of_Bottles: 
Flowmeter S/N: 
Flowmeter Start: 03214
Flowmeter End: 
Action: Bottom
Sounding: 159.78
Sample ID: 523361
End_Sample_ID: 
Wire out: 149
Wire Angle: 
Net Clogging: 
Wind Direction: 
Wind Speed (nm): 
Sky (condition): 
Swell Direction: 
Swell Height (M): 
Sea (Condition): 
Depth: 
Author: Lindsay Beazley
IMEI_No: 
WMO_No: 
S/N: 
Name: 
Comment: 
Time|Position: 2026-04-25 | 185803.0022 | 44 16.00639 N | 63 19.11683 W
Cruise: JC290
PI: Lindsay Beazley
Protocol: AZMP
Platform: James Cook
Revisions: 25/Apr/2026 20:10:06
Mooring Number: 
Number of RCMs: 
Number of MicroCATs: 
Number of Temperature Recorders: 
Number of Amars: 
Attachment: 
Encoding: plain
========================================

$@MID@$: 120
Date: Sat, 25 Apr 2026 19:02:52 +0000
In reply to: 119
Event: 041
Station: HL_02
Instrument: RingNet
Attached: 76um | Flowmeter
Number_of_Bottles: 
Flowmeter S/N: 
Flowmeter Start: 03214
Flowmeter End: 03454
Action: Recovered
Sounding: 159.81
Sample ID: 523361
End_Sample_ID: 
Wire out: 149
Wire Angle: 
Net Clogging: 
Wind Direction: 
Wind Speed (nm): 
Sky (condition): 
Swell Direction: 
Swell Height (M): 
Sea (Condition): 
Depth: 
Author: Lindsay Beazley
IMEI_No: 
WMO_No: 
S/N: 
Name: 
Comment: 
Time|Position: 2026-04-25 | 190252.0044 | 44 16.00655 N | 63 19.11661 W
Cruise: JC290
PI: Lindsay Beazley
Protocol: AZMP
Platform: James Cook
Revisions: 25/Apr/2026 20:09:45
Mooring Number: 
Number of RCMs: 
Number of MicroCATs: 
Number of Temperature Recorders: 
Number of Amars: 
Attachment: 
Encoding: plain
========================================

$@MID@$: 121
Date: Sat, 25 Apr 2026 19:07:48 +0000
Reply to: 122
Event: 042
Station: HL_02
Instrument: Secchi Disk
Attached: 
Number_of_Bottles: 
Flowmeter S/N: 
Flowmeter Start: 
Flowmeter End: 
Action: Deployed
Sounding: 159.60
Sample ID: 
End_Sample_ID: 
Wire out: 
Wire Angle: 
Net Clogging: 
Wind Direction: 
Wind Speed (nm): 
Sky (condition): 
Swell Direction: 
Swell Height (M): 
Sea (Condition): 
Depth: 15
Author: Lindsay Beazley
IMEI_No: 
WMO_No: 
S/N: 
Name: 
Comment: 
Time|Position: 2026-04-25 | 190748.0046 | 44 16.00657 N | 63 19.11740 W
Cruise: JC290
PI: Lindsay Beazley
Protocol: AZMP
Platform: James Cook
Revisions: 
Mooring Number: 
Number of RCMs: 
Number of MicroCATs: 
Number of Temperature Recorders: 
Number of Amars: 
Attachment: 
Encoding: plain
========================================

$@MID@$: 122
Date: Sat, 25 Apr 2026 19:08:11 +0000
In reply to: 121
Event: 042
Station: HL_02
Instrument: Secchi Disk
Attached: 
Number_of_Bottles: 
Flowmeter S/N: 
Flowmeter Start: 
Flowmeter End: 
Action: Recovered
Sounding: 159.73
Sample ID: 
End_Sample_ID: 
Wire out: 
Wire Angle: 
Net Clogging: 
Wind Direction: 
Wind Speed (nm): 
Sky (condition): 
Swell Direction: 
Swell Height (M): 
Sea (Condition): 
Depth: 15
Author: Lindsay Beazley
IMEI_No: 
WMO_No: 
S/N: 
Name: 
Comment: Lost the secchi disk and weight during recovery.
Time|Position: 2026-04-25 | 190811.0021 | 44 16.00661 N | 63 19.11757 W
Cruise: JC290
PI: Lindsay Beazley
Protocol: AZMP
Platform: James Cook
Revisions: 25/Apr/2026 20:14:45
Mooring Number: 
Number of RCMs: 
Number of MicroCATs: 
Number of Temperature Recorders: 
Number of Amars: 
Attachment: 
Encoding: plain
========================================

$@MID@$: 123
Date: Sat, 25 Apr 2026 22:16:36 +0000
Reply to: 124
Event: 043
Station: HL_03
Instrument: CTD
Attached: pH
Number_of_Bottles: 
Flowmeter S/N: 
Flowmeter Start: 
Flowmeter End: 
Action: Deployed
Sounding: 270.67
Sample ID: 523362
End_Sample_ID: 523374
Wire out: 
Wire Angle: 
Net Clogging: 
Wind Direction: 
Wind Speed (nm): 
Sky (condition): 
Swell Direction: 
Swell Height (M): 
Sea (Condition): 
Depth: 
Author: Meng Ji
IMEI_No: 
WMO_No: 
S/N: 
Name: 
Comment: 
Time|Position: 2026-04-25 | 221636.0001 | 43 52.99422 N | 62 52.99253 W
Cruise: JC290
PI: Lindsay Beazley
Protocol: AZMP
Platform: James Cook
Revisions: 
Mooring Number: 
Number of RCMs: 
Number of MicroCATs: 
Number of Temperature Recorders: 
Number of Amars: 
Attachment: 
Encoding: plain
========================================

$@MID@$: 124
Date: Sat, 25 Apr 2026 22:34:02 +0000
Reply to: 125
In reply to: 123
Event: 043
Station: HL_03
Instrument: CTD
Attached: pH
Number_of_Bottles: 
Flowmeter S/N: 
Flowmeter Start: 
Flowmeter End: 
Action: Bottom
Sounding: 270.39
Sample ID: 523362
End_Sample_ID: 523374
Wire out: 
Wire Angle: 
Net Clogging: 
Wind Direction: 
Wind Speed (nm): 
Sky (condition): 
Swell Direction: 
Swell Height (M): 
Sea (Condition): 
Depth: 
Author: Meng Ji
IMEI_No: 
WMO_No: 
S/N: 
Name: 
Comment: SUNA not working. Stuck at -24. Not redeploying.
Time|Position: 2026-04-25 | 223402.0012 | 43 52.99390 N | 62 52.99332 W
Cruise: JC290
PI: Lindsay Beazley
Protocol: AZMP
Platform: James Cook
Revisions: 
Mooring Number: 
Number of RCMs: 
Number of MicroCATs: 
Number of Temperature Recorders: 
Number of Amars: 
Attachment: 
Encoding: plain
========================================

$@MID@$: 125
Date: Sat, 25 Apr 2026 23:02:03 +0000
In reply to: 124
Event: 043
Station: HL_03
Instrument: CTD
Attached: pH
Number_of_Bottles: 
Flowmeter S/N: 
Flowmeter Start: 
Flowmeter End: 
Action: Recovered
Sounding: 270.06
Sample ID: 523362
End_Sample_ID: 523374
Wire out: 
Wire Angle: 
Net Clogging: 
Wind Direction: 
Wind Speed (nm): 
Sky (condition): 
Swell Direction: 
Swell Height (M): 
Sea (Condition): 
Depth: 
Author: Meng Ji
IMEI_No: 
WMO_No: 
S/N: 
Name: 
Comment: 
Time|Position: 2026-04-25 | 230203.0013 | 43 52.99434 N | 62 52.99195 W
Cruise: JC290
PI: Lindsay Beazley
Protocol: AZMP
Platform: James Cook
Revisions: 
Mooring Number: 
Number of RCMs: 
Number of MicroCATs: 
Number of Temperature Recorders: 
Number of Amars: 
Attachment: 
Encoding: plain
========================================

$@MID@$: 126
Date: Sat, 25 Apr 2026 23:14:29 +0000
Reply to: 127
Event: 044
Station: HL_03
Instrument: RingNet
Attached: 202um | Flowmeter
Number_of_Bottles: 
Flowmeter S/N: 
Flowmeter Start: 
Flowmeter End: 
Action: Deployed
Sounding: 270.21
Sample ID: 
End_Sample_ID: 
Wire out: 
Wire Angle: 
Net Clogging: 
Wind Direction: 
Wind Speed (nm): 
Sky (condition): 
Swell Direction: 
Swell Height (M): 
Sea (Condition): 
Depth: 
Author: Rebecca Milne
IMEI_No: 
WMO_No: 
S/N: 
Name: 
Comment: 
Time|Position: 2026-04-25 | 231429.0012 | 43 52.99501 N | 62 52.99187 W
Cruise: JC290
PI: Lindsay Beazley
Protocol: AZMP
Platform: James Cook
Revisions: 
Mooring Number: 
Number of RCMs: 
Number of MicroCATs: 
Number of Temperature Recorders: 
Number of Amars: 
Attachment: 
Encoding: plain
========================================

$@MID@$: 127
Date: Sat, 25 Apr 2026 23:23:03 +0000
Reply to: 128
In reply to: 126
Event: 044
Station: HL_03
Instrument: RingNet
Attached: 202um | Flowmeter
Number_of_Bottles: 
Flowmeter S/N: 
Flowmeter Start: 
Flowmeter End: 
Action: Bottom
Sounding: 270.68
Sample ID: 
End_Sample_ID: 
Wire out: 
Wire Angle: 
Net Clogging: 
Wind Direction: 
Wind Speed (nm): 
Sky (condition): 
Swell Direction: 
Swell Height (M): 
Sea (Condition): 
Depth: 
Author: Rebecca Milne
IMEI_No: 
WMO_No: 
S/N: 
Name: 
Comment: 
Time|Position: 2026-04-25 | 232303.0030 | 43 52.99423 N | 62 52.99224 W
Cruise: JC290
PI: Lindsay Beazley
Protocol: AZMP
Platform: James Cook
Revisions: 
Mooring Number: 
Number of RCMs: 
Number of MicroCATs: 
Number of Temperature Recorders: 
Number of Amars: 
Attachment: 
Encoding: plain
========================================

$@MID@$: 128
Date: Sat, 25 Apr 2026 23:30:07 +0000
In reply to: 127
Event: 044
Station: HL_03
Instrument: RingNet
Attached: 202um | Flowmeter
Number_of_Bottles: 
Flowmeter S/N: 
Flowmeter Start: 63328
Flowmeter End: 64010
Action: Recovered
Sounding: 270.52
Sample ID: 523375
End_Sample_ID: 
Wire out: 265
Wire Angle: 0
Net Clogging: 
Wind Direction: 
Wind Speed (nm): 
Sky (condition): 
Swell Direction: 
Swell Height (M): 
Sea (Condition): 
Depth: 
Author: Rebecca Milne
IMEI_No: 
WMO_No: 
S/N: 
Name: 
Comment: 
Time|Position: 2026-04-25 | 233007.0030 | 43 52.99379 N | 62 52.99204 W
Cruise: JC290
PI: Lindsay Beazley
Protocol: AZMP
Platform: James Cook
Revisions: 26/Apr/2026 00:02:51
Mooring Number: 
Number of RCMs: 
Number of MicroCATs: 
Number of Temperature Recorders: 
Number of Amars: 
Attachment: 
Encoding: plain
========================================

