$@MID@$: 191
Date: Tue, 28 Apr 2026 00:10:09 +0000
In reply to: 190
Event: 065
Station: GUL_02
Instrument: RingNet
Attached: 202um | Flowmeter
Number_of_Bottles: 
Flowmeter S/N: 
Flowmeter Start: 77344
Flowmeter End: 79501
Action: Recovered
Sounding: 1223.90
Sample ID: 523561
End_Sample_ID: 
Wire out: 1000
Wire Angle: 0
Net Clogging: 
Wind Direction: 
Wind Speed (nm): 
Sky (condition): 
Swell Direction: 
Swell Height (M): 
Sea (Condition): 
Depth: 
Author: Rebecca Milne
IMEI_No: 
WMO_No: 
S/N: 
Name: 
Comment: 
Time|Position: 2026-04-28 | 001009.0011 | 44 00.60253 N | 58 59.99688 W
Cruise: JC290
PI: Lindsay Beazley
Protocol: AZMP
Platform: James Cook
Revisions: 28/Apr/2026 00:10:50
Mooring Number: 
Number of RCMs: 
Number of MicroCATs: 
Number of Temperature Recorders: 
Number of Amars: 
Attachment: 
Encoding: plain
========================================

$@MID@$: 192
Date: Tue, 28 Apr 2026 03:21:53 +0000
Reply to: 193
Event: 066
Station: GUL_03
Instrument: CTD
Attached: 
Number_of_Bottles: 
Flowmeter S/N: 
Flowmeter Start: 
Flowmeter End: 
Action: Deployed
Sounding: 2043.71
Sample ID: 5235
End_Sample_ID: 5235
Wire out: 
Wire Angle: 
Net Clogging: 
Wind Direction: 
Wind Speed (nm): 
Sky (condition): 
Swell Direction: 
Swell Height (M): 
Sea (Condition): 
Depth: 
Author: Meng Ji
IMEI_No: 
WMO_No: 
S/N: 
Name: 
Comment: No SUNA or pH due to depth
Time|Position: 2026-04-28 | 032153.0028 | 43 47.40035 N | 58 53.99991 W
Cruise: JC290
PI: Lindsay Beazley
Protocol: AZMP
Platform: James Cook
Revisions: 
Mooring Number: 
Number of RCMs: 
Number of MicroCATs: 
Number of Temperature Recorders: 
Number of Amars: 
Attachment: 
Encoding: plain
========================================

$@MID@$: 193
Date: Tue, 28 Apr 2026 03:17:03 +0000
Reply to: 192
In reply to: 194
Event: 066
Station: GUL_03
Instrument: CTD
Attached: 
Number_of_Bottles: 
Flowmeter S/N: 
Flowmeter Start: 
Flowmeter End: 
Action: Bottom
Sounding: 2043.17
Sample ID: 5235
End_Sample_ID: 5235
Wire out: 
Wire Angle: 
Net Clogging: 
Wind Direction: 
Wind Speed (nm): 
Sky (condition): 
Swell Direction: 
Swell Height (M): 
Sea (Condition): 
Depth: 
Author: Meng Ji
IMEI_No: 
WMO_No: 
S/N: 
Name: 
Comment: 
Time|Position: 2026-04-28 | 031703.0015 | 43 47.39998 N | 58 54.00026 W
Cruise: JC290
PI: Lindsay Beazley
Protocol: AZMP
Platform: James Cook
Revisions: 
Mooring Number: 
Number of RCMs: 
Number of MicroCATs: 
Number of Temperature Recorders: 
Number of Amars: 
Attachment: 
Encoding: plain
========================================

$@MID@$: 194
Date: Tue, 28 Apr 2026 03:25:40 +0000
In reply to: 193
Event: 066
Station: GUL_03
Instrument: CTD
Attached: 
Number_of_Bottles: 
Flowmeter S/N: 
Flowmeter Start: 
Flowmeter End: 
Action: Recovered
Sounding: 2044.06
Sample ID: 5235
End_Sample_ID: 5235
Wire out: 
Wire Angle: 
Net Clogging: 
Wind Direction: 
Wind Speed (nm): 
Sky (condition): 
Swell Direction: 
Swell Height (M): 
Sea (Condition): 
Depth: 
Author: Meng Ji
IMEI_No: 
WMO_No: 
S/N: 
Name: 
Comment: 
Time|Position: 2026-04-28 | 032540.0012 | 43 47.40018 N | 58 54.00059 W
Cruise: JC290
PI: Lindsay Beazley
Protocol: AZMP
Platform: James Cook
Revisions: 
Mooring Number: 
Number of RCMs: 
Number of MicroCATs: 
Number of Temperature Recorders: 
Number of Amars: 
Attachment: 
Encoding: plain
========================================

$@MID@$: 195
Date: Tue, 28 Apr 2026 03:27:41 +0000
Reply to: 196
Event: 067
Station: GUL_03
Instrument: RingNet
Attached: 202um | Flowmeter
Number_of_Bottles: 
Flowmeter S/N: 
Flowmeter Start: 79501
Flowmeter End: 
Action: Deployed
Sounding: 1706.97
Sample ID: 523581
End_Sample_ID: 
Wire out: 1000
Wire Angle: 
Net Clogging: 
Wind Direction: 
Wind Speed (nm): 
Sky (condition): 
Swell Direction: 
Swell Height (M): 
Sea (Condition): 
Depth: 
Author: Rebecca Milne
IMEI_No: 
WMO_No: 
S/N: 
Name: 
Comment: 
Time|Position: 2026-04-28 | 032741.0017 | 43 53.30967 N | 58 57.22246 W
Cruise: JC290
PI: Lindsay Beazley
Protocol: AZMP
Platform: James Cook
Revisions: 
Mooring Number: 
Number of RCMs: 
Number of MicroCATs: 
Number of Temperature Recorders: 
Number of Amars: 
Attachment: 
Encoding: plain
========================================

$@MID@$: 196
Date: Tue, 28 Apr 2026 03:57:31 +0000
Reply to: 197
In reply to: 195
Event: 067
Station: GUL_03
Instrument: RingNet
Attached: 202um | Flowmeter
Number_of_Bottles: 
Flowmeter S/N: 
Flowmeter Start: 79501
Flowmeter End: 
Action: Bottom
Sounding: 1646.41
Sample ID: 523581
End_Sample_ID: 
Wire out: 1000
Wire Angle: 0
Net Clogging: 
Wind Direction: 
Wind Speed (nm): 
Sky (condition): 
Swell Direction: 
Swell Height (M): 
Sea (Condition): 
Depth: 
Author: Rebecca Milne
IMEI_No: 
WMO_No: 
S/N: 
Name: 
Comment: 
Time|Position: 2026-04-28 | 035731.0049 | 43 53.30989 N | 58 57.22260 W
Cruise: JC290
PI: Lindsay Beazley
Protocol: AZMP
Platform: James Cook
Revisions: 
Mooring Number: 
Number of RCMs: 
Number of MicroCATs: 
Number of Temperature Recorders: 
Number of Amars: 
Attachment: 
Encoding: plain
========================================

$@MID@$: 197
Date: Tue, 28 Apr 2026 04:21:10 +0000
In reply to: 196
Event: 067
Station: GUL_03
Instrument: RingNet
Attached: 202um | Flowmeter
Number_of_Bottles: 
Flowmeter S/N: 
Flowmeter Start: 79501
Flowmeter End: 81744
Action: Recovered
Sounding: 1766.28
Sample ID: 523581
End_Sample_ID: 
Wire out: 1000
Wire Angle: 0
Net Clogging: 
Wind Direction: 
Wind Speed (nm): 
Sky (condition): 
Swell Direction: 
Swell Height (M): 
Sea (Condition): 
Depth: 
Author: Rebecca Milne
IMEI_No: 
WMO_No: 
S/N: 
Name: 
Comment: 
Time|Position: 2026-04-28 | 042110.0012 | 43 53.31003 N | 58 57.22253 W
Cruise: JC290
PI: Lindsay Beazley
Protocol: AZMP
Platform: James Cook
Revisions: 28/Apr/2026 04:21:21
Mooring Number: 
Number of RCMs: 
Number of MicroCATs: 
Number of Temperature Recorders: 
Number of Amars: 
Attachment: 
Encoding: plain
========================================

$@MID@$: 198
Date: Tue, 28 Apr 2026 05:21:53 +0000
Reply to: 199
Event: 068
Station: GUL_04
Instrument: CTD
Attached: 
Number_of_Bottles: 
Flowmeter S/N: 
Flowmeter Start: 
Flowmeter End: 
Action: Deployed
Sounding: 2043.71
Sample ID: 523582
End_Sample_ID: 523604
Wire out: 
Wire Angle: 
Net Clogging: 
Wind Direction: 
Wind Speed (nm): 
Sky (condition): 
Swell Direction: 
Swell Height (M): 
Sea (Condition): 
Depth: 
Author: Meng Ji
IMEI_No: 
WMO_No: 
S/N: 
Name: 
Comment: No SUNA or pH due to depth
Time|Position: 2026-04-28 | 052153.0028 | 43 47.40035 N | 58 53.99991 W
Cruise: JC290
PI: Lindsay Beazley
Protocol: AZMP
Platform: James Cook
Revisions: 
Mooring Number: 
Number of RCMs: 
Number of MicroCATs: 
Number of Temperature Recorders: 
Number of Amars: 
Attachment: 
Encoding: plain
========================================

$@MID@$: 199
Date: Tue, 28 Apr 2026 06:17:03 +0000
Reply to: 200
In reply to: 198
Event: 068
Station: GUL_04
Instrument: CTD
Attached: 
Number_of_Bottles: 
Flowmeter S/N: 
Flowmeter Start: 
Flowmeter End: 
Action: Bottom
Sounding: 2043.17
Sample ID: 523582
End_Sample_ID: 523604
Wire out: 
Wire Angle: 
Net Clogging: 
Wind Direction: 
Wind Speed (nm): 
Sky (condition): 
Swell Direction: 
Swell Height (M): 
Sea (Condition): 
Depth: 
Author: Meng Ji
IMEI_No: 
WMO_No: 
S/N: 
Name: 
Comment: 
Time|Position: 2026-04-28 | 061703.0015 | 43 47.39998 N | 58 54.00026 W
Cruise: JC290
PI: Lindsay Beazley
Protocol: AZMP
Platform: James Cook
Revisions: 
Mooring Number: 
Number of RCMs: 
Number of MicroCATs: 
Number of Temperature Recorders: 
Number of Amars: 
Attachment: 
Encoding: plain
========================================

$@MID@$: 200
Date: Tue, 28 Apr 2026 07:25:40 +0000
In reply to: 199
Event: 068
Station: GUL_04
Instrument: CTD
Attached: 
Number_of_Bottles: 
Flowmeter S/N: 
Flowmeter Start: 
Flowmeter End: 
Action: Recovered
Sounding: 2044.06
Sample ID: 523582
End_Sample_ID: 523604
Wire out: 
Wire Angle: 
Net Clogging: 
Wind Direction: 
Wind Speed (nm): 
Sky (condition): 
Swell Direction: 
Swell Height (M): 
Sea (Condition): 
Depth: 
Author: Meng Ji
IMEI_No: 
WMO_No: 
S/N: 
Name: 
Comment: 
Time|Position: 2026-04-28 | 072540.0012 | 43 47.40018 N | 58 54.00059 W
Cruise: JC290
PI: Lindsay Beazley
Protocol: AZMP
Platform: James Cook
Revisions: 
Mooring Number: 
Number of RCMs: 
Number of MicroCATs: 
Number of Temperature Recorders: 
Number of Amars: 
Attachment: 
Encoding: plain
========================================

$@MID@$: 201
Date: Tue, 28 Apr 2026 08:03:52 +0000
Reply to: 202
Event: 069
Station: GUL_04
Instrument: RingNet
Attached: 202um | Flowmeter
Number_of_Bottles: 
Flowmeter S/N: 
Flowmeter Start: 
Flowmeter End: 
Action: Deployed
Sounding: 2044.32
Sample ID: 
End_Sample_ID: 
Wire out: 
Wire Angle: 
Net Clogging: 
Wind Direction: 
Wind Speed (nm): 
Sky (condition): 
Swell Direction: 
Swell Height (M): 
Sea (Condition): 
Depth: 
Author: Rebecca Milne
IMEI_No: 
WMO_No: 
S/N: 
Name: 
Comment: 
Time|Position: 2026-04-28 | 073152.0006 | 43 47.40032 N | 58 53.99994 W
Cruise: JC290
PI: Lindsay Beazley
Protocol: AZMP
Platform: James Cook
Revisions: 28/Apr/2026 09:43:34
Mooring Number: 
Number of RCMs: 
Number of MicroCATs: 
Number of Temperature Recorders: 
Number of Amars: 
Attachment: 
Encoding: plain
========================================

$@MID@$: 202
Date: Tue, 28 Apr 2026 08:29:01 +0000
Reply to: 203
In reply to: 201
Event: 069
Station: GUL_04
Instrument: RingNet
Attached: 202um | Flowmeter
Number_of_Bottles: 
Flowmeter S/N: 
Flowmeter Start: 81744
Flowmeter End: 84078
Action: Bottom
Sounding: 2042.74
Sample ID: 
End_Sample_ID: 
Wire out: 1000
Wire Angle: 0
Net Clogging: 
Wind Direction: 
Wind Speed (nm): 
Sky (condition): 
Swell Direction: 
Swell Height (M): 
Sea (Condition): 
Depth: 
Author: Rebecca Milne
IMEI_No: 
WMO_No: 
S/N: 
Name: 
Comment: 
Time|Position: 2026-04-28 | 080352.0006 | 43 47.40032 N | 58 53.99994 W
Cruise: JC290
PI: Lindsay Beazley
Protocol: AZMP
Platform: James Cook
Revisions: 28/Apr/2026 09:41:21
Mooring Number: 
Number of RCMs: 
Number of MicroCATs: 
Number of Temperature Recorders: 
Number of Amars: 
Attachment: 
Encoding: plain
========================================

$@MID@$: 203
Date: Tue, 28 Apr 2026 09:40:54 +0000
In reply to: 202
Event: 069
Station: GUL_04
Instrument: RingNet
Attached: 202um | Flowmeter
Number_of_Bottles: 
Flowmeter S/N: 
Flowmeter Start: 81744
Flowmeter End: 84078
Action: Recovered
Sounding: 2042.74 
Sample ID: 
End_Sample_ID: 
Wire out: 1000
Wire Angle: 0
Net Clogging: 
Wind Direction: 
Wind Speed (nm): 
Sky (condition): 
Swell Direction: 
Swell Height (M): 
Sea (Condition): 
Depth: 
Author: Rebecca Milne
IMEI_No: 
WMO_No: 
S/N: 
Name: 
Comment: 
Time|Position: 2026-04-28 | 082901.0042 | 43 47.42185 N | 58 53.96653 W
Cruise: JC290
PI: Lindsay Beazley
Protocol: AZMP
Platform: James Cook
Revisions: 28/Apr/2026 09:43:11
Mooring Number: 
Number of RCMs: 
Number of MicroCATs: 
Number of Temperature Recorders: 
Number of Amars: 
Attachment: 
Encoding: plain
========================================
$@MID@$: 204
Date: Tue, 28 Apr 2026 16:24:18 +0000
Reply to: 205
Event: 070
Station: LCM_01
Instrument: CTD
Attached: pH
Number_of_Bottles: 
Flowmeter S/N: 
Flowmeter Start: 
Flowmeter End: 
Action: Deployed
Sounding: 34.52
Sample ID: 
End_Sample_ID: 
Wire out: 
Wire Angle: 
Net Clogging: 
Wind Direction: 
Wind Speed (nm): 
Sky (condition): 
Swell Direction: 
Swell Height (M): 
Sea (Condition): 
Depth: 
Author: Lisa Baxter
IMEI_No: 
WMO_No: 
S/N: 
Name: 
Comment: 
Time|Position: 2026-04-28 | 162418.0034 | 44 43.17608 N | 57 39.29396 W
Cruise: JC290
PI: Lindsay Beazley
Protocol: AZMP
Platform: James Cook
Revisions: 28/Apr/2026 20:22:02
Mooring Number: 
Number of RCMs: 
Number of MicroCATs: 
Number of Temperature Recorders: 
Number of Amars: 
Attachment: 
Encoding: plain
========================================

$@MID@$: 205
Date: Tue, 28 Apr 2026 16:30:10 +0000
In reply to: 204
Event: 070
Station: LCM_01
Instrument: CTD
Attached: pH
Number_of_Bottles: 
Flowmeter S/N: 
Flowmeter Start: 
Flowmeter End: 
Action: Aborted
Sounding: 35.10
Sample ID: 
End_Sample_ID: 
Wire out: 
Wire Angle: 
Net Clogging: 
Wind Direction: 
Wind Speed (nm): 
Sky (condition): 
Swell Direction: 
Swell Height (M): 
Sea (Condition): 
Depth: 
Author: Lisa Baxter
IMEI_No: 
WMO_No: 
S/N: 
Name: 
Comment: Aborted cast; caps were still on salinity sensors
Time|Position: 2026-04-28 | 163010.0039 | 44 43.17614 N | 57 39.29393 W
Cruise: JC290
PI: Lindsay Beazley
Protocol: AZMP
Platform: James Cook
Revisions: 28/Apr/2026 20:21:48
Mooring Number: 
Number of RCMs: 
Number of MicroCATs: 
Number of Temperature Recorders: 
Number of Amars: 
Attachment: 
Encoding: plain
========================================

$@MID@$: 206
Date: Tue, 28 Apr 2026 16:33:42 +0000
Reply to: 207
Event: 071
Station: LCM_01
Instrument: CTD
Attached: pH
Number_of_Bottles: 
Flowmeter S/N: 
Flowmeter Start: 
Flowmeter End: 
Action: Deployed
Sounding: 35.09
Sample ID: 523606
End_Sample_ID: 523614
Wire out: 
Wire Angle: 
Net Clogging: 
Wind Direction: 
Wind Speed (nm): 
Sky (condition): 
Swell Direction: 
Swell Height (M): 
Sea (Condition): 
Depth: 
Author: Lisa Baxter
IMEI_No: 
WMO_No: 
S/N: 
Name: 
Comment: 
Time|Position: 2026-04-28 | 163342.0015 | 44 43.17623 N | 57 39.29371 W
Cruise: JC290
PI: Lindsay Beazley
Protocol: AZMP
Platform: James Cook
Revisions: 
Mooring Number: 
Number of RCMs: 
Number of MicroCATs: 
Number of Temperature Recorders: 
Number of Amars: 
Attachment: 
Encoding: plain
========================================

$@MID@$: 207
Date: Tue, 28 Apr 2026 16:39:25 +0000
Reply to: 208
In reply to: 206
Event: 071
Station: LCM_01
Instrument: CTD
Attached: pH
Number_of_Bottles: 
Flowmeter S/N: 
Flowmeter Start: 
Flowmeter End: 
Action: Bottom
Sounding: 35.18
Sample ID: 523606
End_Sample_ID: 523614
Wire out: 
Wire Angle: 
Net Clogging: 
Wind Direction: 
Wind Speed (nm): 
Sky (condition): 
Swell Direction: 
Swell Height (M): 
Sea (Condition): 
Depth: 
Author: Lisa Baxter
IMEI_No: 
WMO_No: 
S/N: 
Name: 
Comment: 
Time|Position: 2026-04-28 | 163925.0009 | 44 43.17590 N | 57 39.29399 W
Cruise: JC290
PI: Lindsay Beazley
Protocol: AZMP
Platform: James Cook
Revisions: 
Mooring Number: 
Number of RCMs: 
Number of MicroCATs: 
Number of Temperature Recorders: 
Number of Amars: 
Attachment: 
Encoding: plain
========================================

$@MID@$: 208
Date: Tue, 28 Apr 2026 16:49:52 +0000
In reply to: 207
Event: 071
Station: LCM_01
Instrument: CTD
Attached: pH
Number_of_Bottles: 
Flowmeter S/N: 
Flowmeter Start: 
Flowmeter End: 
Action: Recovered
Sounding: 35.10
Sample ID: 523606
End_Sample_ID: 523614
Wire out: 
Wire Angle: 
Net Clogging: 
Wind Direction: 
Wind Speed (nm): 
Sky (condition): 
Swell Direction: 
Swell Height (M): 
Sea (Condition): 
Depth: 
Author: Lisa Baxter
IMEI_No: 
WMO_No: 
S/N: 
Name: 
Comment: 
Time|Position: 2026-04-28 | 164952.0024 | 44 43.17615 N | 57 39.29383 W
Cruise: JC290
PI: Lindsay Beazley
Protocol: AZMP
Platform: James Cook
Revisions: 
Mooring Number: 
Number of RCMs: 
Number of MicroCATs: 
Number of Temperature Recorders: 
Number of Amars: 
Attachment: 
Encoding: plain
========================================

$@MID@$: 209
Date: Tue, 28 Apr 2026 17:02:22 +0000
Reply to: 210
Event: 072
Station: LCM_01
Instrument: RingNet
Attached: 202um | Flowmeter
Number_of_Bottles: 
Flowmeter S/N: 
Flowmeter Start: 84078
Flowmeter End: 
Action: Deployed
Sounding: 35.04
Sample ID: 523615
End_Sample_ID: 
Wire out: 
Wire Angle: 
Net Clogging: 
Wind Direction: 
Wind Speed (nm): 
Sky (condition): 
Swell Direction: 
Swell Height (M): 
Sea (Condition): 
Depth: 
Author: Lindsay Beazley
IMEI_No: 
WMO_No: 
S/N: 
Name: 
Comment: 
Time|Position: 2026-04-28 | 170222.0041 | 44 43.17607 N | 57 39.29366 W
Cruise: JC290
PI: Lindsay Beazley
Protocol: AZMP
Platform: James Cook
Revisions: 
Mooring Number: 
Number of RCMs: 
Number of MicroCATs: 
Number of Temperature Recorders: 
Number of Amars: 
Attachment: 
Encoding: plain
========================================

$@MID@$: 210
Date: Tue, 28 Apr 2026 17:03:12 +0000
Reply to: 211
In reply to: 209
Event: 072
Station: LCM_01
Instrument: RingNet
Attached: 202um | Flowmeter
Number_of_Bottles: 
Flowmeter S/N: 
Flowmeter Start: 84078
Flowmeter End: 
Action: Bottom
Sounding: 35.13
Sample ID: 523615
End_Sample_ID: 
Wire out: 25
Wire Angle: 
Net Clogging: 
Wind Direction: 
Wind Speed (nm): 
Sky (condition): 
Swell Direction: 
Swell Height (M): 
Sea (Condition): 
Depth: 
Author: Lindsay Beazley
IMEI_No: 
WMO_No: 
S/N: 
Name: 
Comment: 
Time|Position: 2026-04-28 | 170312.0003 | 44 43.17611 N | 57 39.29390 W
Cruise: JC290
PI: Lindsay Beazley
Protocol: AZMP
Platform: James Cook
Revisions: 
Mooring Number: 
Number of RCMs: 
Number of MicroCATs: 
Number of Temperature Recorders: 
Number of Amars: 
Attachment: 
Encoding: plain
========================================

$@MID@$: 211
Date: Tue, 28 Apr 2026 17:05:27 +0000
In reply to: 210
Event: 072
Station: LCM_01
Instrument: RingNet
Attached: 202um | Flowmeter
Number_of_Bottles: 
Flowmeter S/N: 
Flowmeter Start: 84078
Flowmeter End: 84145
Action: Recovered
Sounding: 35.14
Sample ID: 523615
End_Sample_ID: 
Wire out: 25
Wire Angle: 
Net Clogging: 
Wind Direction: 
Wind Speed (nm): 
Sky (condition): 
Swell Direction: 
Swell Height (M): 
Sea (Condition): 
Depth: 
Author: Lindsay Beazley
IMEI_No: 
WMO_No: 
S/N: 
Name: 
Comment: 
Time|Position: 2026-04-28 | 170527.0032 | 44 43.17620 N | 57 39.29385 W
Cruise: JC290
PI: Lindsay Beazley
Protocol: AZMP
Platform: James Cook
Revisions: 
Mooring Number: 
Number of RCMs: 
Number of MicroCATs: 
Number of Temperature Recorders: 
Number of Amars: 
Attachment: 
Encoding: plain
========================================

$@MID@$: 212
Date: Tue, 28 Apr 2026 18:11:26 +0000
Reply to: 213
Event: 073
Station: LCM_02
Instrument: CTD
Attached: pH
Number_of_Bottles: 
Flowmeter S/N: 
Flowmeter Start: 
Flowmeter End: 
Action: Deployed
Sounding: 57.92
Sample ID: 523616
End_Sample_ID: 523622
Wire out: 
Wire Angle: 
Net Clogging: 
Wind Direction: 
Wind Speed (nm): 
Sky (condition): 
Swell Direction: 
Swell Height (M): 
Sea (Condition): 
Depth: 
Author: Lisa Baxter
IMEI_No: 
WMO_No: 
S/N: 
Name: 
Comment: 
Time|Position: 2026-04-28 | 181126.0047 | 44 44.68844 N | 57 28.47621 W
Cruise: JC290
PI: Lindsay Beazley
Protocol: AZMP
Platform: James Cook
Revisions: 
Mooring Number: 
Number of RCMs: 
Number of MicroCATs: 
Number of Temperature Recorders: 
Number of Amars: 
Attachment: 
Encoding: plain
========================================

$@MID@$: 213
Date: Tue, 28 Apr 2026 18:19:58 +0000
Reply to: 214
In reply to: 212
Event: 073
Station: LCM_02
Instrument: CTD
Attached: pH
Number_of_Bottles: 
Flowmeter S/N: 
Flowmeter Start: 
Flowmeter End: 
Action: Bottom
Sounding: 57.78
Sample ID: 523616
End_Sample_ID: 523622
Wire out: 
Wire Angle: 
Net Clogging: 
Wind Direction: 
Wind Speed (nm): 
Sky (condition): 
Swell Direction: 
Swell Height (M): 
Sea (Condition): 
Depth: 
Author: Lisa Baxter
IMEI_No: 
WMO_No: 
S/N: 
Name: 
Comment: 
Time|Position: 2026-04-28 | 181958.0042 | 44 44.68881 N | 57 28.47547 W
Cruise: JC290
PI: Lindsay Beazley
Protocol: AZMP
Platform: James Cook
Revisions: 
Mooring Number: 
Number of RCMs: 
Number of MicroCATs: 
Number of Temperature Recorders: 
Number of Amars: 
Attachment: 
Encoding: plain
========================================

$@MID@$: 214
Date: Tue, 28 Apr 2026 18:34:32 +0000
In reply to: 213
Event: 073
Station: LCM_02
Instrument: CTD
Attached: pH
Number_of_Bottles: 
Flowmeter S/N: 
Flowmeter Start: 
Flowmeter End: 
Action: Recovered
Sounding: 57.76
Sample ID: 523616
End_Sample_ID: 523622
Wire out: 
Wire Angle: 
Net Clogging: 
Wind Direction: 
Wind Speed (nm): 
Sky (condition): 
Swell Direction: 
Swell Height (M): 
Sea (Condition): 
Depth: 
Author: Lisa Baxter
IMEI_No: 
WMO_No: 
S/N: 
Name: 
Comment: 
Time|Position: 2026-04-28 | 183432.0044 | 44 44.68838 N | 57 28.47553 W
Cruise: JC290
PI: Lindsay Beazley
Protocol: AZMP
Platform: James Cook
Revisions: 
Mooring Number: 
Number of RCMs: 
Number of MicroCATs: 
Number of Temperature Recorders: 
Number of Amars: 
Attachment: 
Encoding: plain
========================================

$@MID@$: 215
Date: Tue, 28 Apr 2026 18:46:48 +0000
Reply to: 216
Event: 074
Station: LCM_02
Instrument: RingNet
Attached: 202um | Flowmeter
Number_of_Bottles: 
Flowmeter S/N: 
Flowmeter Start: 84145
Flowmeter End: 
Action: Deployed
Sounding: 57.84
Sample ID: 523623
End_Sample_ID: 
Wire out: 
Wire Angle: 
Net Clogging: 
Wind Direction: 
Wind Speed (nm): 
Sky (condition): 
Swell Direction: 
Swell Height (M): 
Sea (Condition): 
Depth: 
Author: Lindsay Beazley
IMEI_No: 
WMO_No: 
S/N: 
Name: 
Comment: 
Time|Position: 2026-04-28 | 184648.0042 | 44 44.68780 N | 57 28.47551 W
Cruise: JC290
PI: Lindsay Beazley
Protocol: AZMP
Platform: James Cook
Revisions: 
Mooring Number: 
Number of RCMs: 
Number of MicroCATs: 
Number of Temperature Recorders: 
Number of Amars: 
Attachment: 
Encoding: plain
========================================

$@MID@$: 216
Date: Tue, 28 Apr 2026 18:48:17 +0000
Reply to: 217
In reply to: 215
Event: 074
Station: LCM_02
Instrument: RingNet
Attached: 202um | Flowmeter
Number_of_Bottles: 
Flowmeter S/N: 
Flowmeter Start: 84145
Flowmeter End: 
Action: Bottom
Sounding: 57.86
Sample ID: 523623
End_Sample_ID: 
Wire out: 48
Wire Angle: 
Net Clogging: 
Wind Direction: 
Wind Speed (nm): 
Sky (condition): 
Swell Direction: 
Swell Height (M): 
Sea (Condition): 
Depth: 
Author: Lindsay Beazley
IMEI_No: 
WMO_No: 
S/N: 
Name: 
Comment: 
Time|Position: 2026-04-28 | 184817.0021 | 44 44.68788 N | 57 28.47506 W
Cruise: JC290
PI: Lindsay Beazley
Protocol: AZMP
Platform: James Cook
Revisions: 
Mooring Number: 
Number of RCMs: 
Number of MicroCATs: 
Number of Temperature Recorders: 
Number of Amars: 
Attachment: 
Encoding: plain
========================================

$@MID@$: 217
Date: Tue, 28 Apr 2026 18:51:16 +0000
In reply to: 216
Event: 074
Station: LCM_02
Instrument: RingNet
Attached: 202um | Flowmeter
Number_of_Bottles: 
Flowmeter S/N: 
Flowmeter Start: 84145
Flowmeter End: 84226
Action: Recovered
Sounding: 57.96
Sample ID: 523623
End_Sample_ID: 
Wire out: 48
Wire Angle: 0
Net Clogging: 
Wind Direction: 
Wind Speed (nm): 
Sky (condition): 
Swell Direction: 
Swell Height (M): 
Sea (Condition): 
Depth: 
Author: Lindsay Beazley
IMEI_No: 
WMO_No: 
S/N: 
Name: 
Comment: 
Time|Position: 2026-04-28 | 185116.0019 | 44 44.68808 N | 57 28.47508 W
Cruise: JC290
PI: Lindsay Beazley
Protocol: AZMP
Platform: James Cook
Revisions: 
Mooring Number: 
Number of RCMs: 
Number of MicroCATs: 
Number of Temperature Recorders: 
Number of Amars: 
Attachment: 
Encoding: plain
========================================

$@MID@$: 218
Date: Tue, 28 Apr 2026 19:35:41 +0000
Reply to: 219
Event: 075
Station: LCM_03
Instrument: CTD
Attached: pH
Number_of_Bottles: 
Flowmeter S/N: 
Flowmeter Start: 
Flowmeter End: 
Action: Deployed
Sounding: 76.14
Sample ID: 523624
End_Sample_ID: 523632
Wire out: 
Wire Angle: 
Net Clogging: 
Wind Direction: 
Wind Speed (nm): 
Sky (condition): 
Swell Direction: 
Swell Height (M): 
Sea (Condition): 
Depth: 
Author: Hana Hourston
IMEI_No: 
WMO_No: 
S/N: 
Name: 
Comment: 
Time|Position: 2026-04-28 | 193540.0100 | 44 45.74192 N | 57 20.91400 W
Cruise: JC290
PI: Lindsay Beazley
Protocol: AZMP
Platform: James Cook
Revisions: 
Mooring Number: 
Number of RCMs: 
Number of MicroCATs: 
Number of Temperature Recorders: 
Number of Amars: 
Attachment: 
Encoding: plain
========================================

$@MID@$: 219
Date: Tue, 28 Apr 2026 19:44:26 +0000
Reply to: 220
In reply to: 218
Event: 075
Station: LCM_03
Instrument: CTD
Attached: pH
Number_of_Bottles: 
Flowmeter S/N: 
Flowmeter Start: 
Flowmeter End: 
Action: Bottom
Sounding: 77.09
Sample ID: 523624
End_Sample_ID: 523632
Wire out: 
Wire Angle: 
Net Clogging: 
Wind Direction: 
Wind Speed (nm): 
Sky (condition): 
Swell Direction: 
Swell Height (M): 
Sea (Condition): 
Depth: 
Author: Hana Hourston
IMEI_No: 
WMO_No: 
S/N: 
Name: 
Comment: 
Time|Position: 2026-04-28 | 194426.0005 | 44 45.73814 N | 57 20.91515 W
Cruise: JC290
PI: Lindsay Beazley
Protocol: AZMP
Platform: James Cook
Revisions: 
Mooring Number: 
Number of RCMs: 
Number of MicroCATs: 
Number of Temperature Recorders: 
Number of Amars: 
Attachment: 
Encoding: plain
========================================

$@MID@$: 220
Date: Tue, 28 Apr 2026 20:02:45 +0000
In reply to: 219
Event: 075
Station: LCM_03
Instrument: CTD
Attached: pH
Number_of_Bottles: 
Flowmeter S/N: 
Flowmeter Start: 
Flowmeter End: 
Action: Recovered
Sounding: 76.93
Sample ID: 523624
End_Sample_ID: 523632
Wire out: 
Wire Angle: 
Net Clogging: 
Wind Direction: 
Wind Speed (nm): 
Sky (condition): 
Swell Direction: 
Swell Height (M): 
Sea (Condition): 
Depth: 
Author: Hana Hourston
IMEI_No: 
WMO_No: 
S/N: 
Name: 
Comment: 
Time|Position: 2026-04-28 | 200245.0002 | 44 45.73830 N | 57 20.91471 W
Cruise: JC290
PI: Lindsay Beazley
Protocol: AZMP
Platform: James Cook
Revisions: 
Mooring Number: 
Number of RCMs: 
Number of MicroCATs: 
Number of Temperature Recorders: 
Number of Amars: 
Attachment: 
Encoding: plain
========================================

$@MID@$: 221
Date: Tue, 28 Apr 2026 20:12:55 +0000
Reply to: 222
Event: 076
Station: LCM_03
Instrument: RingNet
Attached: 202um | Flowmeter
Number_of_Bottles: 
Flowmeter S/N: 
Flowmeter Start: 84227
Flowmeter End: 
Action: Deployed
Sounding: 77.14
Sample ID: 523633
End_Sample_ID: 
Wire out: 
Wire Angle: 
Net Clogging: 
Wind Direction: 
Wind Speed (nm): 
Sky (condition): 
Swell Direction: 
Swell Height (M): 
Sea (Condition): 
Depth: 
Author: Lindsay Beazley
IMEI_No: 
WMO_No: 
S/N: 
Name: 
Comment: 
Time|Position: 2026-04-28 | 201255.0038 | 44 45.73816 N | 57 20.91497 W
Cruise: JC290
PI: Lindsay Beazley
Protocol: AZMP
Platform: James Cook
Revisions: 
Mooring Number: 
Number of RCMs: 
Number of MicroCATs: 
Number of Temperature Recorders: 
Number of Amars: 
Attachment: 
Encoding: plain
========================================

$@MID@$: 222
Date: Tue, 28 Apr 2026 20:15:03 +0000
Reply to: 223
In reply to: 221
Event: 076
Station: LCM_03
Instrument: RingNet
Attached: 202um | Flowmeter
Number_of_Bottles: 
Flowmeter S/N: 
Flowmeter Start: 84227
Flowmeter End: 
Action: Bottom
Sounding: 76.81
Sample ID: 523633
End_Sample_ID: 
Wire out: 67
Wire Angle: 
Net Clogging: 
Wind Direction: 
Wind Speed (nm): 
Sky (condition): 
Swell Direction: 
Swell Height (M): 
Sea (Condition): 
Depth: 
Author: Lindsay Beazley
IMEI_No: 
WMO_No: 
S/N: 
Name: 
Comment: 
Time|Position: 2026-04-28 | 201503.0037 | 44 45.73787 N | 57 20.91543 W
Cruise: JC290
PI: Lindsay Beazley
Protocol: AZMP
Platform: James Cook
Revisions: 
Mooring Number: 
Number of RCMs: 
Number of MicroCATs: 
Number of Temperature Recorders: 
Number of Amars: 
Attachment: 
Encoding: plain
========================================

$@MID@$: 223
Date: Tue, 28 Apr 2026 20:18:28 +0000
In reply to: 222
Event: 076
Station: LCM_03
Instrument: RingNet
Attached: 202um | Flowmeter
Number_of_Bottles: 
Flowmeter S/N: 
Flowmeter Start: 84227
Flowmeter End: 84327
Action: Recovered
Sounding: 77.47
Sample ID: 523633
End_Sample_ID: 
Wire out: 67
Wire Angle: 0
Net Clogging: 
Wind Direction: 
Wind Speed (nm): 
Sky (condition): 
Swell Direction: 
Swell Height (M): 
Sea (Condition): 
Depth: 
Author: Lindsay Beazley
IMEI_No: 
WMO_No: 
S/N: 
Name: 
Comment: 
Time|Position: 2026-04-28 | 201828.0034 | 44 45.73812 N | 57 20.91437 W
Cruise: JC290
PI: Lindsay Beazley
Protocol: AZMP
Platform: James Cook
Revisions: 
Mooring Number: 
Number of RCMs: 
Number of MicroCATs: 
Number of Temperature Recorders: 
Number of Amars: 
Attachment: 
Encoding: plain
========================================

$@MID@$: 224
Date: Tue, 28 Apr 2026 20:57:24 +0000
Reply to: 225
Event: 077
Station: LCM_04
Instrument: CTD
Attached: pH
Number_of_Bottles: 
Flowmeter S/N: 
Flowmeter Start: 
Flowmeter End: 
Action: Deployed
Sounding: 406.98
Sample ID: 523634
End_Sample_ID: 523653
Wire out: 
Wire Angle: 
Net Clogging: 
Wind Direction: 
Wind Speed (nm): 
Sky (condition): 
Swell Direction: 
Swell Height (M): 
Sea (Condition): 
Depth: 
Author: Lisa Baxter
IMEI_No: 
WMO_No: 
S/N: 
Name: 
Comment: 
Time|Position: 2026-04-28 | 205723.0046 | 44 46.80602 N | 57 15.00583 W
Cruise: JC290
PI: Lindsay Beazley
Protocol: AZMP
Platform: James Cook
Revisions: 
Mooring Number: 
Number of RCMs: 
Number of MicroCATs: 
Number of Temperature Recorders: 
Number of Amars: 
Attachment: 
Encoding: plain
========================================

$@MID@$: 225
Date: Tue, 28 Apr 2026 21:17:28 +0000
Reply to: 226
In reply to: 224
Event: 077
Station: LCM_04
Instrument: CTD
Attached: pH
Number_of_Bottles: 
Flowmeter S/N: 
Flowmeter Start: 
Flowmeter End: 
Action: Bottom
Sounding: 407.74
Sample ID: 523634
End_Sample_ID: 523653
Wire out: 
Wire Angle: 
Net Clogging: 
Wind Direction: 
Wind Speed (nm): 
Sky (condition): 
Swell Direction: 
Swell Height (M): 
Sea (Condition): 
Depth: 
Author: Meng Ji
IMEI_No: 
WMO_No: 
S/N: 
Name: 
Comment: 
Time|Position: 2026-04-28 | 211728.0049 | 44 46.79652 N | 57 14.99355 W
Cruise: JC290
PI: Lindsay Beazley
Protocol: AZMP
Platform: James Cook
Revisions: 
Mooring Number: 
Number of RCMs: 
Number of MicroCATs: 
Number of Temperature Recorders: 
Number of Amars: 
Attachment: 
Encoding: plain
========================================

$@MID@$: 226
Date: Tue, 28 Apr 2026 21:47:37 +0000
In reply to: 225
Event: 077
Station: LCM_04
Instrument: CTD
Attached: pH
Number_of_Bottles: 
Flowmeter S/N: 
Flowmeter Start: 
Flowmeter End: 
Action: Recovered
Sounding: 407.56
Sample ID: 523634
End_Sample_ID: 523653
Wire out: 
Wire Angle: 
Net Clogging: 
Wind Direction: 
Wind Speed (nm): 
Sky (condition): 
Swell Direction: 
Swell Height (M): 
Sea (Condition): 
Depth: 
Author: Meng Ji
IMEI_No: 
WMO_No: 
S/N: 
Name: 
Comment: 
Time|Position: 2026-04-28 | 214737.0004 | 44 46.79678 N | 57 14.99304 W
Cruise: JC290
PI: Lindsay Beazley
Protocol: AZMP
Platform: James Cook
Revisions: 
Mooring Number: 
Number of RCMs: 
Number of MicroCATs: 
Number of Temperature Recorders: 
Number of Amars: 
Attachment: 
Encoding: plain
========================================

$@MID@$: 227
Date: Tue, 28 Apr 2026 21:56:27 +0000
Reply to: 228
Event: 078
Station: LCM_04
Instrument: RingNet
Attached: 202um | Flowmeter
Number_of_Bottles: 
Flowmeter S/N: 
Flowmeter Start: 84327
Flowmeter End: 
Action: Deployed
Sounding: 407.59
Sample ID: 523654
End_Sample_ID: 
Wire out: 
Wire Angle: 
Net Clogging: 
Wind Direction: 
Wind Speed (nm): 
Sky (condition): 
Swell Direction: 
Swell Height (M): 
Sea (Condition): 
Depth: 
Author: Rebecca Milne
IMEI_No: 
WMO_No: 
S/N: 
Name: 
Comment: 
Time|Position: 2026-04-28 | 215627.0021 | 44 46.79674 N | 57 14.99324 W
Cruise: JC290
PI: Lindsay Beazley
Protocol: AZMP
Platform: James Cook
Revisions: 
Mooring Number: 
Number of RCMs: 
Number of MicroCATs: 
Number of Temperature Recorders: 
Number of Amars: 
Attachment: 
Encoding: plain
========================================

$@MID@$: 228
Date: Tue, 28 Apr 2026 22:09:11 +0000
In reply to: 227
Event: 078
Station: LCM_04
Instrument: RingNet
Attached: 202um | Flowmeter
Number_of_Bottles: 
Flowmeter S/N: 
Flowmeter Start: 84327
Flowmeter End: 
Action: Bottom
Sounding: 407.54
Sample ID: 523654
End_Sample_ID: 
Wire out: 
Wire Angle: 
Net Clogging: 
Wind Direction: 
Wind Speed (nm): 
Sky (condition): 
Swell Direction: 
Swell Height (M): 
Sea (Condition): 
Depth: 
Author: Rebecca Milne
IMEI_No: 
WMO_No: 
S/N: 
Name: 
Comment: 
Time|Position: 2026-04-28 | 220911.0047 | 44 46.79662 N | 57 14.99324 W
Cruise: JC290
PI: Lindsay Beazley
Protocol: AZMP
Platform: James Cook
Revisions: 
Mooring Number: 
Number of RCMs: 
Number of MicroCATs: 
Number of Temperature Recorders: 
Number of Amars: 
Attachment: 
Encoding: plain
========================================

