$@MID@$: 129
Date: Sun, 26 Apr 2026 00:50:12 +0000
Reply to: 130
Event: 045
Station: HL_03.3
Instrument: CTD
Attached: pH
Number_of_Bottles: 
Flowmeter S/N: 
Flowmeter Start: 
Flowmeter End: 
Action: Deployed
Sounding: 210.43
Sample ID: 523376
End_Sample_ID: 523386
Wire out: 
Wire Angle: 
Net Clogging: 
Wind Direction: 
Wind Speed (nm): 
Sky (condition): 
Swell Direction: 
Swell Height (M): 
Sea (Condition): 
Depth: 
Author: Meng Ji
IMEI_No: 
WMO_No: 
S/N: 
Name: 
Comment: SUNA on. Appears to be working.
Time|Position: 2026-04-26 | 005012.0007 | 43 45.75949 N | 62 45.19438 W
Cruise: JC290
PI: Lindsay Beazley
Protocol: AZMP
Platform: James Cook
Revisions: 
Mooring Number: 
Number of RCMs: 
Number of MicroCATs: 
Number of Temperature Recorders: 
Number of Amars: 
Attachment: 
Encoding: plain
========================================

$@MID@$: 130
Date: Sun, 26 Apr 2026 01:04:26 +0000
Reply to: 131
In reply to: 129
Event: 045
Station: HL_03.3
Instrument: CTD
Attached: pH
Number_of_Bottles: 
Flowmeter S/N: 
Flowmeter Start: 
Flowmeter End: 
Action: Bottom
Sounding: 210.35
Sample ID: 523376
End_Sample_ID: 523386
Wire out: 
Wire Angle: 
Net Clogging: 
Wind Direction: 
Wind Speed (nm): 
Sky (condition): 
Swell Direction: 
Swell Height (M): 
Sea (Condition): 
Depth: 
Author: Meng Ji
IMEI_No: 
WMO_No: 
S/N: 
Name: 
Comment: 
Time|Position: 2026-04-26 | 010426.0003 | 43 45.75927 N | 62 45.19394 W
Cruise: JC290
PI: Lindsay Beazley
Protocol: AZMP
Platform: James Cook
Revisions: 
Mooring Number: 
Number of RCMs: 
Number of MicroCATs: 
Number of Temperature Recorders: 
Number of Amars: 
Attachment: 
Encoding: plain
========================================

$@MID@$: 131
Date: Sun, 26 Apr 2026 01:33:58 +0000
In reply to: 130
Event: 045
Station: HL_03.3
Instrument: CTD
Attached: pH
Number_of_Bottles: 
Flowmeter S/N: 
Flowmeter Start: 
Flowmeter End: 
Action: Recovered
Sounding: 210.46
Sample ID: 523376
End_Sample_ID: 523386
Wire out: 
Wire Angle: 
Net Clogging: 
Wind Direction: 
Wind Speed (nm): 
Sky (condition): 
Swell Direction: 
Swell Height (M): 
Sea (Condition): 
Depth: 
Author: Meng Ji
IMEI_No: 
WMO_No: 
S/N: 
Name: 
Comment: 
Time|Position: 2026-04-26 | 013358.0022 | 43 45.76044 N | 62 45.19398 W
Cruise: JC290
PI: Lindsay Beazley
Protocol: AZMP
Platform: James Cook
Revisions: 
Mooring Number: 
Number of RCMs: 
Number of MicroCATs: 
Number of Temperature Recorders: 
Number of Amars: 
Attachment: 
Encoding: plain
========================================

$@MID@$: 132
Date: Sun, 26 Apr 2026 01:45:36 +0000
Reply to: 133
Event: 046
Station: HL_03.3
Instrument: RingNet
Attached: 202um | Flowmeter
Number_of_Bottles: 
Flowmeter S/N: 
Flowmeter Start: 
Flowmeter End: 
Action: Deployed
Sounding: 210.39
Sample ID: 523387
End_Sample_ID: 
Wire out: 
Wire Angle: 
Net Clogging: 
Wind Direction: 
Wind Speed (nm): 
Sky (condition): 
Swell Direction: 
Swell Height (M): 
Sea (Condition): 
Depth: 
Author: Rebecca Milne
IMEI_No: 
WMO_No: 
S/N: 
Name: 
Comment: 
Time|Position: 2026-04-26 | 014536.0046 | 43 45.75918 N | 62 45.19496 W
Cruise: JC290
PI: Lindsay Beazley
Protocol: AZMP
Platform: James Cook
Revisions: 
Mooring Number: 
Number of RCMs: 
Number of MicroCATs: 
Number of Temperature Recorders: 
Number of Amars: 
Attachment: 
Encoding: plain
========================================

$@MID@$: 133
Date: Sun, 26 Apr 2026 01:52:08 +0000
Reply to: 134
In reply to: 132
Event: 046
Station: HL_03.3
Instrument: RingNet
Attached: 202um | Flowmeter
Number_of_Bottles: 
Flowmeter S/N: 
Flowmeter Start: 
Flowmeter End: 
Action: Bottom
Sounding: 210.69
Sample ID: 523387
End_Sample_ID: 
Wire out: 
Wire Angle: 
Net Clogging: 
Wind Direction: 
Wind Speed (nm): 
Sky (condition): 
Swell Direction: 
Swell Height (M): 
Sea (Condition): 
Depth: 
Author: Rebecca Milne
IMEI_No: 
WMO_No: 
S/N: 
Name: 
Comment: 
Time|Position: 2026-04-26 | 015208.0010 | 43 45.75930 N | 62 45.19469 W
Cruise: JC290
PI: Lindsay Beazley
Protocol: AZMP
Platform: James Cook
Revisions: 
Mooring Number: 
Number of RCMs: 
Number of MicroCATs: 
Number of Temperature Recorders: 
Number of Amars: 
Attachment: 
Encoding: plain
========================================

$@MID@$: 134
Date: Sun, 26 Apr 2026 01:57:57 +0000
In reply to: 133
Event: 046
Station: HL_03.3
Instrument: RingNet
Attached: 202um | Flowmeter
Number_of_Bottles: 
Flowmeter S/N: 
Flowmeter Start: 64010
Flowmeter End: 64512
Action: Recovered
Sounding: 210.45
Sample ID: 523387
End_Sample_ID: 
Wire out: 204
Wire Angle: 0
Net Clogging: 
Wind Direction: 
Wind Speed (nm): 
Sky (condition): 
Swell Direction: 
Swell Height (M): 
Sea (Condition): 
Depth: 
Author: Rebecca Milne
IMEI_No: 
WMO_No: 
S/N: 
Name: 
Comment: 
Time|Position: 2026-04-26 | 015757.0045 | 43 45.76006 N | 62 45.19529 W
Cruise: JC290
PI: Lindsay Beazley
Protocol: AZMP
Platform: James Cook
Revisions: 26/Apr/2026 02:17:30
Mooring Number: 
Number of RCMs: 
Number of MicroCATs: 
Number of Temperature Recorders: 
Number of Amars: 
Attachment: 
Encoding: plain
========================================

$@MID@$: 135
Date: Sun, 26 Apr 2026 04:38:16 +0000
Reply to: 136
Event: 047
Station: HL_04
Instrument: CTD
Attached: pH
Number_of_Bottles: 
Flowmeter S/N: 
Flowmeter Start: 
Flowmeter End: 
Action: Deployed
Sounding: 87.37
Sample ID: 523388
End_Sample_ID: 523404
Wire out: 
Wire Angle: 
Net Clogging: 
Wind Direction: 
Wind Speed (nm): 
Sky (condition): 
Swell Direction: 
Swell Height (M): 
Sea (Condition): 
Depth: 
Author: Meng Ji
IMEI_No: 
WMO_No: 
S/N: 
Name: 
Comment: 
Time|Position: 2026-04-26 | 043816.0032 | 43 28.72819 N | 62 27.10148 W
Cruise: JC290
PI: Lindsay Beazley
Protocol: AZMP
Platform: James Cook
Revisions: 
Mooring Number: 
Number of RCMs: 
Number of MicroCATs: 
Number of Temperature Recorders: 
Number of Amars: 
Attachment: 
Encoding: plain
========================================

$@MID@$: 136
Date: Sun, 26 Apr 2026 04:49:42 +0000
Reply to: 137
In reply to: 135
Event: 047
Station: HL_04
Instrument: CTD
Attached: pH
Number_of_Bottles: 
Flowmeter S/N: 
Flowmeter Start: 
Flowmeter End: 
Action: Bottom
Sounding: 87.50
Sample ID: 523388
End_Sample_ID: 523404
Wire out: 
Wire Angle: 
Net Clogging: 
Wind Direction: 
Wind Speed (nm): 
Sky (condition): 
Swell Direction: 
Swell Height (M): 
Sea (Condition): 
Depth: 
Author: Meng Ji
IMEI_No: 
WMO_No: 
S/N: 
Name: 
Comment: SUNA not working values consistent at -24
Time|Position: 2026-04-26 | 044942.0021 | 43 28.72846 N | 62 27.10214 W
Cruise: JC290
PI: Lindsay Beazley
Protocol: AZMP
Platform: James Cook
Revisions: 
Mooring Number: 
Number of RCMs: 
Number of MicroCATs: 
Number of Temperature Recorders: 
Number of Amars: 
Attachment: 
Encoding: plain
========================================

$@MID@$: 137
Date: Sun, 26 Apr 2026 05:11:16 +0000
In reply to: 136
Event: 047
Station: HL_04
Instrument: CTD
Attached: pH
Number_of_Bottles: 
Flowmeter S/N: 
Flowmeter Start: 
Flowmeter End: 
Action: Recovered
Sounding: 87.84
Sample ID: 523388
End_Sample_ID: 523404
Wire out: 
Wire Angle: 
Net Clogging: 
Wind Direction: 
Wind Speed (nm): 
Sky (condition): 
Swell Direction: 
Swell Height (M): 
Sea (Condition): 
Depth: 
Author: Meng Ji
IMEI_No: 
WMO_No: 
S/N: 
Name: 
Comment: 
Time|Position: 2026-04-26 | 051116.0013 | 43 28.72824 N | 62 27.10187 W
Cruise: JC290
PI: Lindsay Beazley
Protocol: AZMP
Platform: James Cook
Revisions: 
Mooring Number: 
Number of RCMs: 
Number of MicroCATs: 
Number of Temperature Recorders: 
Number of Amars: 
Attachment: 
Encoding: plain
========================================

$@MID@$: 138
Date: Sun, 26 Apr 2026 05:22:42 +0000
Reply to: 139
Event: 048
Station: HL_04
Instrument: RingNet
Attached: 202um | Flowmeter
Number_of_Bottles: 
Flowmeter S/N: 
Flowmeter Start: 64512
Flowmeter End: 
Action: Deployed
Sounding: 87.68
Sample ID: 523405
End_Sample_ID: 
Wire out: 
Wire Angle: 
Net Clogging: 
Wind Direction: 
Wind Speed (nm): 
Sky (condition): 
Swell Direction: 
Swell Height (M): 
Sea (Condition): 
Depth: 
Author: Rebecca Milne
IMEI_No: 
WMO_No: 
S/N: 
Name: 
Comment: 
Time|Position: 2026-04-26 | 052242.0050 | 43 28.72851 N | 62 27.10201 W
Cruise: JC290
PI: Lindsay Beazley
Protocol: AZMP
Platform: James Cook
Revisions: 
Mooring Number: 
Number of RCMs: 
Number of MicroCATs: 
Number of Temperature Recorders: 
Number of Amars: 
Attachment: 
Encoding: plain
========================================

$@MID@$: 139
Date: Sun, 26 Apr 2026 05:25:33 +0000
Reply to: 140
In reply to: 138
Event: 048
Station: HL_04
Instrument: RingNet
Attached: 202um | Flowmeter
Number_of_Bottles: 
Flowmeter S/N: 
Flowmeter Start: 64512
Flowmeter End: 
Action: Bottom
Sounding: 87.84
Sample ID: 523405
End_Sample_ID: 
Wire out: 
Wire Angle: 
Net Clogging: 
Wind Direction: 
Wind Speed (nm): 
Sky (condition): 
Swell Direction: 
Swell Height (M): 
Sea (Condition): 
Depth: 
Author: Rebecca Milne
IMEI_No: 
WMO_No: 
S/N: 
Name: 
Comment: 
Time|Position: 2026-04-26 | 052533.0027 | 43 28.72889 N | 62 27.10121 W
Cruise: JC290
PI: Lindsay Beazley
Protocol: AZMP
Platform: James Cook
Revisions: 
Mooring Number: 
Number of RCMs: 
Number of MicroCATs: 
Number of Temperature Recorders: 
Number of Amars: 
Attachment: 
Encoding: plain
========================================

$@MID@$: 140
Date: Sun, 26 Apr 2026 05:29:44 +0000
In reply to: 139
Event: 048
Station: HL_04
Instrument: RingNet
Attached: 202um | Flowmeter
Number_of_Bottles: 
Flowmeter S/N: 
Flowmeter Start: 64512
Flowmeter End: 64743
Action: Recovered
Sounding: 87.55
Sample ID: 523405
End_Sample_ID: 
Wire out: 78
Wire Angle: 0
Net Clogging: 
Wind Direction: 
Wind Speed (nm): 
Sky (condition): 
Swell Direction: 
Swell Height (M): 
Sea (Condition): 
Depth: 
Author: Rebecca Milne
IMEI_No: 
WMO_No: 
S/N: 
Name: 
Comment: ring scraped hull on recovery
Time|Position: 2026-04-26 | 052944.0021 | 43 28.72806 N | 62 27.10129 W
Cruise: JC290
PI: Lindsay Beazley
Protocol: AZMP
Platform: James Cook
Revisions: 26/Apr/2026 06:00:21
Mooring Number: 
Number of RCMs: 
Number of MicroCATs: 
Number of Temperature Recorders: 
Number of Amars: 
Attachment: 
Encoding: plain
========================================

$@MID@$: 141
Date: Sun, 26 Apr 2026 07:53:11 +0000
Reply to: 142
Event: 049
Station: HL_05
Instrument: CTD
Attached: pH
Number_of_Bottles: 
Flowmeter S/N: 
Flowmeter Start: 
Flowmeter End: 
Action: Deployed
Sounding: 103.29
Sample ID: 523406
End_Sample_ID: 523417
Wire out: 
Wire Angle: 
Net Clogging: 
Wind Direction: 
Wind Speed (nm): 
Sky (condition): 
Swell Direction: 
Swell Height (M): 
Sea (Condition): 
Depth: 
Author: Meng Ji
IMEI_No: 
WMO_No: 
S/N: 
Name: 
Comment: 
Time|Position: 2026-04-26 | 075311.0045 | 43 10.93594 N | 62 05.89366 W
Cruise: JC290
PI: Lindsay Beazley
Protocol: AZMP
Platform: James Cook
Revisions: 
Mooring Number: 
Number of RCMs: 
Number of MicroCATs: 
Number of Temperature Recorders: 
Number of Amars: 
Attachment: 
Encoding: plain
========================================

$@MID@$: 142
Date: Sun, 26 Apr 2026 08:04:53 +0000
Reply to: 143
In reply to: 141
Event: 049
Station: HL_05
Instrument: CTD
Attached: pH
Number_of_Bottles: 
Flowmeter S/N: 
Flowmeter Start: 
Flowmeter End: 
Action: Bottom
Sounding: 103.35
Sample ID: 523406
End_Sample_ID: 523417
Wire out: 
Wire Angle: 
Net Clogging: 
Wind Direction: 
Wind Speed (nm): 
Sky (condition): 
Swell Direction: 
Swell Height (M): 
Sea (Condition): 
Depth: 
Author: Meng Ji
IMEI_No: 
WMO_No: 
S/N: 
Name: 
Comment: 
Time|Position: 2026-04-26 | 080453.0026 | 43 10.94968 N | 62 05.89659 W
Cruise: JC290
PI: Lindsay Beazley
Protocol: AZMP
Platform: James Cook
Revisions: 
Mooring Number: 
Number of RCMs: 
Number of MicroCATs: 
Number of Temperature Recorders: 
Number of Amars: 
Attachment: 
Encoding: plain
========================================

$@MID@$: 143
Date: Sun, 26 Apr 2026 08:26:05 +0000
In reply to: 142
Event: 049
Station: HL_05
Instrument: CTD
Attached: pH
Number_of_Bottles: 
Flowmeter S/N: 
Flowmeter Start: 
Flowmeter End: 
Action: Recovered
Sounding: 103.28
Sample ID: 523406
End_Sample_ID: 523417
Wire out: 
Wire Angle: 
Net Clogging: 
Wind Direction: 
Wind Speed (nm): 
Sky (condition): 
Swell Direction: 
Swell Height (M): 
Sea (Condition): 
Depth: 
Author: Meng Ji
IMEI_No: 
WMO_No: 
S/N: 
Name: 
Comment: 
Time|Position: 2026-04-26 | 082605.0036 | 43 10.94998 N | 62 05.89735 W
Cruise: JC290
PI: Lindsay Beazley
Protocol: AZMP
Platform: James Cook
Revisions: 
Mooring Number: 
Number of RCMs: 
Number of MicroCATs: 
Number of Temperature Recorders: 
Number of Amars: 
Attachment: 
Encoding: plain
========================================

$@MID@$: 144
Date: Sun, 26 Apr 2026 08:35:49 +0000
Reply to: 145
Event: 050
Station: HL_05
Instrument: RingNet
Attached: 202um | Flowmeter
Number_of_Bottles: 
Flowmeter S/N: 
Flowmeter Start: 64743
Flowmeter End: 
Action: Deployed
Sounding: 103.50
Sample ID: 523418
End_Sample_ID: 
Wire out: 
Wire Angle: 
Net Clogging: 
Wind Direction: 
Wind Speed (nm): 
Sky (condition): 
Swell Direction: 
Swell Height (M): 
Sea (Condition): 
Depth: 
Author: Rebecca Milne
IMEI_No: 
WMO_No: 
S/N: 
Name: 
Comment: 
Time|Position: 2026-04-26 | 083549.0023 | 43 10.95126 N | 62 05.89464 W
Cruise: JC290
PI: Lindsay Beazley
Protocol: AZMP
Platform: James Cook
Revisions: 
Mooring Number: 
Number of RCMs: 
Number of MicroCATs: 
Number of Temperature Recorders: 
Number of Amars: 
Attachment: 
Encoding: plain
========================================

$@MID@$: 145
Date: Sun, 26 Apr 2026 08:39:07 +0000
Reply to: 146
In reply to: 144
Event: 050
Station: HL_05
Instrument: RingNet
Attached: 202um | Flowmeter
Number_of_Bottles: 
Flowmeter S/N: 
Flowmeter Start: 64743
Flowmeter End: 
Action: Bottom
Sounding: 103.30
Sample ID: 523418
End_Sample_ID: 
Wire out: 93
Wire Angle: 
Net Clogging: 
Wind Direction: 
Wind Speed (nm): 
Sky (condition): 
Swell Direction: 
Swell Height (M): 
Sea (Condition): 
Depth: 
Author: Rebecca Milne
IMEI_No: 
WMO_No: 
S/N: 
Name: 
Comment: 
Time|Position: 2026-04-26 | 083907.0036 | 43 10.95039 N | 62 05.89649 W
Cruise: JC290
PI: Lindsay Beazley
Protocol: AZMP
Platform: James Cook
Revisions: 
Mooring Number: 
Number of RCMs: 
Number of MicroCATs: 
Number of Temperature Recorders: 
Number of Amars: 
Attachment: 
Encoding: plain
========================================

$@MID@$: 146
Date: Sun, 26 Apr 2026 08:42:51 +0000
In reply to: 145
Event: 050
Station: HL_05
Instrument: RingNet
Attached: 202um | Flowmeter
Number_of_Bottles: 
Flowmeter S/N: 
Flowmeter Start: 64743
Flowmeter End: 65001
Action: Recovered
Sounding: 103.18
Sample ID: 523418
End_Sample_ID: 
Wire out: 93
Wire Angle: 0
Net Clogging: 
Wind Direction: 
Wind Speed (nm): 
Sky (condition): 
Swell Direction: 
Swell Height (M): 
Sea (Condition): 
Depth: 
Author: Rebecca Milne
IMEI_No: 
WMO_No: 
S/N: 
Name: 
Comment: 
Time|Position: 2026-04-26 | 084250.0004 | 43 10.95059 N | 62 05.89702 W
Cruise: JC290
PI: Lindsay Beazley
Protocol: AZMP
Platform: James Cook
Revisions: 26/Apr/2026 09:02:30
Mooring Number: 
Number of RCMs: 
Number of MicroCATs: 
Number of Temperature Recorders: 
Number of Amars: 
Attachment: 
Encoding: plain
========================================

