$@MID@$: 340
Date: Sat, 02 May 2026 00:11:54 +0000
In reply to: 339
Event: 115
Station: CSL_05
Instrument: CTD
Attached: pH
Number_of_Bottles: 
Flowmeter S/N: 
Flowmeter Start: 
Flowmeter End: 
Action: Recovered
Sounding: 482.24
Sample ID: 523943
End_Sample_ID: 523959
Wire out: 
Wire Angle: 
Net Clogging: 
Wind Direction: 
Wind Speed (nm): 
Sky (condition): 
Swell Direction: 
Swell Height (M): 
Sea (Condition): 
Depth: 
Author: Meng Ji
IMEI_No: 
WMO_No: 
S/N: 
Name: 
Comment: 
Time|Position: 2026-05-02 | 001154.0040 | 47 25.95915 N | 59 33.58563 W
Cruise: JC290
PI: Lindsay Beazley
Protocol: AZMP
Platform: James Cook
Revisions: 
Mooring Number: 
Number of RCMs: 
Number of MicroCATs: 
Number of Temperature Recorders: 
Number of Amars: 
Attachment: 
Encoding: plain
========================================

$@MID@$: 341
Date: Sat, 02 May 2026 00:23:43 +0000
Reply to: 342
Event: 116
Station: CSL_05
Instrument: RingNet
Attached: 202um | Flowmeter
Number_of_Bottles: 
Flowmeter S/N: 
Flowmeter Start: 
Flowmeter End: 
Action: Deployed
Sounding: 482.44
Sample ID: 523960
End_Sample_ID: 
Wire out: 
Wire Angle: 
Net Clogging: 
Wind Direction: 
Wind Speed (nm): 
Sky (condition): 
Swell Direction: 
Swell Height (M): 
Sea (Condition): 
Depth: 
Author: Rebecca Milne
IMEI_No: 
WMO_No: 
S/N: 
Name: 
Comment: 
Time|Position: 2026-05-02 | 002343.0005 | 47 25.95864 N | 59 33.58356 W
Cruise: JC290
PI: Lindsay Beazley
Protocol: AZMP
Platform: James Cook
Revisions: 
Mooring Number: 
Number of RCMs: 
Number of MicroCATs: 
Number of Temperature Recorders: 
Number of Amars: 
Attachment: 
Encoding: plain
========================================

$@MID@$: 342
Date: Sat, 02 May 2026 00:38:42 +0000
Reply to: 343
In reply to: 341
Event: 116
Station: CSL_05
Instrument: RingNet
Attached: 202um | Flowmeter
Number_of_Bottles: 
Flowmeter S/N: 
Flowmeter Start: 
Flowmeter End: 
Action: Bottom
Sounding: 485.72
Sample ID: 523960
End_Sample_ID: 
Wire out: 
Wire Angle: 
Net Clogging: 
Wind Direction: 
Wind Speed (nm): 
Sky (condition): 
Swell Direction: 
Swell Height (M): 
Sea (Condition): 
Depth: 
Author: Rebecca Milne
IMEI_No: 
WMO_No: 
S/N: 
Name: 
Comment: 
Time|Position: 2026-05-02 | 003842.0012 | 47 25.98078 N | 59 33.57793 W
Cruise: JC290
PI: Lindsay Beazley
Protocol: AZMP
Platform: James Cook
Revisions: 
Mooring Number: 
Number of RCMs: 
Number of MicroCATs: 
Number of Temperature Recorders: 
Number of Amars: 
Attachment: 
Encoding: plain
========================================

$@MID@$: 343
Date: Sat, 02 May 2026 01:04:01 +0000
In reply to: 342
Event: 116
Station: CSL_05
Instrument: RingNet
Attached: 202um | Flowmeter
Number_of_Bottles: 
Flowmeter S/N: 
Flowmeter Start: 48076
Flowmeter End: 49747
Action: Recovered
Sounding: 482.12
Sample ID: 523960
End_Sample_ID: 
Wire out: 475
Wire Angle: 8
Net Clogging: 
Wind Direction: 
Wind Speed (nm): 
Sky (condition): 
Swell Direction: 
Swell Height (M): 
Sea (Condition): 
Depth: 
Author: Rebecca Milne
IMEI_No: 
WMO_No: 
S/N: 
Name: 
Comment: 
Time|Position: 2026-05-02 | 004901.0008 | 47 26.82644 N | 59 32.17303 W
Cruise: JC290
PI: Lindsay Beazley
Protocol: AZMP
Platform: James Cook
Revisions: 02/May/2026 11:32:13
Mooring Number: 
Number of RCMs: 
Number of MicroCATs: 
Number of Temperature Recorders: 
Number of Amars: 
Attachment: 
Encoding: plain
========================================

$@MID@$: 344
Date: Sat, 02 May 2026 02:41:34 +0000
Reply to: 345
Event: 117
Station: CSL_06
Instrument: CTD
Attached: pH
Number_of_Bottles: 
Flowmeter S/N: 
Flowmeter Start: 
Flowmeter End: 
Action: Deployed
Sounding: 279.52
Sample ID: 
End_Sample_ID: 
Wire out: 
Wire Angle: 
Net Clogging: 
Wind Direction: 
Wind Speed (nm): 
Sky (condition): 
Swell Direction: 
Swell Height (M): 
Sea (Condition): 
Depth: 
Author: Meng Ji
IMEI_No: 
WMO_No: 
S/N: 
Name: 
Comment: 1km/0.5nm away from actual station
Time|Position: 2026-05-02 | 024134.0010 | 47 34.98361 N | 59 21.21697 W
Cruise: JC290
PI: Lindsay Beazley
Protocol: AZMP
Platform: James Cook
Revisions: 02/May/2026 10:20:36
Mooring Number: 
Number of RCMs: 
Number of MicroCATs: 
Number of Temperature Recorders: 
Number of Amars: 
Attachment: 
Encoding: plain
========================================

$@MID@$: 345
Date: Sat, 02 May 2026 03:01:36 +0000
Reply to: 346
In reply to: 344
Event: 117
Station: CSL_06
Instrument: CTD
Attached: pH
Number_of_Bottles: 
Flowmeter S/N: 
Flowmeter Start: 
Flowmeter End: 
Action: Bottom
Sounding: 284.78
Sample ID: 
End_Sample_ID: 
Wire out: 
Wire Angle: 
Net Clogging: 
Wind Direction: 
Wind Speed (nm): 
Sky (condition): 
Swell Direction: 
Swell Height (M): 
Sea (Condition): 
Depth: 
Author: Meng Ji
IMEI_No: 
WMO_No: 
S/N: 
Name: 
Comment: 
Time|Position: 2026-05-02 | 030136.0051 | 47 35.20036 N | 59 21.78502 W
Cruise: JC290
PI: Lindsay Beazley
Protocol: AZMP
Platform: James Cook
Revisions: 02/May/2026 10:20:46
Mooring Number: 
Number of RCMs: 
Number of MicroCATs: 
Number of Temperature Recorders: 
Number of Amars: 
Attachment: 
Encoding: plain
========================================

$@MID@$: 346
Date: Sat, 02 May 2026 03:33:49 +0000
In reply to: 345
Event: 117
Station: CSL_06
Instrument: CTD
Attached: pH
Number_of_Bottles: 
Flowmeter S/N: 
Flowmeter Start: 
Flowmeter End: 
Action: Recovered
Sounding: 278.31
Sample ID: 
End_Sample_ID: 
Wire out: 
Wire Angle: 
Net Clogging: 
Wind Direction: 
Wind Speed (nm): 
Sky (condition): 
Swell Direction: 
Swell Height (M): 
Sea (Condition): 
Depth: 
Author: Meng Ji
IMEI_No: 
WMO_No: 
S/N: 
Name: 
Comment: too many empty niskins to use - CTD recast , NO BOTTLE DATA Collected!
Time|Position: 2026-05-02 | 033349.0049 | 47 35.60601 N | 59 22.87922 W
Cruise: JC290
PI: Lindsay Beazley
Protocol: AZMP
Platform: James Cook
Revisions: 02/May/2026 13:06:50
Mooring Number: 
Number of RCMs: 
Number of MicroCATs: 
Number of Temperature Recorders: 
Number of Amars: 
Attachment: 
Encoding: plain
========================================

$@MID@$: 347
Date: Sat, 02 May 2026 04:13:01 +0000
Reply to: 348
Event: 118
Station: CSL_06
Instrument: RingNet
Attached: 202um | Flowmeter
Number_of_Bottles: 
Flowmeter S/N: 
Flowmeter Start: 49747
Flowmeter End: 
Action: Deployed
Sounding: 276.93
Sample ID: 523982
End_Sample_ID: 
Wire out: 
Wire Angle: 
Net Clogging: 
Wind Direction: 
Wind Speed (nm): 
Sky (condition): 
Swell Direction: 
Swell Height (M): 
Sea (Condition): 
Depth: 
Author: Rebecca Milne
IMEI_No: 
WMO_No: 
S/N: 
Name: 
Comment: 1km away from station
Time|Position: 2026-05-02 | 041300.0007 | 47 35.10757 N | 59 21.44415 W
Cruise: JC290
PI: Lindsay Beazley
Protocol: AZMP
Platform: James Cook
Revisions: 02/May/2026 07:46:12
Mooring Number: 
Number of RCMs: 
Number of MicroCATs: 
Number of Temperature Recorders: 
Number of Amars: 
Attachment: 
Encoding: plain
========================================

$@MID@$: 348
Date: Sat, 02 May 2026 04:22:08 +0000
Reply to: 349
In reply to: 347
Event: 118
Station: CSL_06
Instrument: RingNet
Attached: 202um | Flowmeter
Number_of_Bottles: 
Flowmeter S/N: 
Flowmeter Start: 49747
Flowmeter End: 
Action: Bottom
Sounding: 282.96
Sample ID: 523982
End_Sample_ID: 
Wire out: 270
Wire Angle: 10
Net Clogging: 
Wind Direction: 
Wind Speed (nm): 
Sky (condition): 
Swell Direction: 
Swell Height (M): 
Sea (Condition): 
Depth: 
Author: Rebecca Milne
IMEI_No: 
WMO_No: 
S/N: 
Name: 
Comment: 
Time|Position: 2026-05-02 | 042208.0047 | 47 35.33760 N | 59 21.64092 W
Cruise: JC290
PI: Lindsay Beazley
Protocol: AZMP
Platform: James Cook
Revisions: 
Mooring Number: 
Number of RCMs: 
Number of MicroCATs: 
Number of Temperature Recorders: 
Number of Amars: 
Attachment: 
Encoding: plain
========================================

$@MID@$: 349
Date: Sat, 02 May 2026 04:29:32 +0000
In reply to: 348
Event: 118
Station: CSL_06
Instrument: RingNet
Attached: 202um | Flowmeter
Number_of_Bottles: 
Flowmeter S/N: 
Flowmeter Start: 49747
Flowmeter End: 50851
Action: Recovered
Sounding: 277.63
Sample ID: 523982
End_Sample_ID: 
Wire out: 270
Wire Angle: 10
Net Clogging: 
Wind Direction: 
Wind Speed (nm): 
Sky (condition): 
Swell Direction: 
Swell Height (M): 
Sea (Condition): 
Depth: 
Author: Rebecca Milne
IMEI_No: 
WMO_No: 
S/N: 
Name: 
Comment: 
Time|Position: 2026-05-02 | 042932.0003 | 47 35.50035 N | 59 21.74685 W
Cruise: JC290
PI: Lindsay Beazley
Protocol: AZMP
Platform: James Cook
Revisions: 
Mooring Number: 
Number of RCMs: 
Number of MicroCATs: 
Number of Temperature Recorders: 
Number of Amars: 
Attachment: 
Encoding: plain
========================================

$@MID@$: 350
Date: Sat, 02 May 2026 04:51:08 +0000
Reply to: 351
Event: 119
Station: CSL_06
Instrument: CTD
Attached: pH
Number_of_Bottles: 
Flowmeter S/N: 
Flowmeter Start: 
Flowmeter End: 
Action: Deployed
Sounding: 278.45
Sample ID: 523961
End_Sample_ID: 523981
Wire out: 
Wire Angle: 
Net Clogging: 
Wind Direction: 
Wind Speed (nm): 
Sky (condition): 
Swell Direction: 
Swell Height (M): 
Sea (Condition): 
Depth: 
Author: Meng Ji
IMEI_No: 
WMO_No: 
S/N: 
Name: 
Comment: Redeployment at CSL06 as Niskin bottles leaked on first cast event 117 and 1km/0.5nm away from actual station due to strong currents
Time|Position: 2026-05-02 | 045107.0038 | 47 34.99688 N | 59 21.22487 W
Cruise: JC290
PI: Lindsay Beazley
Protocol: AZMP
Platform: James Cook
Revisions: 
Mooring Number: 
Number of RCMs: 
Number of MicroCATs: 
Number of Temperature Recorders: 
Number of Amars: 
Attachment: 
Encoding: plain
========================================

$@MID@$: 351
Date: Sat, 02 May 2026 05:07:15 +0000
Reply to: 352
In reply to: 350
Event: 119
Station: CSL_06
Instrument: CTD
Attached: pH
Number_of_Bottles: 
Flowmeter S/N: 
Flowmeter Start: 
Flowmeter End: 
Action: Bottom
Sounding: 280.60
Sample ID: 523961
End_Sample_ID: 523981
Wire out: 
Wire Angle: 
Net Clogging: 
Wind Direction: 
Wind Speed (nm): 
Sky (condition): 
Swell Direction: 
Swell Height (M): 
Sea (Condition): 
Depth: 
Author: Meng Ji
IMEI_No: 
WMO_No: 
S/N: 
Name: 
Comment: 7m from bottom due to ship drift
Time|Position: 2026-05-02 | 050715.0019 | 47 35.14286 N | 59 21.62850 W
Cruise: JC290
PI: Lindsay Beazley
Protocol: AZMP
Platform: James Cook
Revisions: 02/May/2026 05:40:37
Mooring Number: 
Number of RCMs: 
Number of MicroCATs: 
Number of Temperature Recorders: 
Number of Amars: 
Attachment: 
Encoding: plain
========================================

$@MID@$: 352
Date: Sat, 02 May 2026 05:39:51 +0000
In reply to: 351
Event: 119
Station: CSL_06
Instrument: CTD
Attached: pH
Number_of_Bottles: 
Flowmeter S/N: 
Flowmeter Start: 
Flowmeter End: 
Action: Recovered
Sounding: 283.75
Sample ID: 523961
End_Sample_ID: 523981
Wire out: 
Wire Angle: 
Net Clogging: 
Wind Direction: 
Wind Speed (nm): 
Sky (condition): 
Swell Direction: 
Swell Height (M): 
Sea (Condition): 
Depth: 
Author: Meng Ji
IMEI_No: 
WMO_No: 
S/N: 
Name: 
Comment: 5m due to currents
Time|Position: 2026-05-02 | 053951.0041 | 47 35.24918 N | 59 21.92293 W
Cruise: JC290
PI: Lindsay Beazley
Protocol: AZMP
Platform: James Cook
Revisions: 
Mooring Number: 
Number of RCMs: 
Number of MicroCATs: 
Number of Temperature Recorders: 
Number of Amars: 
Attachment: 
Encoding: plain
========================================

$@MID@$: 353
Date: Sat, 02 May 2026 13:15:56 +0000
Reply to: 354
Event: 120
Station: STAB_06
Instrument: CTD
Attached: pH
Number_of_Bottles: 
Flowmeter S/N: 
Flowmeter Start: 
Flowmeter End: 
Action: Deployed
Sounding: 422.56
Sample ID: 523983
End_Sample_ID: 524004
Wire out: 
Wire Angle: 
Net Clogging: 
Wind Direction: 
Wind Speed (nm): 
Sky (condition): 
Swell Direction: 
Swell Height (M): 
Sea (Condition): 
Depth: 
Author: Lisa Baxter
IMEI_No: 
WMO_No: 
S/N: 
Name: 
Comment: 
Time|Position: 2026-05-02 | 131556.0047 | 46 38.72718 N | 58 32.77292 W
Cruise: JC290
PI: Lindsay Beazley
Protocol: AZMP
Platform: James Cook
Revisions: 
Mooring Number: 
Number of RCMs: 
Number of MicroCATs: 
Number of Temperature Recorders: 
Number of Amars: 
Attachment: 
Encoding: plain
========================================

$@MID@$: 354
Date: Sat, 02 May 2026 13:34:34 +0000
Reply to: 355
In reply to: 353
Event: 120
Station: STAB_06
Instrument: CTD
Attached: pH
Number_of_Bottles: 
Flowmeter S/N: 
Flowmeter Start: 
Flowmeter End: 
Action: Bottom
Sounding: 422.29
Sample ID: 523983
End_Sample_ID: 524004
Wire out: 
Wire Angle: 
Net Clogging: 
Wind Direction: 
Wind Speed (nm): 
Sky (condition): 
Swell Direction: 
Swell Height (M): 
Sea (Condition): 
Depth: 
Author: Lisa Baxter
IMEI_No: 
WMO_No: 
S/N: 
Name: 
Comment: 
Time|Position: 2026-05-02 | 133434.0005 | 46 38.72683 N | 58 32.77293 W
Cruise: JC290
PI: Lindsay Beazley
Protocol: AZMP
Platform: James Cook
Revisions: 
Mooring Number: 
Number of RCMs: 
Number of MicroCATs: 
Number of Temperature Recorders: 
Number of Amars: 
Attachment: 
Encoding: plain
========================================

$@MID@$: 355
Date: Sat, 02 May 2026 14:03:54 +0000
In reply to: 354
Event: 120
Station: STAB_06
Instrument: CTD
Attached: pH
Number_of_Bottles: 
Flowmeter S/N: 
Flowmeter Start: 
Flowmeter End: 
Action: Recovered
Sounding: 422.32
Sample ID: 523983
End_Sample_ID: 524004
Wire out: 
Wire Angle: 
Net Clogging: 
Wind Direction: 
Wind Speed (nm): 
Sky (condition): 
Swell Direction: 
Swell Height (M): 
Sea (Condition): 
Depth: 
Author: Lisa Baxter
IMEI_No: 
WMO_No: 
S/N: 
Name: 
Comment: 
Time|Position: 2026-05-02 | 140354.0036 | 46 38.72614 N | 58 32.77066 W
Cruise: JC290
PI: Lindsay Beazley
Protocol: AZMP
Platform: James Cook
Revisions: 
Mooring Number: 
Number of RCMs: 
Number of MicroCATs: 
Number of Temperature Recorders: 
Number of Amars: 
Attachment: 
Encoding: plain
========================================

$@MID@$: 356
Date: Sat, 02 May 2026 14:15:14 +0000
Reply to: 357
Event: 121
Station: STAB_06
Instrument: RingNet
Attached: 202um | Flowmeter
Number_of_Bottles: 
Flowmeter S/N: 
Flowmeter Start: 50851
Flowmeter End: 
Action: Deployed
Sounding: 422.17
Sample ID: 524005
End_Sample_ID: 
Wire out: 
Wire Angle: 
Net Clogging: 
Wind Direction: 
Wind Speed (nm): 
Sky (condition): 
Swell Direction: 
Swell Height (M): 
Sea (Condition): 
Depth: 
Author: Lindsay Beazley
IMEI_No: 
WMO_No: 
S/N: 
Name: 
Comment: 
Time|Position: 2026-05-02 | 141514.0031 | 46 38.72667 N | 58 32.77203 W
Cruise: JC290
PI: Lindsay Beazley
Protocol: AZMP
Platform: James Cook
Revisions: 
Mooring Number: 
Number of RCMs: 
Number of MicroCATs: 
Number of Temperature Recorders: 
Number of Amars: 
Attachment: 
Encoding: plain
========================================

$@MID@$: 357
Date: Sat, 02 May 2026 14:28:29 +0000
Reply to: 358
In reply to: 356
Event: 121
Station: STAB_06
Instrument: RingNet
Attached: 202um | Flowmeter
Number_of_Bottles: 
Flowmeter S/N: 
Flowmeter Start: 50851
Flowmeter End: 
Action: Bottom
Sounding: 422.26
Sample ID: 524005
End_Sample_ID: 
Wire out: 425
Wire Angle: 
Net Clogging: 
Wind Direction: 
Wind Speed (nm): 
Sky (condition): 
Swell Direction: 
Swell Height (M): 
Sea (Condition): 
Depth: 
Author: Lindsay Beazley
IMEI_No: 
WMO_No: 
S/N: 
Name: 
Comment: 
Time|Position: 2026-05-02 | 142829.0008 | 46 38.72610 N | 58 32.77315 W
Cruise: JC290
PI: Lindsay Beazley
Protocol: AZMP
Platform: James Cook
Revisions: 
Mooring Number: 
Number of RCMs: 
Number of MicroCATs: 
Number of Temperature Recorders: 
Number of Amars: 
Attachment: 
Encoding: plain
========================================

$@MID@$: 358
Date: Sat, 02 May 2026 14:39:02 +0000
In reply to: 357
Event: 121
Station: STAB_06
Instrument: RingNet
Attached: 202um | Flowmeter
Number_of_Bottles: 
Flowmeter S/N: 
Flowmeter Start: 50851
Flowmeter End: 52258
Action: Recovered
Sounding: 422.24
Sample ID: 524005
End_Sample_ID: 
Wire out: 425
Wire Angle: 5
Net Clogging: 
Wind Direction: 
Wind Speed (nm): 
Sky (condition): 
Swell Direction: 
Swell Height (M): 
Sea (Condition): 
Depth: 
Author: Lindsay Beazley
IMEI_No: 
WMO_No: 
S/N: 
Name: 
Comment: lost small amount of net contents after ship rolled. 
Time|Position: 2026-05-02 | 143902.0019 | 46 38.72677 N | 58 32.77174 W
Cruise: JC290
PI: Lindsay Beazley
Protocol: AZMP
Platform: James Cook
Revisions: 02/May/2026 16:02:31
Mooring Number: 
Number of RCMs: 
Number of MicroCATs: 
Number of Temperature Recorders: 
Number of Amars: 
Attachment: 
Encoding: plain
========================================

$@MID@$: 359
Date: Sat, 02 May 2026 16:49:39 +0000
Reply to: 360
Event: 122
Station: STAB_05
Instrument: CTD
Attached: pH
Number_of_Bottles: 
Flowmeter S/N: 
Flowmeter Start: 
Flowmeter End: 
Action: Deployed
Sounding: 375.49
Sample ID: 524006
End_Sample_ID: 524027
Wire out: 
Wire Angle: 
Net Clogging: 
Wind Direction: 
Wind Speed (nm): 
Sky (condition): 
Swell Direction: 
Swell Height (M): 
Sea (Condition): 
Depth: 
Author: Lisa Baxter
IMEI_No: 
WMO_No: 
S/N: 
Name: 
Comment: 
Time|Position: 2026-05-02 | 164939.0021 | 46 25.01053 N | 58 52.98938 W
Cruise: JC290
PI: Lindsay Beazley
Protocol: AZMP
Platform: James Cook
Revisions: 
Mooring Number: 
Number of RCMs: 
Number of MicroCATs: 
Number of Temperature Recorders: 
Number of Amars: 
Attachment: 
Encoding: plain
========================================

$@MID@$: 360
Date: Sat, 02 May 2026 17:05:37 +0000
Reply to: 361
In reply to: 359
Event: 122
Station: STAB_05
Instrument: CTD
Attached: pH
Number_of_Bottles: 
Flowmeter S/N: 
Flowmeter Start: 
Flowmeter End: 
Action: Bottom
Sounding: 376.92
Sample ID: 524006
End_Sample_ID: 524027
Wire out: 
Wire Angle: 
Net Clogging: 
Wind Direction: 
Wind Speed (nm): 
Sky (condition): 
Swell Direction: 
Swell Height (M): 
Sea (Condition): 
Depth: 
Author: Lisa Baxter
IMEI_No: 
WMO_No: 
S/N: 
Name: 
Comment: 
Time|Position: 2026-05-02 | 170537.0050 | 46 25.01188 N | 58 52.98692 W
Cruise: JC290
PI: Lindsay Beazley
Protocol: AZMP
Platform: James Cook
Revisions: 
Mooring Number: 
Number of RCMs: 
Number of MicroCATs: 
Number of Temperature Recorders: 
Number of Amars: 
Attachment: 
Encoding: plain
========================================

$@MID@$: 361
Date: Sat, 02 May 2026 17:37:57 +0000
In reply to: 360
Event: 122
Station: STAB_05
Instrument: CTD
Attached: pH
Number_of_Bottles: 
Flowmeter S/N: 
Flowmeter Start: 
Flowmeter End: 
Action: Recovered
Sounding: 375.21
Sample ID: 524006
End_Sample_ID: 524027
Wire out: 
Wire Angle: 
Net Clogging: 
Wind Direction: 
Wind Speed (nm): 
Sky (condition): 
Swell Direction: 
Swell Height (M): 
Sea (Condition): 
Depth: 
Author: Lisa Baxter
IMEI_No: 
WMO_No: 
S/N: 
Name: 
Comment: 
Time|Position: 2026-05-02 | 173757.0029 | 46 25.01116 N | 58 52.98798 W
Cruise: JC290
PI: Lindsay Beazley
Protocol: AZMP
Platform: James Cook
Revisions: 
Mooring Number: 
Number of RCMs: 
Number of MicroCATs: 
Number of Temperature Recorders: 
Number of Amars: 
Attachment: 
Encoding: plain
========================================

$@MID@$: 362
Date: Sat, 02 May 2026 17:49:57 +0000
Reply to: 363
Event: 123
Station: STAB_05
Instrument: RingNet
Attached: 202um | Flowmeter
Number_of_Bottles: 
Flowmeter S/N: 
Flowmeter Start: 52259
Flowmeter End: 
Action: Deployed
Sounding: 375.14
Sample ID: 524028
End_Sample_ID: 
Wire out: 
Wire Angle: 
Net Clogging: 
Wind Direction: 
Wind Speed (nm): 
Sky (condition): 
Swell Direction: 
Swell Height (M): 
Sea (Condition): 
Depth: 
Author: Lindsay Beazley
IMEI_No: 
WMO_No: 
S/N: 
Name: 
Comment: 
Time|Position: 2026-05-02 | 174956.0044 | 46 25.01045 N | 58 52.98753 W
Cruise: JC290
PI: Lindsay Beazley
Protocol: AZMP
Platform: James Cook
Revisions: 
Mooring Number: 
Number of RCMs: 
Number of MicroCATs: 
Number of Temperature Recorders: 
Number of Amars: 
Attachment: 
Encoding: plain
========================================

$@MID@$: 363
Date: Sat, 02 May 2026 18:01:35 +0000
Reply to: 364
In reply to: 362
Event: 123
Station: STAB_05
Instrument: RingNet
Attached: 202um | Flowmeter
Number_of_Bottles: 
Flowmeter S/N: 
Flowmeter Start: 52259
Flowmeter End: 
Action: Bottom
Sounding: 375.02
Sample ID: 524028
End_Sample_ID: 
Wire out: 368
Wire Angle: 
Net Clogging: 
Wind Direction: 
Wind Speed (nm): 
Sky (condition): 
Swell Direction: 
Swell Height (M): 
Sea (Condition): 
Depth: 
Author: Lindsay Beazley
IMEI_No: 
WMO_No: 
S/N: 
Name: 
Comment: 
Time|Position: 2026-05-02 | 180135.0011 | 46 25.01047 N | 58 52.98814 W
Cruise: JC290
PI: Lindsay Beazley
Protocol: AZMP
Platform: James Cook
Revisions: 
Mooring Number: 
Number of RCMs: 
Number of MicroCATs: 
Number of Temperature Recorders: 
Number of Amars: 
Attachment: 
Encoding: plain
========================================

$@MID@$: 364
Date: Sat, 02 May 2026 18:11:33 +0000
In reply to: 363
Event: 123
Station: STAB_05
Instrument: RingNet
Attached: 202um | Flowmeter
Number_of_Bottles: 
Flowmeter S/N: 
Flowmeter Start: 52259
Flowmeter End: 53416
Action: Recovered
Sounding: 375.17
Sample ID: 524028
End_Sample_ID: 
Wire out: 368
Wire Angle: 
Net Clogging: 
Wind Direction: 
Wind Speed (nm): 
Sky (condition): 
Swell Direction: 
Swell Height (M): 
Sea (Condition): 
Depth: 
Author: Lindsay Beazley
IMEI_No: 
WMO_No: 
S/N: 
Name: 
Comment: 
Time|Position: 2026-05-02 | 181133.0015 | 46 25.01111 N | 58 52.98683 W
Cruise: JC290
PI: Lindsay Beazley
Protocol: AZMP
Platform: James Cook
Revisions: 
Mooring Number: 
Number of RCMs: 
Number of MicroCATs: 
Number of Temperature Recorders: 
Number of Amars: 
Attachment: 
Encoding: plain
========================================

$@MID@$: 365
Date: Sat, 02 May 2026 19:30:58 +0000
Reply to: 366
Event: 124
Station: STAB_04
Instrument: CTD
Attached: pH
Number_of_Bottles: 
Flowmeter S/N: 
Flowmeter Start: 
Flowmeter End: 
Action: Deployed
Sounding: 150
Sample ID: 524029
End_Sample_ID: 524039
Wire out: 
Wire Angle: 
Net Clogging: 
Wind Direction: 
Wind Speed (nm): 
Sky (condition): 
Swell Direction: 
Swell Height (M): 
Sea (Condition): 
Depth: 
Author: Lisa Baxter
IMEI_No: 
WMO_No: 
S/N: 
Name: 
Comment: 
Time|Position: 2026-05-02 | 193058.0034 | 46 18.00287 N | 59 03.87369 W
Cruise: JC290
PI: Lindsay Beazley
Protocol: AZMP
Platform: James Cook
Revisions: 
Mooring Number: 
Number of RCMs: 
Number of MicroCATs: 
Number of Temperature Recorders: 
Number of Amars: 
Attachment: 
Encoding: plain
========================================

$@MID@$: 366
Date: Sat, 02 May 2026 19:42:55 +0000
Reply to: 367
In reply to: 365
Event: 124
Station: STAB_04
Instrument: CTD
Attached: pH
Number_of_Bottles: 
Flowmeter S/N: 
Flowmeter Start: 
Flowmeter End: 
Action: Bottom
Sounding: 161.19
Sample ID: 524029
End_Sample_ID: 524039
Wire out: 
Wire Angle: 
Net Clogging: 
Wind Direction: 
Wind Speed (nm): 
Sky (condition): 
Swell Direction: 
Swell Height (M): 
Sea (Condition): 
Depth: 
Author: Lisa Baxter
IMEI_No: 
WMO_No: 
S/N: 
Name: 
Comment: 
Time|Position: 2026-05-02 | 194255.0019 | 46 18.00378 N | 59 03.87334 W
Cruise: JC290
PI: Lindsay Beazley
Protocol: AZMP
Platform: James Cook
Revisions: 
Mooring Number: 
Number of RCMs: 
Number of MicroCATs: 
Number of Temperature Recorders: 
Number of Amars: 
Attachment: 
Encoding: plain
========================================

$@MID@$: 367
Date: Sat, 02 May 2026 20:07:41 +0000
In reply to: 366
Event: 124
Station: STAB_04
Instrument: CTD
Attached: pH
Number_of_Bottles: 
Flowmeter S/N: 
Flowmeter Start: 
Flowmeter End: 
Action: Recovered
Sounding: 161.31
Sample ID: 524029
End_Sample_ID: 524039
Wire out: 
Wire Angle: 
Net Clogging: 
Wind Direction: 
Wind Speed (nm): 
Sky (condition): 
Swell Direction: 
Swell Height (M): 
Sea (Condition): 
Depth: 
Author: Lisa Baxter
IMEI_No: 
WMO_No: 
S/N: 
Name: 
Comment: 
Time|Position: 2026-05-02 | 200740.0040 | 46 18.00343 N | 59 03.87391 W
Cruise: JC290
PI: Lindsay Beazley
Protocol: AZMP
Platform: James Cook
Revisions: 
Mooring Number: 
Number of RCMs: 
Number of MicroCATs: 
Number of Temperature Recorders: 
Number of Amars: 
Attachment: 
Encoding: plain
========================================

$@MID@$: 368
Date: Sat, 02 May 2026 20:16:58 +0000
Reply to: 369
Event: 125
Station: STAB_04
Instrument: RingNet
Attached: 202um | Flowmeter
Number_of_Bottles: 
Flowmeter S/N: 
Flowmeter Start: 53417
Flowmeter End: 
Action: Deployed
Sounding: 161.39
Sample ID: 523417
End_Sample_ID: 
Wire out: 
Wire Angle: 
Net Clogging: 
Wind Direction: 
Wind Speed (nm): 
Sky (condition): 
Swell Direction: 
Swell Height (M): 
Sea (Condition): 
Depth: 
Author: Lindsay Beazley
IMEI_No: 
WMO_No: 
S/N: 
Name: 
Comment: 
Time|Position: 2026-05-02 | 201658.0030 | 46 18.00414 N | 59 03.87230 W
Cruise: JC290
PI: Lindsay Beazley
Protocol: AZMP
Platform: James Cook
Revisions: 02/May/2026 20:21:49
Mooring Number: 
Number of RCMs: 
Number of MicroCATs: 
Number of Temperature Recorders: 
Number of Amars: 
Attachment: 
Encoding: plain
========================================

$@MID@$: 369
Date: Sat, 02 May 2026 20:21:37 +0000
Reply to: 370
In reply to: 368
Event: 125
Station: STAB_04
Instrument: RingNet
Attached: 202um | Flowmeter
Number_of_Bottles: 
Flowmeter S/N: 
Flowmeter Start: 53417
Flowmeter End: 
Action: Bottom
Sounding: 162.00
Sample ID: 523417
End_Sample_ID: 
Wire out: 151
Wire Angle: 
Net Clogging: 
Wind Direction: 
Wind Speed (nm): 
Sky (condition): 
Swell Direction: 
Swell Height (M): 
Sea (Condition): 
Depth: 
Author: Lindsay Beazley
IMEI_No: 
WMO_No: 
S/N: 
Name: 
Comment: 
Time|Position: 2026-05-02 | 202137.0048 | 46 18.00391 N | 59 03.87343 W
Cruise: JC290
PI: Lindsay Beazley
Protocol: AZMP
Platform: James Cook
Revisions: 
Mooring Number: 
Number of RCMs: 
Number of MicroCATs: 
Number of Temperature Recorders: 
Number of Amars: 
Attachment: 
Encoding: plain
========================================

$@MID@$: 370
Date: Sat, 02 May 2026 20:25:42 +0000
In reply to: 369
Event: 125
Station: STAB_04
Instrument: RingNet
Attached: 202um | Flowmeter
Number_of_Bottles: 
Flowmeter S/N: 
Flowmeter Start: 53417
Flowmeter End: 53910
Action: Recovered
Sounding: 163.47
Sample ID: 523417
End_Sample_ID: 
Wire out: 151
Wire Angle: 5
Net Clogging: 
Wind Direction: 
Wind Speed (nm): 
Sky (condition): 
Swell Direction: 
Swell Height (M): 
Sea (Condition): 
Depth: 
Author: Lindsay Beazley
IMEI_No: 
WMO_No: 
S/N: 
Name: 
Comment: 
Time|Position: 2026-05-02 | 202542.0100 | 46 18.00362 N | 59 03.87395 W
Cruise: JC290
PI: Lindsay Beazley
Protocol: AZMP
Platform: James Cook
Revisions: 02/May/2026 20:30:06
Mooring Number: 
Number of RCMs: 
Number of MicroCATs: 
Number of Temperature Recorders: 
Number of Amars: 
Attachment: 
Encoding: plain
========================================

$@MID@$: 371
Date: Sat, 02 May 2026 20:29:11 +0000
Reply to: 372
Event: 126
Station: STAB_04
Instrument: RingNet
Attached: 202um | Flowmeter
Number_of_Bottles: 
Flowmeter S/N: 
Flowmeter Start: 98024
Flowmeter End: 
Action: Deployed
Sounding: 161.59
Sample ID: 523041
End_Sample_ID: 
Wire out: 
Wire Angle: 
Net Clogging: 
Wind Direction: 
Wind Speed (nm): 
Sky (condition): 
Swell Direction: 
Swell Height (M): 
Sea (Condition): 
Depth: 
Author: Lindsay Beazley
IMEI_No: 
WMO_No: 
S/N: 
Name: 
Comment: 
Time|Position: 2026-05-02 | 202911.0004 | 46 18.00351 N | 59 03.87425 W
Cruise: JC290
PI: Lindsay Beazley
Protocol: AZMP
Platform: James Cook
Revisions: 02/May/2026 21:08:05
Mooring Number: 
Number of RCMs: 
Number of MicroCATs: 
Number of Temperature Recorders: 
Number of Amars: 
Attachment: 
Encoding: plain
========================================

$@MID@$: 372
Date: Sat, 02 May 2026 20:33:04 +0000
Reply to: 373
In reply to: 371
Event: 126
Station: STAB_04
Instrument: RingNet
Attached: 202um | Flowmeter
Number_of_Bottles: 
Flowmeter S/N: 
Flowmeter Start: 98024
Flowmeter End: 
Action: Bottom
Sounding: 161.19
Sample ID: 523041
End_Sample_ID: 
Wire out: 151
Wire Angle: 
Net Clogging: 
Wind Direction: 
Wind Speed (nm): 
Sky (condition): 
Swell Direction: 
Swell Height (M): 
Sea (Condition): 
Depth: 
Author: Lindsay Beazley
IMEI_No: 
WMO_No: 
S/N: 
Name: 
Comment: 
Time|Position: 2026-05-02 | 203304.0023 | 46 18.00370 N | 59 03.87367 W
Cruise: JC290
PI: Lindsay Beazley
Protocol: AZMP
Platform: James Cook
Revisions: 02/May/2026 21:07:45
Mooring Number: 
Number of RCMs: 
Number of MicroCATs: 
Number of Temperature Recorders: 
Number of Amars: 
Attachment: 
Encoding: plain
========================================

$@MID@$: 373
Date: Sat, 02 May 2026 20:37:33 +0000
In reply to: 372
Event: 126
Station: STAB_04
Instrument: RingNet
Attached: 202um | Flowmeter
Number_of_Bottles: 
Flowmeter S/N: 
Flowmeter Start: 98024
Flowmeter End: 98487
Action: Recovered
Sounding: 161.36
Sample ID: 523041
End_Sample_ID: 
Wire out: 151
Wire Angle: 5
Net Clogging: 
Wind Direction: 
Wind Speed (nm): 
Sky (condition): 
Swell Direction: 
Swell Height (M): 
Sea (Condition): 
Depth: 
Author: Lindsay Beazley
IMEI_No: 
WMO_No: 
S/N: 
Name: 
Comment: Tow for Dalhousie isotope/vitamin work
Time|Position: 2026-05-02 | 203733.0039 | 46 18.00349 N | 59 03.87501 W
Cruise: JC290
PI: Lindsay Beazley
Protocol: AZMP
Platform: James Cook
Revisions: 02/May/2026 21:18:32
Mooring Number: 
Number of RCMs: 
Number of MicroCATs: 
Number of Temperature Recorders: 
Number of Amars: 
Attachment: 
Encoding: plain
========================================

$@MID@$: 374
Date: Sat, 02 May 2026 21:40:33 +0000
Reply to: 375
Event: 127
Station: STAB_03
Instrument: CTD
Attached: pH
Number_of_Bottles: 
Flowmeter S/N: 
Flowmeter Start: 
Flowmeter End: 
Action: Deployed
Sounding: 94.32
Sample ID: 524042
End_Sample_ID: 524053
Wire out: 
Wire Angle: 
Net Clogging: 
Wind Direction: 
Wind Speed (nm): 
Sky (condition): 
Swell Direction: 
Swell Height (M): 
Sea (Condition): 
Depth: 
Author: Meng Ji
IMEI_No: 
WMO_No: 
S/N: 
Name: 
Comment: 
Time|Position: 2026-05-02 | 214033.0036 | 46 12.99675 N | 59 11.70872 W
Cruise: JC290
PI: Lindsay Beazley
Protocol: AZMP
Platform: James Cook
Revisions: 
Mooring Number: 
Number of RCMs: 
Number of MicroCATs: 
Number of Temperature Recorders: 
Number of Amars: 
Attachment: 
Encoding: plain
========================================

$@MID@$: 375
Date: Sat, 02 May 2026 21:50:38 +0000
Reply to: 378
In reply to: 374
Event: 127
Station: STAB_03
Instrument: CTD
Attached: pH
Number_of_Bottles: 
Flowmeter S/N: 
Flowmeter Start: 
Flowmeter End: 
Action: Bottom
Sounding: 94.20
Sample ID: 524042
End_Sample_ID: 524053
Wire out: 
Wire Angle: 
Net Clogging: 
Wind Direction: 
Wind Speed (nm): 
Sky (condition): 
Swell Direction: 
Swell Height (M): 
Sea (Condition): 
Depth: 
Author: Meng Ji
IMEI_No: 
WMO_No: 
S/N: 
Name: 
Comment: 
Time|Position: 2026-05-02 | 215038.0014 | 46 12.99699 N | 59 11.70894 W
Cruise: JC290
PI: Lindsay Beazley
Protocol: AZMP
Platform: James Cook
Revisions: 
Mooring Number: 
Number of RCMs: 
Number of MicroCATs: 
Number of Temperature Recorders: 
Number of Amars: 
Attachment: 
Encoding: plain
========================================

$@MID@$: 376
Date: Sat, 02 May 2026 22:17:38 +0000
Reply to: 377
Event: 128
Station: STAB_03
Instrument: RingNet
Attached: 202um | Flowmeter
Number_of_Bottles: 
Flowmeter S/N: 
Flowmeter Start: 
Flowmeter End: 
Action: Deployed
Sounding: 94.65
Sample ID: 524054
End_Sample_ID: 
Wire out: 
Wire Angle: 
Net Clogging: 
Wind Direction: 
Wind Speed (nm): 
Sky (condition): 
Swell Direction: 
Swell Height (M): 
Sea (Condition): 
Depth: 
Author: Rebecca Milne
IMEI_No: 
WMO_No: 
S/N: 
Name: 
Comment: 
Time|Position: 2026-05-02 | 221738.0005 | 46 12.99703 N | 59 11.70788 W
Cruise: JC290
PI: Lindsay Beazley
Protocol: AZMP
Platform: James Cook
Revisions: 
Mooring Number: 
Number of RCMs: 
Number of MicroCATs: 
Number of Temperature Recorders: 
Number of Amars: 
Attachment: 
Encoding: plain
========================================

$@MID@$: 377
Date: Sat, 02 May 2026 22:20:25 +0000
Reply to: 379
In reply to: 376
Event: 128
Station: STAB_03
Instrument: RingNet
Attached: 202um | Flowmeter
Number_of_Bottles: 
Flowmeter S/N: 
Flowmeter Start: 
Flowmeter End: 
Action: Bottom
Sounding: 94.58
Sample ID: 524054
End_Sample_ID: 
Wire out: 84
Wire Angle: 
Net Clogging: 
Wind Direction: 
Wind Speed (nm): 
Sky (condition): 
Swell Direction: 
Swell Height (M): 
Sea (Condition): 
Depth: 
Author: Rebecca Milne
IMEI_No: 
WMO_No: 
S/N: 
Name: 
Comment: 
Time|Position: 2026-05-02 | 222025.0020 | 46 12.99675 N | 59 11.70878 W
Cruise: JC290
PI: Lindsay Beazley
Protocol: AZMP
Platform: James Cook
Revisions: 
Mooring Number: 
Number of RCMs: 
Number of MicroCATs: 
Number of Temperature Recorders: 
Number of Amars: 
Attachment: 
Encoding: plain
========================================

$@MID@$: 378
Date: Sat, 02 May 2026 22:20:57 +0000
In reply to: 375
Event: 127
Station: STAB_03
Instrument: CTD
Attached: pH
Number_of_Bottles: 
Flowmeter S/N: 
Flowmeter Start: 
Flowmeter End: 
Action: Recovered
Sounding: 94.35
Sample ID: 524042
End_Sample_ID: 524053
Wire out: 
Wire Angle: 
Net Clogging: 
Wind Direction: 
Wind Speed (nm): 
Sky (condition): 
Swell Direction: 
Swell Height (M): 
Sea (Condition): 
Depth: 
Author: Meng Ji
IMEI_No: 
WMO_No: 
S/N: 
Name: 
Comment: 
Time|Position: 2026-05-02 | 221018.0017 | 46 12.99681 N | 59 11.70933 W
Cruise: JC290
PI: Lindsay Beazley
Protocol: AZMP
Platform: James Cook
Revisions: 03/May/2026 00:50:27
Mooring Number: 
Number of RCMs: 
Number of MicroCATs: 
Number of Temperature Recorders: 
Number of Amars: 
Attachment: 
Encoding: plain
========================================

$@MID@$: 379
Date: Sat, 02 May 2026 22:23:18 +0000
In reply to: 377
Event: 128
Station: STAB_03
Instrument: RingNet
Attached: 202um | Flowmeter
Number_of_Bottles: 
Flowmeter S/N: 
Flowmeter Start: 53910
Flowmeter End: 54140
Action: Recovered
Sounding: 94.83
Sample ID: 524054
End_Sample_ID: 
Wire out: 84
Wire Angle: 5
Net Clogging: 
Wind Direction: 
Wind Speed (nm): 
Sky (condition): 
Swell Direction: 
Swell Height (M): 
Sea (Condition): 
Depth: 
Author: Rebecca Milne
IMEI_No: 
WMO_No: 
S/N: 
Name: 
Comment: 
Time|Position: 2026-05-02 | 222318.0027 | 46 12.99771 N | 59 11.70971 W
Cruise: JC290
PI: Lindsay Beazley
Protocol: AZMP
Platform: James Cook
Revisions: 02/May/2026 22:50:46
Mooring Number: 
Number of RCMs: 
Number of MicroCATs: 
Number of Temperature Recorders: 
Number of Amars: 
Attachment: 
Encoding: plain
========================================

$@MID@$: 380
Date: Sat, 02 May 2026 23:44:50 +0000
Reply to: 381
Event: 129
Station: STAB_02
Instrument: CTD
Attached: pH
Number_of_Bottles: 
Flowmeter S/N: 
Flowmeter Start: 
Flowmeter End: 
Action: Deployed
Sounding: 68.96
Sample ID: 524055
End_Sample_ID: 524062
Wire out: 
Wire Angle: 
Net Clogging: 
Wind Direction: 
Wind Speed (nm): 
Sky (condition): 
Swell Direction: 
Swell Height (M): 
Sea (Condition): 
Depth: 
Author: Meng Ji
IMEI_No: 
WMO_No: 
S/N: 
Name: 
Comment: 
Time|Position: 2026-05-02 | 234450.0009 | 46 06.53026 N | 59 21.85192 W
Cruise: JC290
PI: Lindsay Beazley
Protocol: AZMP
Platform: James Cook
Revisions: 
Mooring Number: 
Number of RCMs: 
Number of MicroCATs: 
Number of Temperature Recorders: 
Number of Amars: 
Attachment: 
Encoding: plain
========================================

$@MID@$: 381
Date: Sat, 02 May 2026 23:54:30 +0000
Reply to: 382
In reply to: 380
Event: 129
Station: STAB_02
Instrument: CTD
Attached: pH
Number_of_Bottles: 
Flowmeter S/N: 
Flowmeter Start: 
Flowmeter End: 
Action: Bottom
Sounding: 69.09
Sample ID: 524055
End_Sample_ID: 524062
Wire out: 
Wire Angle: 
Net Clogging: 
Wind Direction: 
Wind Speed (nm): 
Sky (condition): 
Swell Direction: 
Swell Height (M): 
Sea (Condition): 
Depth: 
Author: Meng Ji
IMEI_No: 
WMO_No: 
S/N: 
Name: 
Comment: 
Time|Position: 2026-05-02 | 235430.0036 | 46 06.53027 N | 59 21.85196 W
Cruise: JC290
PI: Lindsay Beazley
Protocol: AZMP
Platform: James Cook
Revisions: 
Mooring Number: 
Number of RCMs: 
Number of MicroCATs: 
Number of Temperature Recorders: 
Number of Amars: 
Attachment: 
Encoding: plain
========================================

