$@MID@$: 11
Date: Sat, 30 May 2026 15:28:31 +0000
Sample #: 023
Number of pCO2 Samples: 0
Number of TIC Samples: 0
Number of Chl_a Samples: 2
Number of CDOM Samples: 1
Number of HPLC Samples: 1
Number of ABS Samples: 1
Number of Other Samples: 1
Other Sample/s not Listed: DO2
Sample ID: 524083
Paper log Completed: Yes
Author: Carrie-Ellen Gabrielle
Time|Position: 2026-05-30 | 152831.0017 | 60 20.71391 N | 49 26.70654 W
Mission: JC291
PI: Lindsay Beazley
Revisions: 
Attachment: 
Encoding: HTML
========================================

