$@MID@$: 12
Date: Sun, 31 May 2026 16:37:37 +0000
Sample #: 024
Number of pCO2 Samples: 0
Number of TIC Samples: 0
Number of Chl_a Samples: 2
Number of CDOM Samples: 1
Number of HPLC Samples: 1
Number of ABS Samples: 1
Number of Other Samples: 1
Other Sample/s not Listed: DO2
Sample ID: 524084
Paper log Completed: Yes
Author: Carrie-Ellen Gabrielle
Time|Position: 2026-05-31 | 163737.0003 | 60 43.98409 N | 49 39.98211 W
Mission: JC291
PI: Lindsay Beazley
Revisions: 
Attachment: 
Encoding: HTML
========================================

