$@MID@$: 1
Date: Fri, 29 May 2026 18:34:16 +0000
Sample #: 013
Number of pCO2 Samples: 0
Number of TIC Samples: 0
Number of Chl_a Samples: 2
Number of CDOM Samples: 1
Number of HPLC Samples: 1
Number of ABS Samples: 1
Number of Other Samples: 1
Other Sample/s not Listed: DO2
Sample ID: 524076
Paper log Completed: Yes
Author: Carrie-Ellen Gabrielle
Time|Position: 2026-05-23 | 153832.0000 | 51 04.816 N | 57 26.384 W
Mission: JC291
PI: Lindsay Beazley
Revisions: 29/May/2026 18:49:04
Attachment: 
Encoding: HTML
========================================

$@MID@$: 2
Date: Fri, 29 May 2026 18:38:53 +0000
Sample #: 014
Number of pCO2 Samples: 0
Number of TIC Samples: 0
Number of Chl_a Samples: 2
Number of CDOM Samples: 1
Number of HPLC Samples: 1
Number of ABS Samples: 1
Number of Other Samples: 1
Other Sample/s not Listed: DO2
Sample ID: 524077
Paper log Completed: Yes
Author: Carrie-Ellen Gabrielle
Time|Position: 2026-05-24 | 160059.0000 | 53 46.633 N | 55 27.280 W
Mission: JC291
PI: Lindsay Beazley
Revisions: 29/May/2026 18:50:23
Attachment: 
Encoding: HTML
========================================

$@MID@$: 6
Date: Fri, 29 May 2026 18:40:59 +0000
Sample #: 018
Number of pCO2 Samples: 0
Number of TIC Samples: 0
Number of Chl_a Samples: 2
Number of CDOM Samples: 1
Number of HPLC Samples: 1
Number of ABS Samples: 1
Number of Other Samples: 1
Other Sample/s not Listed: DO2
Sample ID: 524078
Paper log Completed: Yes
Author: Carrie-Ellen Gabrielle
Time|Position: 2026-05-25 | 171215.00 | 55 07.475 N | 54 07.472 W
Mission: JC291
PI: Lindsay Beazley
Revisions: 29/May/2026 18:56:45
Attachment: 
Encoding: HTML
========================================

$@MID@$: 7
Date: Fri, 29 May 2026 18:42:52 +0000
Sample #: 019
Number of pCO2 Samples: 0
Number of TIC Samples: 0
Number of Chl_a Samples: 2
Number of CDOM Samples: 1
Number of HPLC Samples: 1
Number of ABS Samples: 1
Number of Other Samples: 1
Other Sample/s not Listed: DO2
Sample ID: 524079
Paper log Completed: Yes
Author: Carrie-Ellen Gabrielle
Time|Position: 2026-05-26 | 155633.0000 | 55 51.295 N | 53 22.643 W
Mission: JC291
PI: Lindsay Beazley
Revisions: 29/May/2026 18:47:32
Attachment: 
Encoding: HTML
========================================

$@MID@$: 8
Date: Fri, 29 May 2026 18:58:48 +0000
Sample #: 020
Number of pCO2 Samples: 0
Number of TIC Samples: 0
Number of Chl_a Samples: 2
Number of CDOM Samples: 1
Number of HPLC Samples: 1
Number of ABS Samples: 1
Number of Other Samples: 1
Other Sample/s not Listed: DO2
Sample ID: 524080
Paper log Completed: Yes
Author: Carrie-Ellen Gabrielle
Time|Position: 2026-05-29 | 185848.0045 | 59 48.85989 N | 49 05.56035 W
Mission: JC291
PI: Lindsay Beazley
Revisions: 
Attachment: 
Encoding: HTML
========================================

$@MID@$: 9
Date: Fri, 29 May 2026 19:00:45 +0000
Sample #: 021
Number of pCO2 Samples: 0
Number of TIC Samples: 0
Number of Chl_a Samples: 2
Number of CDOM Samples: 1
Number of HPLC Samples: 1
Number of ABS Samples: 1
Number of Other Samples: 1
Other Sample/s not Listed: DO2
Sample ID: 524081
Paper log Completed: Yes
Author: Carrie-Ellen Gabrielle
Time|Position: 2026-05-29 | 190045.0001 | 59 49.17341 N | 49 05.20858 W
Mission: JC291
PI: Lindsay Beazley
Revisions: 
Attachment: 
Encoding: HTML
========================================

$@MID@$: 10
Date: Fri, 29 May 2026 19:01:46 +0000
Sample #: 022
Number of pCO2 Samples: 0
Number of TIC Samples: 0
Number of Chl_a Samples: 2
Number of CDOM Samples: 1
Number of HPLC Samples: 1
Number of ABS Samples: 1
Number of Other Samples: 1
Other Sample/s not Listed: DO2
Sample ID: 524082
Paper log Completed: Yes
Author: Carrie-Ellen Gabrielle
Time|Position: 2026-05-29 | 190146.0005 | 59 49.33664 N | 49 05.02580 W
Mission: JC291
PI: Lindsay Beazley
Revisions: 
Attachment: 
Encoding: HTML
========================================

