$@MID@$: 15
Date: Wed, 03 Jun 2026 16:46:15 +0000
Sample #: 027
Number of pCO2 Samples: 0
Number of TIC Samples: 0
Number of Chl_a Samples: 2
Number of CDOM Samples: 1
Number of HPLC Samples: 1
Number of ABS Samples: 1
Number of Other Samples: 1
Other Sample/s not Listed: DO2
Sample ID: 524087
Paper log Completed: Yes
Author: Carrie-Ellen Gabrielle
Time|Position: 2026-06-03 | 164615.0025 | 57 00.01268 N | 52 11.43441 W
Mission: JC291
PI: Lindsay Beazley
Revisions: 
Attachment: 
Encoding: HTML
========================================

