$@MID@$: 13
Date: Tue, 02 Jun 2026 15:45:19 +0000
Sample #: 025
Number of pCO2 Samples: 0
Number of TIC Samples: 0
Number of Chl_a Samples: 2
Number of CDOM Samples: 1
Number of HPLC Samples: 1
Number of ABS Samples: 1
Number of Other Samples: 1
Other Sample/s not Listed: DO2
Sample ID: 524085
Paper log Completed: Yes
Author: Carrie-Ellen Gabrielle
Time|Position: 2026-06-01 | 165717.000 | 59 15.53397 N | 49 43.51707 W
Mission: JC291
PI: Lindsay Beazley
Revisions: 02/Jun/2026 15:52:15
Attachment: 
Encoding: HTML
========================================

$@MID@$: 14
Date: Tue, 02 Jun 2026 15:47:42 +0000
Sample #: 026
Number of pCO2 Samples: 0
Number of TIC Samples: 0
Number of Chl_a Samples: 2
Number of CDOM Samples: 1
Number of HPLC Samples: 1
Number of ABS Samples: 1
Number of Other Samples: 1
Other Sample/s not Listed: DO2
Sample ID: 524086
Paper log Completed: Yes
Author: Carrie-Ellen Gabrielle
Time|Position: 2026-06-02 | 154742.0011 | 58 28.74758 N | 50 41.92775 W
Mission: JC291
PI: Lindsay Beazley
Revisions: 
Attachment: 
Encoding: HTML
========================================

