$@MID@$: 16
Date: Thu, 04 Jun 2026 14:02:45 +0000
Sample #: 028
Number of pCO2 Samples: 0
Number of TIC Samples: 0
Number of Chl_a Samples: 2
Number of CDOM Samples: 1
Number of HPLC Samples: 1
Number of ABS Samples: 1
Number of Other Samples: 1
Other Sample/s not Listed: DO2
Sample ID: 524088
Paper log Completed: Yes
Author: Carrie-Ellen Gabrielle
Time|Position: 2026-06-04 | 140245.0044 | 55 37.82736 N | 53 36.74882 W
Mission: JC291
PI: Lindsay Beazley
Revisions: 
Attachment: 
Encoding: HTML
========================================

