$@MID@$: 17
Date: Sat, 06 Jun 2026 14:50:08 +0000
Sample #: 029
Number of pCO2 Samples: 0
Number of TIC Samples: 0
Number of Chl_a Samples: 2
Number of CDOM Samples: 1
Number of HPLC Samples: 1
Number of ABS Samples: 1
Number of Other Samples: 1
Other Sample/s not Listed: DO2
Sample ID: 524089
Paper log Completed: Yes
Author: Carrie-Ellen Gabrielle
Time|Position: 2026-06-06 | 145008.0051 | 51 34.76130 N | 53 17.58928 W
Mission: JC291
PI: Lindsay Beazley
Revisions: 
Attachment: 
Encoding: HTML
========================================

