$@MID@$: 210
Date: Sat, 30 May 2026 01:04:46 +0000
Reply to: 211
Event: 073
Station: AR7W_23
Instrument: CTD
Attached: SBE35
Number_of_Bottles: 
Flowmeter S/N: 
Flowmeter Start: 
Flowmeter End: 
Action: Deployed
Sounding: 3034.78
Sample ID: 524527
End_Sample_ID: 524550
Wire out: 
Wire Angle: 
Net Clogging: 
Wind Direction: 
Wind Speed (nm): 
Sky (condition): 
Swell Direction: 
Swell Height (M): 
Sea (Condition): 
Depth: 
Author: Chris Gordon
IMEI_No: 
WMO_No: 
S/N: 
Name: 
Comment: 
Time|Position: 2026-05-30 | 010446.0041 | 59 59.00048 N | 48 53.99958 W
Cruise: JC291
PI: Marc Ringuette
Protocol: AZOMP
Platform: RRS JAMES COOK
Revisions: 
Mooring Number: 
Number of RCMs: 
Number of MicroCATs: 
Number of Temperature Recorders: 
Number of Amars: 
Attachment: 
Encoding: plain
========================================

$@MID@$: 211
Date: Sat, 30 May 2026 02:04:41 +0000
Reply to: 212
In reply to: 210
Event: 073
Station: AR7W_23
Instrument: CTD
Attached: SBE35
Number_of_Bottles: 
Flowmeter S/N: 
Flowmeter Start: 
Flowmeter End: 
Action: Bottom
Sounding: 3033.46
Sample ID: 524527
End_Sample_ID: 524550
Wire out: 
Wire Angle: 
Net Clogging: 
Wind Direction: 
Wind Speed (nm): 
Sky (condition): 
Swell Direction: 
Swell Height (M): 
Sea (Condition): 
Depth: 
Author: Chris Gordon
IMEI_No: 
WMO_No: 
S/N: 
Name: 
Comment: 
Time|Position: 2026-05-30 | 020440.0043 | 59 59.00058 N | 48 53.99926 W
Cruise: JC291
PI: Marc Ringuette
Protocol: AZOMP
Platform: RRS JAMES COOK
Revisions: 
Mooring Number: 
Number of RCMs: 
Number of MicroCATs: 
Number of Temperature Recorders: 
Number of Amars: 
Attachment: 
Encoding: plain
========================================

$@MID@$: 212
Date: Sat, 30 May 2026 03:42:31 +0000
In reply to: 211
Event: 073
Station: AR7W_23
Instrument: CTD
Attached: SBE35
Number_of_Bottles: 
Flowmeter S/N: 
Flowmeter Start: 
Flowmeter End: 
Action: Recovered
Sounding: 3034.39
Sample ID: 524527
End_Sample_ID: 524550
Wire out: 
Wire Angle: 
Net Clogging: 
Wind Direction: 
Wind Speed (nm): 
Sky (condition): 
Swell Direction: 
Swell Height (M): 
Sea (Condition): 
Depth: 
Author: Chris Gordon
IMEI_No: 
WMO_No: 
S/N: 
Name: 
Comment: 
Time|Position: 2026-05-30 | 034231.0029 | 59 59.00000 N | 48 53.99962 W
Cruise: JC291
PI: Marc Ringuette
Protocol: AZOMP
Platform: RRS JAMES COOK
Revisions: 
Mooring Number: 
Number of RCMs: 
Number of MicroCATs: 
Number of Temperature Recorders: 
Number of Amars: 
Attachment: 
Encoding: plain
========================================

$@MID@$: 213
Date: Sat, 30 May 2026 03:53:37 +0000
Reply to: 214
Event: 074
Station: AR7W_23
Instrument: RingNet
Attached: 202um | Flowmeter
Number_of_Bottles: 
Flowmeter S/N: 
Flowmeter Start: 00528
Flowmeter End: 
Action: Deployed
Sounding: 3034.57
Sample ID: 524551
End_Sample_ID: 
Wire out: 
Wire Angle: 
Net Clogging: 
Wind Direction: 
Wind Speed (nm): 
Sky (condition): 
Swell Direction: 
Swell Height (M): 
Sea (Condition): 
Depth: 
Author: Charlotte Mathews
IMEI_No: 
WMO_No: 
S/N: 
Name: 
Comment: 
Time|Position: 2026-05-30 | 035337.0021 | 59 59.00069 N | 48 53.99919 W
Cruise: JC291
PI: Marc Ringuette
Protocol: AZOMP
Platform: RRS JAMES COOK
Revisions: 02/Jun/2026 15:49:21
Mooring Number: 
Number of RCMs: 
Number of MicroCATs: 
Number of Temperature Recorders: 
Number of Amars: 
Attachment: 
Encoding: plain
========================================

$@MID@$: 214
Date: Sat, 30 May 2026 03:56:37 +0000
Reply to: 215
In reply to: 213
Event: 074
Station: AR7W_23
Instrument: RingNet
Attached: 202um | Flowmeter
Number_of_Bottles: 
Flowmeter S/N: 
Flowmeter Start: 00528
Flowmeter End: 
Action: Bottom
Sounding: 3037.04
Sample ID: 524551
End_Sample_ID: 
Wire out: 
Wire Angle: 
Net Clogging: 
Wind Direction: 
Wind Speed (nm): 
Sky (condition): 
Swell Direction: 
Swell Height (M): 
Sea (Condition): 
Depth: 
Author: Charlotte Mathews
IMEI_No: 
WMO_No: 
S/N: 
Name: 
Comment: 
Time|Position: 2026-05-30 | 035637.0013 | 59 59.00014 N | 48 54.00032 W
Cruise: JC291
PI: Marc Ringuette
Protocol: AZOMP
Platform: RRS JAMES COOK
Revisions: 02/Jun/2026 15:49:27
Mooring Number: 
Number of RCMs: 
Number of MicroCATs: 
Number of Temperature Recorders: 
Number of Amars: 
Attachment: 
Encoding: plain
========================================

$@MID@$: 215
Date: Sat, 30 May 2026 03:58:44 +0000
In reply to: 214
Event: 074
Station: AR7W_23
Instrument: RingNet
Attached: 202um | Flowmeter
Number_of_Bottles: 
Flowmeter S/N: 
Flowmeter Start: 00528
Flowmeter End: 00668
Action: Recovered
Sounding: 3034.46
Sample ID: 524551
End_Sample_ID: 
Wire out: 
Wire Angle: 
Net Clogging: 
Wind Direction: 
Wind Speed (nm): 
Sky (condition): 
Swell Direction: 
Swell Height (M): 
Sea (Condition): 
Depth: 
Author: Charlotte Mathews
IMEI_No: 
WMO_No: 
S/N: 
Name: 
Comment: 
Time|Position: 2026-05-30 | 035844.0023 | 59 59.00026 N | 48 54.00011 W
Cruise: JC291
PI: Marc Ringuette
Protocol: AZOMP
Platform: RRS JAMES COOK
Revisions: 02/Jun/2026 15:49:39
Mooring Number: 
Number of RCMs: 
Number of MicroCATs: 
Number of Temperature Recorders: 
Number of Amars: 
Attachment: 
Encoding: plain
========================================

$@MID@$: 216
Date: Sat, 30 May 2026 05:40:00 +0000
Reply to: 217
Event: 075
Station: AR7W_23.5
Instrument: CTD
Attached: SBE35
Number_of_Bottles: 
Flowmeter S/N: 
Flowmeter Start: 
Flowmeter End: 
Action: Deployed
Sounding: 2941.60
Sample ID: 
End_Sample_ID: 
Wire out: 
Wire Angle: 
Net Clogging: 
Wind Direction: 
Wind Speed (nm): 
Sky (condition): 
Swell Direction: 
Swell Height (M): 
Sea (Condition): 
Depth: 
Author: Chris Gordon
IMEI_No: 
WMO_No: 
S/N: 
Name: 
Comment: No bottles fired on this dry cast
Time|Position: 2026-05-30 | 054000.0004 | 60 04.75033 N | 48 47.24575 W
Cruise: JC291
PI: Marc Ringuette
Protocol: AZOMP
Platform: RRS JAMES COOK
Revisions: 
Mooring Number: 
Number of RCMs: 
Number of MicroCATs: 
Number of Temperature Recorders: 
Number of Amars: 
Attachment: 
Encoding: plain
========================================

$@MID@$: 217
Date: Sat, 30 May 2026 06:40:09 +0000
Reply to: 218
In reply to: 216
Event: 075
Station: AR7W_23.5
Instrument: CTD
Attached: SBE35
Number_of_Bottles: 
Flowmeter S/N: 
Flowmeter Start: 
Flowmeter End: 
Action: Bottom
Sounding: 2943.16
Sample ID: 
End_Sample_ID: 
Wire out: 
Wire Angle: 
Net Clogging: 
Wind Direction: 
Wind Speed (nm): 
Sky (condition): 
Swell Direction: 
Swell Height (M): 
Sea (Condition): 
Depth: 
Author: Chris Gordon
IMEI_No: 
WMO_No: 
S/N: 
Name: 
Comment: 
Time|Position: 2026-05-30 | 064009.0016 | 60 04.75089 N | 48 47.24564 W
Cruise: JC291
PI: Marc Ringuette
Protocol: AZOMP
Platform: RRS JAMES COOK
Revisions: 
Mooring Number: 
Number of RCMs: 
Number of MicroCATs: 
Number of Temperature Recorders: 
Number of Amars: 
Attachment: 
Encoding: plain
========================================

$@MID@$: 218
Date: Sat, 30 May 2026 07:33:13 +0000
In reply to: 217
Event: 075
Station: AR7W_23.5
Instrument: CTD
Attached: SBE35
Number_of_Bottles: 
Flowmeter S/N: 
Flowmeter Start: 
Flowmeter End: 
Action: Recovered
Sounding: 2943.49
Sample ID: 
End_Sample_ID: 
Wire out: 
Wire Angle: 
Net Clogging: 
Wind Direction: 
Wind Speed (nm): 
Sky (condition): 
Swell Direction: 
Swell Height (M): 
Sea (Condition): 
Depth: 
Author: Chris Gordon
IMEI_No: 
WMO_No: 
S/N: 
Name: 
Comment: 
Time|Position: 2026-05-30 | 073313.0022 | 60 04.75084 N | 48 47.24562 W
Cruise: JC291
PI: Marc Ringuette
Protocol: AZOMP
Platform: RRS JAMES COOK
Revisions: 
Mooring Number: 
Number of RCMs: 
Number of MicroCATs: 
Number of Temperature Recorders: 
Number of Amars: 
Attachment: 
Encoding: plain
========================================

$@MID@$: 219
Date: Sat, 30 May 2026 08:38:06 +0000
Reply to: 220
Event: 076
Station: AR7W_24
Instrument: CTD
Attached: SBE35
Number_of_Bottles: 
Flowmeter S/N: 
Flowmeter Start: 
Flowmeter End: 
Action: Deployed
Sounding: 2860.83
Sample ID: 524552
End_Sample_ID: 
Wire out: 
Wire Angle: 
Net Clogging: 
Wind Direction: 
Wind Speed (nm): 
Sky (condition): 
Swell Direction: 
Swell Height (M): 
Sea (Condition): 
Depth: 
Author: Jeff Jackson
IMEI_No: 
WMO_No: 
S/N: 
Name: 
Comment: 
Time|Position: 2026-05-30 | 083806.0005 | 60 10.36872 N | 48 39.72340 W
Cruise: JC291
PI: Marc Ringuette
Protocol: AZOMP
Platform: RRS JAMES COOK
Revisions: 
Mooring Number: 
Number of RCMs: 
Number of MicroCATs: 
Number of Temperature Recorders: 
Number of Amars: 
Attachment: 
Encoding: plain
========================================

$@MID@$: 220
Date: Sat, 30 May 2026 09:43:52 +0000
Reply to: 221
In reply to: 219
Event: 076
Station: AR7W_24
Instrument: CTD
Attached: SBE35
Number_of_Bottles: 
Flowmeter S/N: 
Flowmeter Start: 
Flowmeter End: 
Action: Bottom
Sounding: 2876.50
Sample ID: 524552
End_Sample_ID: 524575
Wire out: 2830
Wire Angle: 
Net Clogging: 
Wind Direction: 
Wind Speed (nm): 
Sky (condition): 
Swell Direction: 
Swell Height (M): 
Sea (Condition): 
Depth: 
Author: Jeff Jackson
IMEI_No: 
WMO_No: 
S/N: 
Name: 
Comment: 
Time|Position: 2026-05-30 | 094352.0048 | 60 10.87409 N | 48 40.89605 W
Cruise: JC291
PI: Marc Ringuette
Protocol: AZOMP
Platform: RRS JAMES COOK
Revisions: 
Mooring Number: 
Number of RCMs: 
Number of MicroCATs: 
Number of Temperature Recorders: 
Number of Amars: 
Attachment: 
Encoding: plain
========================================

$@MID@$: 221
Date: Sat, 30 May 2026 11:15:31 +0000
In reply to: 220
Event: 076
Station: AR7W_24
Instrument: CTD
Attached: SBE35
Number_of_Bottles: 
Flowmeter S/N: 
Flowmeter Start: 
Flowmeter End: 
Action: Recovered
Sounding: 2904.05
Sample ID: 524552
End_Sample_ID: 524575
Wire out: 2830
Wire Angle: 
Net Clogging: 
Wind Direction: 
Wind Speed (nm): 
Sky (condition): 
Swell Direction: 
Swell Height (M): 
Sea (Condition): 
Depth: 
Author: Jeff Jackson
IMEI_No: 
WMO_No: 
S/N: 
Name: 
Comment: 
Time|Position: 2026-05-30 | 111531.0031 | 60 11.65013 N | 48 42.46038 W
Cruise: JC291
PI: Marc Ringuette
Protocol: AZOMP
Platform: RRS JAMES COOK
Revisions: 
Mooring Number: 
Number of RCMs: 
Number of MicroCATs: 
Number of Temperature Recorders: 
Number of Amars: 
Attachment: 
Encoding: plain
========================================

$@MID@$: 222
Date: Sat, 30 May 2026 11:54:41 +0000
Reply to: 223
Event: 077
Station: AR7W_24
Instrument: RingNet
Attached: 202um | Flowmeter
Number_of_Bottles: 
Flowmeter S/N: 
Flowmeter Start: 00668
Flowmeter End: 
Action: Deployed
Sounding: 2870.93
Sample ID: 524576
End_Sample_ID: 
Wire out: 
Wire Angle: 
Net Clogging: 
Wind Direction: 
Wind Speed (nm): 
Sky (condition): 
Swell Direction: 
Swell Height (M): 
Sea (Condition): 
Depth: 
Author: Marc Ringuette
IMEI_No: 
WMO_No: 
S/N: 
Name: 
Comment: 
Time|Position: 2026-05-30 | 115441.0030 | 60 10.48567 N | 48 40.54857 W
Cruise: JC291
PI: Marc Ringuette
Protocol: AZOMP
Platform: RRS JAMES COOK
Revisions: 
Mooring Number: 
Number of RCMs: 
Number of MicroCATs: 
Number of Temperature Recorders: 
Number of Amars: 
Attachment: 
Encoding: plain
========================================

$@MID@$: 223
Date: Sat, 30 May 2026 11:57:42 +0000
Reply to: 224
In reply to: 222
Event: 077
Station: AR7W_24
Instrument: RingNet
Attached: 202um | Flowmeter
Number_of_Bottles: 
Flowmeter S/N: 
Flowmeter Start: 00668
Flowmeter End: 
Action: Bottom
Sounding: 2877.07
Sample ID: 524576
End_Sample_ID: 
Wire out: 100
Wire Angle: 0
Net Clogging: 
Wind Direction: 
Wind Speed (nm): 
Sky (condition): 
Swell Direction: 
Swell Height (M): 
Sea (Condition): 
Depth: 
Author: Marc Ringuette
IMEI_No: 
WMO_No: 
S/N: 
Name: 
Comment: 
Time|Position: 2026-05-30 | 115742.0012 | 60 10.48096 N | 48 40.57728 W
Cruise: JC291
PI: Marc Ringuette
Protocol: AZOMP
Platform: RRS JAMES COOK
Revisions: 
Mooring Number: 
Number of RCMs: 
Number of MicroCATs: 
Number of Temperature Recorders: 
Number of Amars: 
Attachment: 
Encoding: plain
========================================

$@MID@$: 224
Date: Sat, 30 May 2026 11:59:40 +0000
In reply to: 223
Event: 077
Station: AR7W_24
Instrument: RingNet
Attached: 202um | Flowmeter
Number_of_Bottles: 
Flowmeter S/N: 
Flowmeter Start: 00668
Flowmeter End: 00850
Action: Recovered
Sounding: 2877.24
Sample ID: 524576
End_Sample_ID: 
Wire out: 100
Wire Angle: 0
Net Clogging: 
Wind Direction: 
Wind Speed (nm): 
Sky (condition): 
Swell Direction: 
Swell Height (M): 
Sea (Condition): 
Depth: 
Author: Marc Ringuette
IMEI_No: 
WMO_No: 
S/N: 
Name: 
Comment: 
Time|Position: 2026-05-30 | 115940.0010 | 60 10.48109 N | 48 40.57668 W
Cruise: JC291
PI: Marc Ringuette
Protocol: AZOMP
Platform: RRS JAMES COOK
Revisions: 30/May/2026 17:17:06
Mooring Number: 
Number of RCMs: 
Number of MicroCATs: 
Number of Temperature Recorders: 
Number of Amars: 
Attachment: 
Encoding: plain
========================================

$@MID@$: 225
Date: Sat, 30 May 2026 12:12:43 +0000
Reply to: 226
Event: 078
Station: AR7W_24
Instrument: Marine Snow Catcher
Attached: 
Number_of_Bottles: 
Flowmeter S/N: 
Flowmeter Start: 
Flowmeter End: 
Action: Deployed
Sounding: 2875.59
Sample ID: 
End_Sample_ID: 
Wire out: 
Wire Angle: 
Net Clogging: 
Wind Direction: 
Wind Speed (nm): 
Sky (condition): 
Swell Direction: 
Swell Height (M): 
Sea (Condition): 
Depth: 
Author: Lyn Hobday
IMEI_No: 
WMO_No: 
S/N: 
Name: 
Comment: 
Time|Position: 2026-05-30 | 121243.0008 | 60 10.49244 N | 48 40.53714 W
Cruise: JC291
PI: Marc Ringuette
Protocol: AZOMP
Platform: RRS JAMES COOK
Revisions: 06/Jun/2026 15:29:34
Mooring Number: 
Number of RCMs: 
Number of MicroCATs: 
Number of Temperature Recorders: 
Number of Amars: 
Attachment: 
Encoding: plain
========================================

$@MID@$: 226
Date: Sat, 30 May 2026 12:16:54 +0000
Reply to: 227
In reply to: 225
Event: 078
Station: AR7W_24
Instrument: Marine Snow Catcher
Attached: 
Number_of_Bottles: 
Flowmeter S/N: 
Flowmeter Start: 
Flowmeter End: 
Action: Bottom
Sounding: 2875.60
Sample ID: 
End_Sample_ID: 
Wire out: 200
Wire Angle: 
Net Clogging: 
Wind Direction: 
Wind Speed (nm): 
Sky (condition): 
Swell Direction: 
Swell Height (M): 
Sea (Condition): 
Depth: 
Author: Lyn Hobday
IMEI_No: 
WMO_No: 
S/N: 
Name: 
Comment: 
Time|Position: 2026-05-30 | 121654.0003 | 60 10.49243 N | 48 40.53796 W
Cruise: JC291
PI: Marc Ringuette
Protocol: AZOMP
Platform: RRS JAMES COOK
Revisions: 06/Jun/2026 15:29:38
Mooring Number: 
Number of RCMs: 
Number of MicroCATs: 
Number of Temperature Recorders: 
Number of Amars: 
Attachment: 
Encoding: plain
========================================

$@MID@$: 227
Date: Sat, 30 May 2026 12:23:39 +0000
In reply to: 226
Event: 078
Station: AR7W_24
Instrument: Marine Snow Catcher
Attached: 
Number_of_Bottles: 
Flowmeter S/N: 
Flowmeter Start: 
Flowmeter End: 
Action: Recovered
Sounding: 2875.65
Sample ID: 
End_Sample_ID: 
Wire out: 200
Wire Angle: 
Net Clogging: 
Wind Direction: 
Wind Speed (nm): 
Sky (condition): 
Swell Direction: 
Swell Height (M): 
Sea (Condition): 
Depth: 
Author: Lyn Hobday
IMEI_No: 
WMO_No: 
S/N: 
Name: 
Comment: 
Time|Position: 2026-05-30 | 122339.0044 | 60 10.49237 N | 48 40.53626 W
Cruise: JC291
PI: Marc Ringuette
Protocol: AZOMP
Platform: RRS JAMES COOK
Revisions: 
Mooring Number: 
Number of RCMs: 
Number of MicroCATs: 
Number of Temperature Recorders: 
Number of Amars: 
Attachment: 
Encoding: plain
========================================

$@MID@$: 228
Date: Sat, 30 May 2026 12:38:42 +0000
Reply to: 229
Event: 079
Station: AR7W_24
Instrument: Marine Snow Catcher
Attached: 
Number_of_Bottles: 
Flowmeter S/N: 
Flowmeter Start: 
Flowmeter End: 
Action: Deployed
Sounding: 2875.74
Sample ID: 
End_Sample_ID: 
Wire out: 
Wire Angle: 
Net Clogging: 
Wind Direction: 
Wind Speed (nm): 
Sky (condition): 
Swell Direction: 
Swell Height (M): 
Sea (Condition): 
Depth: 
Author: Lyn Hobday
IMEI_No: 
WMO_No: 
S/N: 
Name: 
Comment: 
Time|Position: 2026-05-30 | 123842.0020 | 60 10.49234 N | 48 40.53704 W
Cruise: JC291
PI: Marc Ringuette
Protocol: AZOMP
Platform: RRS JAMES COOK
Revisions: 
Mooring Number: 
Number of RCMs: 
Number of MicroCATs: 
Number of Temperature Recorders: 
Number of Amars: 
Attachment: 
Encoding: plain
========================================

$@MID@$: 229
Date: Sat, 30 May 2026 12:46:59 +0000
Reply to: 230
In reply to: 228
Event: 079
Station: AR7W_24
Instrument: Marine Snow Catcher
Attached: 
Number_of_Bottles: 
Flowmeter S/N: 
Flowmeter Start: 
Flowmeter End: 
Action: Bottom
Sounding: 2876.94
Sample ID: 
End_Sample_ID: 
Wire out: 500
Wire Angle: 
Net Clogging: 
Wind Direction: 
Wind Speed (nm): 
Sky (condition): 
Swell Direction: 
Swell Height (M): 
Sea (Condition): 
Depth: 
Author: Lyn Hobday
IMEI_No: 
WMO_No: 
S/N: 
Name: 
Comment: 
Time|Position: 2026-05-30 | 124659.0011 | 60 10.49235 N | 48 40.53701 W
Cruise: JC291
PI: Marc Ringuette
Protocol: AZOMP
Platform: RRS JAMES COOK
Revisions: 
Mooring Number: 
Number of RCMs: 
Number of MicroCATs: 
Number of Temperature Recorders: 
Number of Amars: 
Attachment: 
Encoding: plain
========================================

$@MID@$: 230
Date: Sat, 30 May 2026 12:58:56 +0000
In reply to: 229
Event: 079
Station: AR7W_24
Instrument: Marine Snow Catcher
Attached: 
Number_of_Bottles: 
Flowmeter S/N: 
Flowmeter Start: 
Flowmeter End: 
Action: Recovered
Sounding: 2876.96
Sample ID: 
End_Sample_ID: 
Wire out: 500
Wire Angle: 
Net Clogging: 
Wind Direction: 
Wind Speed (nm): 
Sky (condition): 
Swell Direction: 
Swell Height (M): 
Sea (Condition): 
Depth: 
Author: Lyn Hobday
IMEI_No: 
WMO_No: 
S/N: 
Name: 
Comment: 
Time|Position: 2026-05-30 | 125856.0100 | 60 10.49221 N | 48 40.53794 W
Cruise: JC291
PI: Marc Ringuette
Protocol: AZOMP
Platform: RRS JAMES COOK
Revisions: 
Mooring Number: 
Number of RCMs: 
Number of MicroCATs: 
Number of Temperature Recorders: 
Number of Amars: 
Attachment: 
Encoding: plain
========================================

$@MID@$: 231
Date: Sat, 30 May 2026 18:11:53 +0000
Reply to: 232
Event: 080
Station: AR7W_25N
Instrument: CTD
Attached: SBE35
Number_of_Bottles: 
Flowmeter S/N: 
Flowmeter Start: 
Flowmeter End: 
Action: Deployed
Sounding: 2766.27
Sample ID: 524577
End_Sample_ID: 524600
Wire out: 
Wire Angle: 
Net Clogging: 
Wind Direction: 
Wind Speed (nm): 
Sky (condition): 
Swell Direction: 
Swell Height (M): 
Sea (Condition): 
Depth: 
Author: Jeff Jackson
IMEI_No: 
WMO_No: 
S/N: 
Name: 
Comment: bECAUSE OF ICE NORTH OF NORMAL STATION
Time|Position: 2026-05-30 | 181153.0016 | 60 46.18969 N | 49 40.00770 W
Cruise: JC291
PI: Marc Ringuette
Protocol: AZOMP
Platform: RRS JAMES COOK
Revisions: 
Mooring Number: 
Number of RCMs: 
Number of MicroCATs: 
Number of Temperature Recorders: 
Number of Amars: 
Attachment: 
Encoding: plain
========================================

$@MID@$: 232
Date: Sat, 30 May 2026 19:08:32 +0000
Reply to: 233
In reply to: 231
Event: 080
Station: AR7W_25N
Instrument: CTD
Attached: SBE35
Number_of_Bottles: 
Flowmeter S/N: 
Flowmeter Start: 
Flowmeter End: 
Action: Bottom
Sounding: 2736.32
Sample ID: 524577
End_Sample_ID: 524600
Wire out: 2699
Wire Angle: 
Net Clogging: 
Wind Direction: 
Wind Speed (nm): 
Sky (condition): 
Swell Direction: 
Swell Height (M): 
Sea (Condition): 
Depth: 
Author: Jeff Jackson
IMEI_No: 
WMO_No: 
S/N: 
Name: 
Comment: 
Time|Position: 2026-05-30 | 190832.0035 | 60 46.88415 N | 49 40.27667 W
Cruise: JC291
PI: Marc Ringuette
Protocol: AZOMP
Platform: RRS JAMES COOK
Revisions: 
Mooring Number: 
Number of RCMs: 
Number of MicroCATs: 
Number of Temperature Recorders: 
Number of Amars: 
Attachment: 
Encoding: plain
========================================

$@MID@$: 233
Date: Sat, 30 May 2026 20:37:13 +0000
In reply to: 232
Event: 080
Station: AR7W_25N
Instrument: CTD
Attached: SBE35
Number_of_Bottles: 
Flowmeter S/N: 
Flowmeter Start: 
Flowmeter End: 
Action: Recovered
Sounding: 2687.11
Sample ID: 524577
End_Sample_ID: 524600
Wire out: 2699
Wire Angle: 
Net Clogging: 
Wind Direction: 
Wind Speed (nm): 
Sky (condition): 
Swell Direction: 
Swell Height (M): 
Sea (Condition): 
Depth: 
Author: Jeff Jackson
IMEI_No: 
WMO_No: 
S/N: 
Name: 
Comment: 
Time|Position: 2026-05-30 | 203712.0031 | 60 48.00099 N | 49 41.05689 W
Cruise: JC291
PI: Marc Ringuette
Protocol: AZOMP
Platform: RRS JAMES COOK
Revisions: 
Mooring Number: 
Number of RCMs: 
Number of MicroCATs: 
Number of Temperature Recorders: 
Number of Amars: 
Attachment: 
Encoding: plain
========================================

$@MID@$: 234
Date: Sat, 30 May 2026 20:49:54 +0000
Reply to: 235
Event: 081
Station: AR7W_25N
Instrument: RingNet
Attached: 202um | Flowmeter
Number_of_Bottles: 
Flowmeter S/N: 
Flowmeter Start: 00853
Flowmeter End: 
Action: Deployed
Sounding: 2682.92
Sample ID: 524601
End_Sample_ID: 
Wire out: 
Wire Angle: 
Net Clogging: 
Wind Direction: 
Wind Speed (nm): 
Sky (condition): 
Swell Direction: 
Swell Height (M): 
Sea (Condition): 
Depth: 
Author: Marc Ringuette
IMEI_No: 
WMO_No: 
S/N: 
Name: 
Comment: 
Time|Position: 2026-05-30 | 204954.0037 | 60 48.19352 N | 49 41.02548 W
Cruise: JC291
PI: Marc Ringuette
Protocol: AZOMP
Platform: RRS JAMES COOK
Revisions: 
Mooring Number: 
Number of RCMs: 
Number of MicroCATs: 
Number of Temperature Recorders: 
Number of Amars: 
Attachment: 
Encoding: plain
========================================

$@MID@$: 235
Date: Sat, 30 May 2026 20:53:01 +0000
Reply to: 236, 
In reply to: 234
Event: 081
Station: AR7W_25N
Instrument: RingNet
Attached: 202um | Flowmeter
Number_of_Bottles: 
Flowmeter S/N: 
Flowmeter Start: 00853
Flowmeter End: 
Action: Bottom
Sounding: 2677.77
Sample ID: 524601
End_Sample_ID: 
Wire out: 100
Wire Angle: 15
Net Clogging: 
Wind Direction: 
Wind Speed (nm): 
Sky (condition): 
Swell Direction: 
Swell Height (M): 
Sea (Condition): 
Depth: 
Author: Marc Ringuette
IMEI_No: 
WMO_No: 
S/N: 
Name: 
Comment: 
Time|Position: 2026-05-30 | 205301.0010 | 60 48.23966 N | 49 41.03204 W
Cruise: JC291
PI: Marc Ringuette
Protocol: AZOMP
Platform: RRS JAMES COOK
Revisions: 
Mooring Number: 
Number of RCMs: 
Number of MicroCATs: 
Number of Temperature Recorders: 
Number of Amars: 
Attachment: 
Encoding: plain
========================================

$@MID@$: 236
Date: Sat, 30 May 2026 20:55:37 +0000
In reply to: 235
Event: 081
Station: AR7W_25N
Instrument: RingNet
Attached: 202um | Flowmeter
Number_of_Bottles: 
Flowmeter S/N: 
Flowmeter Start: 00853
Flowmeter End: 01134
Action: Recovered
Sounding: 2674.91
Sample ID: 524601
End_Sample_ID: 
Wire out: 100
Wire Angle: 15
Net Clogging: 
Wind Direction: 
Wind Speed (nm): 
Sky (condition): 
Swell Direction: 
Swell Height (M): 
Sea (Condition): 
Depth: 
Author: Marc Ringuette
IMEI_No: 
WMO_No: 
S/N: 
Name: 
Comment: 
Time|Position: 2026-05-30 | 205537.0035 | 60 48.27591 N | 49 41.05879 W
Cruise: JC291
PI: Marc Ringuette
Protocol: AZOMP
Platform: RRS JAMES COOK
Revisions: 02/Jun/2026 15:48:14
Mooring Number: 
Number of RCMs: 
Number of MicroCATs: 
Number of Temperature Recorders: 
Number of Amars: 
Attachment: 
Encoding: plain
========================================

