$@MID@$: 9
Date: Sun, 24 May 2026 13:50:27 +0000
Reply to: 10
Event: 004
Station: AR7W_01
Instrument: CTD
Attached: pH | SBE35
Number_of_Bottles: 
Flowmeter S/N: 
Flowmeter Start: 
Flowmeter End: 
Action: Deployed
Sounding: 160
Sample ID: 524119
End_Sample_ID: 524138
Wire out: 
Wire Angle: 
Net Clogging: 
Wind Direction: 
Wind Speed (nm): 
Sky (condition): 
Swell Direction: 
Swell Height (M): 
Sea (Condition): 
Depth: 
Author: Jeff Jackson
IMEI_No: 
WMO_No: 
S/N: 
Name: 
Comment: 
Time|Position: 2026-05-24 | 135027.0039 | 53 40.79667 N | 55 33.00039 W
Cruise: JC291
PI: Marc Ringuette
Protocol: AZOMP
Platform: RRS JAMES COOK
Revisions: 
Mooring Number: 
Number of RCMs: 
Number of MicroCATs: 
Number of Temperature Recorders: 
Number of Amars: 
Attachment: 
Encoding: plain
========================================

$@MID@$: 10
Date: Sun, 24 May 2026 14:02:08 +0000
Reply to: 11
In reply to: 9
Event: 004
Station: AR7W_01
Instrument: CTD
Attached: pH | SBE35
Number_of_Bottles: 
Flowmeter S/N: 
Flowmeter Start: 
Flowmeter End: 
Action: Bottom
Sounding: 160
Sample ID: 524119
End_Sample_ID: 524138
Wire out: 144
Wire Angle: 
Net Clogging: 
Wind Direction: 
Wind Speed (nm): 
Sky (condition): 
Swell Direction: 
Swell Height (M): 
Sea (Condition): 
Depth: 
Author: Jeff Jackson
IMEI_No: 
WMO_No: 
S/N: 
Name: 
Comment: 
Time|Position: 2026-05-24 | 140208.0038 | 53 40.79700 N | 55 32.99957 W
Cruise: JC291
PI: Marc Ringuette
Protocol: AZOMP
Platform: RRS JAMES COOK
Revisions: 
Mooring Number: 
Number of RCMs: 
Number of MicroCATs: 
Number of Temperature Recorders: 
Number of Amars: 
Attachment: 
Encoding: plain
========================================

$@MID@$: 11
Date: Sun, 24 May 2026 14:30:32 +0000
In reply to: 10
Event: 004
Station: AR7W_01
Instrument: CTD
Attached: pH | SBE35
Number_of_Bottles: 
Flowmeter S/N: 
Flowmeter Start: 
Flowmeter End: 
Action: Recovered
Sounding: 160
Sample ID: 524119
End_Sample_ID: 524138
Wire out: 144
Wire Angle: 
Net Clogging: 
Wind Direction: 
Wind Speed (nm): 
Sky (condition): 
Swell Direction: 
Swell Height (M): 
Sea (Condition): 
Depth: 
Author: Jeff Jackson
IMEI_No: 
WMO_No: 
S/N: 
Name: 
Comment: 
Time|Position: 2026-05-24 | 143032.0042 | 53 40.79735 N | 55 33.00084 W
Cruise: JC291
PI: Marc Ringuette
Protocol: AZOMP
Platform: RRS JAMES COOK
Revisions: 
Mooring Number: 
Number of RCMs: 
Number of MicroCATs: 
Number of Temperature Recorders: 
Number of Amars: 
Attachment: 
Encoding: plain
========================================

$@MID@$: 12
Date: Sun, 24 May 2026 14:52:55 +0000
Reply to: 111
Event: 005
Station: AR7W_01
Instrument: RingNet
Attached: 202um | Flowmeter
Number_of_Bottles: 
Flowmeter S/N: 
Flowmeter Start: 54503
Flowmeter End: 
Action: Deployed
Sounding: 302
Sample ID: 524139
End_Sample_ID: 
Wire out: 
Wire Angle: 
Net Clogging: 
Wind Direction: 
Wind Speed (nm): 
Sky (condition): 
Swell Direction: 
Swell Height (M): 
Sea (Condition): 
Depth: 
Author: Marc Ringuette
IMEI_No: 
WMO_No: 
S/N: 
Name: 
Comment: 
Time|Position: 2026-05-24 | 145255.0020 | 53 40.79657 N | 55 33.00044 W
Cruise: JC291
PI: Marc Ringuette
Protocol: AZOMP
Platform: RRS JAMES COOK
Revisions: 06/Jun/2026 13:17:40
Mooring Number: 
Number of RCMs: 
Number of MicroCATs: 
Number of Temperature Recorders: 
Number of Amars: 
Attachment: 
Encoding: plain
========================================

$@MID@$: 13
Date: Sun, 24 May 2026 15:04:27 +0000
Reply to: 113
Event: 006
Station: AR7W_01
Instrument: RingNet
Attached: 202um | Flowmeter
Number_of_Bottles: 
Flowmeter S/N: 
Flowmeter Start: 98489
Flowmeter End: 
Action: Deployed
Sounding: 307
Sample ID: 
End_Sample_ID: 
Wire out: 
Wire Angle: 
Net Clogging: 
Wind Direction: 
Wind Speed (nm): 
Sky (condition): 
Swell Direction: 
Swell Height (M): 
Sea (Condition): 
Depth: 
Author: Marc Ringuette
IMEI_No: 
WMO_No: 
S/N: 
Name: 
Comment: live tow
Time|Position: 2026-05-24 | 150427.0007 | 53 40.79623 N | 55 33.00017 W
Cruise: JC291
PI: Marc Ringuette
Protocol: AZOMP
Platform: RRS JAMES COOK
Revisions: 06/Jun/2026 13:20:11
Mooring Number: 
Number of RCMs: 
Number of MicroCATs: 
Number of Temperature Recorders: 
Number of Amars: 
Attachment: 
Encoding: plain
========================================

$@MID@$: 14
Date: Sun, 24 May 2026 16:25:01 +0000
Reply to: 15
Event: 007
Station: AR7W_02
Instrument: CTD
Attached: pH | SBE35
Number_of_Bottles: 
Flowmeter S/N: 
Flowmeter Start: 
Flowmeter End: 
Action: Deployed
Sounding: 210.28
Sample ID: 524140
End_Sample_ID: 524153
Wire out: 
Wire Angle: 
Net Clogging: 
Wind Direction: 
Wind Speed (nm): 
Sky (condition): 
Swell Direction: 
Swell Height (M): 
Sea (Condition): 
Depth: 
Author: Jeff Jackson
IMEI_No: 
WMO_No: 
S/N: 
Name: 
Comment: 
Time|Position: 2026-05-24 | 162501.0009 | 53 47.80044 N | 55 26.20148 W
Cruise: JC291
PI: Marc Ringuette
Protocol: AZOMP
Platform: RRS JAMES COOK
Revisions: 
Mooring Number: 
Number of RCMs: 
Number of MicroCATs: 
Number of Temperature Recorders: 
Number of Amars: 
Attachment: 
Encoding: plain
========================================

$@MID@$: 15
Date: Sun, 24 May 2026 16:40:52 +0000
Reply to: 16
In reply to: 14
Event: 007
Station: AR7W_02
Instrument: CTD
Attached: pH | SBE35
Number_of_Bottles: 
Flowmeter S/N: 
Flowmeter Start: 
Flowmeter End: 
Action: Bottom
Sounding: 210.59
Sample ID: 524140
End_Sample_ID: 524153
Wire out: 193
Wire Angle: 
Net Clogging: 
Wind Direction: 
Wind Speed (nm): 
Sky (condition): 
Swell Direction: 
Swell Height (M): 
Sea (Condition): 
Depth: 
Author: Jeff Jackson
IMEI_No: 
WMO_No: 
S/N: 
Name: 
Comment: 
Time|Position: 2026-05-24 | 164052.0006 | 53 47.79852 N | 55 26.20281 W
Cruise: JC291
PI: Marc Ringuette
Protocol: AZOMP
Platform: RRS JAMES COOK
Revisions: 
Mooring Number: 
Number of RCMs: 
Number of MicroCATs: 
Number of Temperature Recorders: 
Number of Amars: 
Attachment: 
Encoding: plain
========================================

$@MID@$: 16
Date: Sun, 24 May 2026 17:11:52 +0000
In reply to: 15
Event: 007
Station: AR7W_02
Instrument: CTD
Attached: pH | SBE35
Number_of_Bottles: 
Flowmeter S/N: 
Flowmeter Start: 
Flowmeter End: 
Action: Recovered
Sounding: 210.59
Sample ID: 524140
End_Sample_ID: 524153
Wire out: 193
Wire Angle: 
Net Clogging: 
Wind Direction: 
Wind Speed (nm): 
Sky (condition): 
Swell Direction: 
Swell Height (M): 
Sea (Condition): 
Depth: 
Author: Jeff Jackson
IMEI_No: 
WMO_No: 
S/N: 
Name: 
Comment: 
Time|Position: 2026-05-24 | 171152.0013 | 53 47.79931 N | 55 26.20226 W
Cruise: JC291
PI: Marc Ringuette
Protocol: AZOMP
Platform: RRS JAMES COOK
Revisions: 
Mooring Number: 
Number of RCMs: 
Number of MicroCATs: 
Number of Temperature Recorders: 
Number of Amars: 
Attachment: 
Encoding: plain
========================================

$@MID@$: 17
Date: Sun, 24 May 2026 17:25:58 +0000
Reply to: 18
Event: 008
Station: AR7W_02
Instrument: RingNet
Attached: 202um | Flowmeter
Number_of_Bottles: 
Flowmeter S/N: 
Flowmeter Start: 54844
Flowmeter End: 
Action: Deployed
Sounding: 210.60
Sample ID: 524154
End_Sample_ID: 
Wire out: 
Wire Angle: 
Net Clogging: 
Wind Direction: 
Wind Speed (nm): 
Sky (condition): 
Swell Direction: 
Swell Height (M): 
Sea (Condition): 
Depth: 
Author: Marc Ringuette
IMEI_No: 
WMO_No: 
S/N: 
Name: 
Comment: 
Time|Position: 2026-05-24 | 172558.0045 | 53 47.79936 N | 55 26.20318 W
Cruise: JC291
PI: Marc Ringuette
Protocol: AZOMP
Platform: RRS JAMES COOK
Revisions: 26/May/2026 23:53:43
Mooring Number: 
Number of RCMs: 
Number of MicroCATs: 
Number of Temperature Recorders: 
Number of Amars: 
Attachment: 
Encoding: plain
========================================

$@MID@$: 18
Date: Sun, 24 May 2026 17:29:20 +0000
Reply to: 19
In reply to: 17
Event: 008
Station: AR7W_02
Instrument: RingNet
Attached: 202um | Flowmeter
Number_of_Bottles: 
Flowmeter S/N: 
Flowmeter Start: 54844
Flowmeter End: 
Action: Bottom
Sounding: 210.41
Sample ID: 524154
End_Sample_ID: 
Wire out: 100
Wire Angle: 0
Net Clogging: 
Wind Direction: 
Wind Speed (nm): 
Sky (condition): 
Swell Direction: 
Swell Height (M): 
Sea (Condition): 
Depth: 
Author: Marc Ringuette
IMEI_No: 
WMO_No: 
S/N: 
Name: 
Comment: 
Time|Position: 2026-05-24 | 172920.0021 | 53 47.79943 N | 55 26.20306 W
Cruise: JC291
PI: Marc Ringuette
Protocol: AZOMP
Platform: RRS JAMES COOK
Revisions: 26/May/2026 23:52:11
Mooring Number: 
Number of RCMs: 
Number of MicroCATs: 
Number of Temperature Recorders: 
Number of Amars: 
Attachment: 
Encoding: plain
========================================

$@MID@$: 19
Date: Sun, 24 May 2026 17:31:22 +0000
In reply to: 18
Event: 008
Station: AR7W_02
Instrument: RingNet
Attached: 202um | Flowmeter
Number_of_Bottles: 
Flowmeter S/N: 
Flowmeter Start: 54844
Flowmeter End: 55176
Action: Recovered
Sounding: 210.58
Sample ID: 524154
End_Sample_ID: 
Wire out: 100
Wire Angle: 0
Net Clogging: 
Wind Direction: 
Wind Speed (nm): 
Sky (condition): 
Swell Direction: 
Swell Height (M): 
Sea (Condition): 
Depth: 
Author: Marc Ringuette
IMEI_No: 
WMO_No: 
S/N: 
Name: 
Comment: 
Time|Position: 2026-05-24 | 173122.0030 | 53 47.80018 N | 55 26.20267 W
Cruise: JC291
PI: Marc Ringuette
Protocol: AZOMP
Platform: RRS JAMES COOK
Revisions: 26/May/2026 23:51:58
Mooring Number: 
Number of RCMs: 
Number of MicroCATs: 
Number of Temperature Recorders: 
Number of Amars: 
Attachment: 
Encoding: plain
========================================

$@MID@$: 20
Date: Sun, 24 May 2026 19:30:35 +0000
Reply to: 21
Event: 009
Station: AR7W_03
Instrument: CTD
Attached: pH | SBE35
Number_of_Bottles: 
Flowmeter S/N: 
Flowmeter Start: 
Flowmeter End: 
Action: Deployed
Sounding: 154.76
Sample ID: 524155
End_Sample_ID: 524166
Wire out: 
Wire Angle: 
Net Clogging: 
Wind Direction: 
Wind Speed (nm): 
Sky (condition): 
Swell Direction: 
Swell Height (M): 
Sea (Condition): 
Depth: 
Author: Jeff Jackson
IMEI_No: 
WMO_No: 
S/N: 
Name: 
Comment: 
Time|Position: 2026-05-24 | 193035.0019 | 53 59.29772 N | 55 15.00286 W
Cruise: JC291
PI: Marc Ringuette
Protocol: AZOMP
Platform: RRS JAMES COOK
Revisions: 
Mooring Number: 
Number of RCMs: 
Number of MicroCATs: 
Number of Temperature Recorders: 
Number of Amars: 
Attachment: 
Encoding: plain
========================================

$@MID@$: 21
Date: Sun, 24 May 2026 19:42:18 +0000
Reply to: 22
In reply to: 20
Event: 009
Station: AR7W_03
Instrument: CTD
Attached: pH | SBE35
Number_of_Bottles: 
Flowmeter S/N: 
Flowmeter Start: 
Flowmeter End: 
Action: Bottom
Sounding: 154.91
Sample ID: 524155
End_Sample_ID: 524166
Wire out: 139
Wire Angle: 
Net Clogging: 
Wind Direction: 
Wind Speed (nm): 
Sky (condition): 
Swell Direction: 
Swell Height (M): 
Sea (Condition): 
Depth: 
Author: Jeff Jackson
IMEI_No: 
WMO_No: 
S/N: 
Name: 
Comment: 
Time|Position: 2026-05-24 | 194218.0046 | 53 59.30034 N | 55 15.00370 W
Cruise: JC291
PI: Marc Ringuette
Protocol: AZOMP
Platform: RRS JAMES COOK
Revisions: 
Mooring Number: 
Number of RCMs: 
Number of MicroCATs: 
Number of Temperature Recorders: 
Number of Amars: 
Attachment: 
Encoding: plain
========================================

$@MID@$: 22
Date: Sun, 24 May 2026 20:06:45 +0000
In reply to: 21
Event: 009
Station: AR7W_03
Instrument: CTD
Attached: pH | SBE35
Number_of_Bottles: 
Flowmeter S/N: 
Flowmeter Start: 
Flowmeter End: 
Action: Recovered
Sounding: 154.68
Sample ID: 524155
End_Sample_ID: 524166
Wire out: 139
Wire Angle: 
Net Clogging: 
Wind Direction: 
Wind Speed (nm): 
Sky (condition): 
Swell Direction: 
Swell Height (M): 
Sea (Condition): 
Depth: 
Author: Jeff Jackson
IMEI_No: 
WMO_No: 
S/N: 
Name: 
Comment: 
Time|Position: 2026-05-24 | 200645.0007 | 53 59.30025 N | 55 15.00348 W
Cruise: JC291
PI: Marc Ringuette
Protocol: AZOMP
Platform: RRS JAMES COOK
Revisions: 
Mooring Number: 
Number of RCMs: 
Number of MicroCATs: 
Number of Temperature Recorders: 
Number of Amars: 
Attachment: 
Encoding: plain
========================================

$@MID@$: 23
Date: Sun, 24 May 2026 20:20:30 +0000
Reply to: 24
Event: 010
Station: AR7W_03
Instrument: RingNet
Attached: 202um | Flowmeter
Number_of_Bottles: 
Flowmeter S/N: 
Flowmeter Start: 55177
Flowmeter End: 
Action: Deployed
Sounding: 154.51
Sample ID: 524167
End_Sample_ID: 
Wire out: 
Wire Angle: 
Net Clogging: 
Wind Direction: 
Wind Speed (nm): 
Sky (condition): 
Swell Direction: 
Swell Height (M): 
Sea (Condition): 
Depth: 
Author: Marc Ringuette
IMEI_No: 
WMO_No: 
S/N: 
Name: 
Comment: 
Time|Position: 2026-05-24 | 202030.0043 | 53 59.29937 N | 55 15.00420 W
Cruise: JC291
PI: Marc Ringuette
Protocol: AZOMP
Platform: RRS JAMES COOK
Revisions: 26/May/2026 23:49:19
Mooring Number: 
Number of RCMs: 
Number of MicroCATs: 
Number of Temperature Recorders: 
Number of Amars: 
Attachment: 
Encoding: plain
========================================

$@MID@$: 24
Date: Sun, 24 May 2026 20:23:08 +0000
Reply to: 25
In reply to: 23
Event: 010
Station: AR7W_03
Instrument: RingNet
Attached: 202um | Flowmeter
Number_of_Bottles: 
Flowmeter S/N: 
Flowmeter Start: 55177
Flowmeter End: 
Action: Bottom
Sounding: 154.74
Sample ID: 524167
End_Sample_ID: 
Wire out: 100
Wire Angle: 0
Net Clogging: 
Wind Direction: 
Wind Speed (nm): 
Sky (condition): 
Swell Direction: 
Swell Height (M): 
Sea (Condition): 
Depth: 
Author: Marc Ringuette
IMEI_No: 
WMO_No: 
S/N: 
Name: 
Comment: 
Time|Position: 2026-05-24 | 202308.0100 | 53 59.30013 N | 55 15.00398 W
Cruise: JC291
PI: Marc Ringuette
Protocol: AZOMP
Platform: RRS JAMES COOK
Revisions: 26/May/2026 23:48:40
Mooring Number: 
Number of RCMs: 
Number of MicroCATs: 
Number of Temperature Recorders: 
Number of Amars: 
Attachment: 
Encoding: plain
========================================

$@MID@$: 25
Date: Sun, 24 May 2026 20:32:29 +0000
In reply to: 24
Event: 010
Station: AR7W_03
Instrument: RingNet
Attached: 202um | Flowmeter
Number_of_Bottles: 
Flowmeter S/N: 
Flowmeter Start: 55177
Flowmeter End: 55531
Action: Recovered
Sounding: 154.54
Sample ID: 524167
End_Sample_ID: 
Wire out: 100
Wire Angle: 0
Net Clogging: 
Wind Direction: 
Wind Speed (nm): 
Sky (condition): 
Swell Direction: 
Swell Height (M): 
Sea (Condition): 
Depth: 
Author: Marc Ringuette
IMEI_No: 
WMO_No: 
S/N: 
Name: 
Comment: 
Time|Position: 2026-05-24 | 203229.0017 | 53 59.29982 N | 55 15.00397 W
Cruise: JC291
PI: Marc Ringuette
Protocol: AZOMP
Platform: RRS JAMES COOK
Revisions: 26/May/2026 23:47:59
Mooring Number: 
Number of RCMs: 
Number of MicroCATs: 
Number of Temperature Recorders: 
Number of Amars: 
Attachment: 
Encoding: plain
========================================

$@MID@$: 26
Date: Sun, 24 May 2026 22:36:12 +0000
Reply to: 27
Event: 011
Station: AR7W_03
Instrument: Marine Snow Catcher
Attached: 
Number_of_Bottles: 
Flowmeter S/N: 
Flowmeter Start: 
Flowmeter End: 
Action: Deployed
Sounding: 172.67
Sample ID: 
End_Sample_ID: 
Wire out: 
Wire Angle: 
Net Clogging: 
Wind Direction: 
Wind Speed (nm): 
Sky (condition): 
Swell Direction: 
Swell Height (M): 
Sea (Condition): 
Depth: 
Author: Chris Gordon
IMEI_No: 
WMO_No: 
S/N: 
Name: 
Comment: Entered late - see ship log for appropriate time/coordinates
Time|Position: 2026-05-24 | 203626.0000 | 53 59.29962 N | 55 15.00372 W
Cruise: JC291
PI: Marc Ringuette
Protocol: AZOMP
Platform: RRS JAMES COOK
Revisions: 06/Jun/2026 13:26:41
Mooring Number: 
Number of RCMs: 
Number of MicroCATs: 
Number of Temperature Recorders: 
Number of Amars: 
Attachment: 
Encoding: plain
========================================

$@MID@$: 27
Date: Sun, 24 May 2026 22:37:02 +0000
Reply to: 28
In reply to: 26
Event: 011
Station: AR7W_03
Instrument: Marine Snow Catcher
Attached: 
Number_of_Bottles: 
Flowmeter S/N: 
Flowmeter Start: 
Flowmeter End: 
Action: Bottom
Sounding: 173.42
Sample ID: 
End_Sample_ID: 
Wire out: 100
Wire Angle: 
Net Clogging: 
Wind Direction: 
Wind Speed (nm): 
Sky (condition): 
Swell Direction: 
Swell Height (M): 
Sea (Condition): 
Depth: 
Author: Chris Gordon
IMEI_No: 
WMO_No: 
S/N: 
Name: 
Comment: 
Time|Position: 2026-05-24 | 204019.0000 | 53 59.29932 N | 55 15.00342 W
Cruise: JC291
PI: Marc Ringuette
Protocol: AZOMP
Platform: RRS JAMES COOK
Revisions: 06/Jun/2026 13:27:34
Mooring Number: 
Number of RCMs: 
Number of MicroCATs: 
Number of Temperature Recorders: 
Number of Amars: 
Attachment: 
Encoding: plain
========================================

$@MID@$: 28
Date: Sun, 24 May 2026 22:37:15 +0000
In reply to: 27
Event: 011
Station: AR7W_03
Instrument: Marine Snow Catcher
Attached: 
Number_of_Bottles: 
Flowmeter S/N: 
Flowmeter Start: 
Flowmeter End: 
Action: Recovered
Sounding: 172.61
Sample ID: 
End_Sample_ID: 
Wire out: 100
Wire Angle: 
Net Clogging: 
Wind Direction: 
Wind Speed (nm): 
Sky (condition): 
Swell Direction: 
Swell Height (M): 
Sea (Condition): 
Depth: 
Author: Chris Gordon
IMEI_No: 
WMO_No: 
S/N: 
Name: 
Comment: 
Time|Position: 2026-05-24 | 204019.0000 | 53 59.30016 N | 55 15.00378 W
Cruise: JC291
PI: Marc Ringuette
Protocol: AZOMP
Platform: RRS JAMES COOK
Revisions: 06/Jun/2026 13:28:12
Mooring Number: 
Number of RCMs: 
Number of MicroCATs: 
Number of Temperature Recorders: 
Number of Amars: 
Attachment: 
Encoding: plain
========================================

$@MID@$: 29
Date: Sun, 24 May 2026 22:43:45 +0000
Reply to: 30
Event: 012
Station: AR7W_04
Instrument: CTD
Attached: pH | SBE35
Number_of_Bottles: 
Flowmeter S/N: 
Flowmeter Start: 
Flowmeter End: 
Action: Deployed
Sounding: 172.41
Sample ID: 524168
End_Sample_ID: 524180
Wire out: 
Wire Angle: 
Net Clogging: 
Wind Direction: 
Wind Speed (nm): 
Sky (condition): 
Swell Direction: 
Swell Height (M): 
Sea (Condition): 
Depth: 
Author: Chris Gordon
IMEI_No: 
WMO_No: 
S/N: 
Name: 
Comment: 
Time|Position: 2026-05-24 | 224345.0039 | 54 13.19667 N | 55 01.40099 W
Cruise: JC291
PI: Marc Ringuette
Protocol: AZOMP
Platform: RRS JAMES COOK
Revisions: 06/Jun/2026 13:28:48
Mooring Number: 
Number of RCMs: 
Number of MicroCATs: 
Number of Temperature Recorders: 
Number of Amars: 
Attachment: 
Encoding: plain
========================================

$@MID@$: 30
Date: Sun, 24 May 2026 22:51:06 +0000
In reply to: 29
Event: 012
Station: AR7W_04
Instrument: CTD
Attached: pH | SBE35
Number_of_Bottles: 
Flowmeter S/N: 
Flowmeter Start: 
Flowmeter End: 
Action: Aborted
Sounding: 172.69
Sample ID: 524168
End_Sample_ID: 524180
Wire out: 
Wire Angle: 
Net Clogging: 
Wind Direction: 
Wind Speed (nm): 
Sky (condition): 
Swell Direction: 
Swell Height (M): 
Sea (Condition): 
Depth: 
Author: Chris Gordon
IMEI_No: 
WMO_No: 
S/N: 
Name: 
Comment: No communication between seasave and instrument - brought back on board
Time|Position: 2026-05-24 | 225106.0031 | 54 13.19583 N | 55 01.40321 W
Cruise: JC291
PI: Marc Ringuette
Protocol: AZOMP
Platform: RRS JAMES COOK
Revisions: 06/Jun/2026 13:28:58
Mooring Number: 
Number of RCMs: 
Number of MicroCATs: 
Number of Temperature Recorders: 
Number of Amars: 
Attachment: 
Encoding: plain
========================================

$@MID@$: 31
Date: Sun, 24 May 2026 23:00:56 +0000
Reply to: 32
Event: 013
Station: AR7W_04
Instrument: CTD
Attached: pH | SBE35
Number_of_Bottles: 
Flowmeter S/N: 
Flowmeter Start: 
Flowmeter End: 
Action: Deployed
Sounding: 172.65
Sample ID: 524168
End_Sample_ID: 524180
Wire out: 
Wire Angle: 
Net Clogging: 
Wind Direction: 
Wind Speed (nm): 
Sky (condition): 
Swell Direction: 
Swell Height (M): 
Sea (Condition): 
Depth: 
Author: Chris Gordon
IMEI_No: 
WMO_No: 
S/N: 
Name: 
Comment: 
Time|Position: 2026-05-24 | 230056.0016 | 54 13.19646 N | 55 01.40345 W
Cruise: JC291
PI: Marc Ringuette
Protocol: AZOMP
Platform: RRS JAMES COOK
Revisions: 
Mooring Number: 
Number of RCMs: 
Number of MicroCATs: 
Number of Temperature Recorders: 
Number of Amars: 
Attachment: 
Encoding: plain
========================================

$@MID@$: 32
Date: Sun, 24 May 2026 23:15:09 +0000
Reply to: 33
In reply to: 31
Event: 013
Station: AR7W_04
Instrument: CTD
Attached: pH | SBE35
Number_of_Bottles: 
Flowmeter S/N: 
Flowmeter Start: 
Flowmeter End: 
Action: Bottom
Sounding: 173.45
Sample ID: 524168
End_Sample_ID: 524180
Wire out: 
Wire Angle: 
Net Clogging: 
Wind Direction: 
Wind Speed (nm): 
Sky (condition): 
Swell Direction: 
Swell Height (M): 
Sea (Condition): 
Depth: 
Author: Chris Gordon
IMEI_No: 
WMO_No: 
S/N: 
Name: 
Comment: 
Time|Position: 2026-05-24 | 231509.0035 | 54 13.19547 N | 55 01.40417 W
Cruise: JC291
PI: Marc Ringuette
Protocol: AZOMP
Platform: RRS JAMES COOK
Revisions: 
Mooring Number: 
Number of RCMs: 
Number of MicroCATs: 
Number of Temperature Recorders: 
Number of Amars: 
Attachment: 
Encoding: plain
========================================

$@MID@$: 33
Date: Sun, 24 May 2026 23:41:05 +0000
In reply to: 32
Event: 013
Station: AR7W_04
Instrument: CTD
Attached: pH | SBE35
Number_of_Bottles: 
Flowmeter S/N: 
Flowmeter Start: 
Flowmeter End: 
Action: Recovered
Sounding: 172.63
Sample ID: 524168
End_Sample_ID: 524180
Wire out: 
Wire Angle: 
Net Clogging: 
Wind Direction: 
Wind Speed (nm): 
Sky (condition): 
Swell Direction: 
Swell Height (M): 
Sea (Condition): 
Depth: 
Author: Chris Gordon
IMEI_No: 
WMO_No: 
S/N: 
Name: 
Comment: Bottle 5 (524172) did not fire
Time|Position: 2026-05-24 | 234105.0036 | 54 13.19682 N | 55 01.40415 W
Cruise: JC291
PI: Marc Ringuette
Protocol: AZOMP
Platform: RRS JAMES COOK
Revisions: 25/May/2026 03:02:11
Mooring Number: 
Number of RCMs: 
Number of MicroCATs: 
Number of Temperature Recorders: 
Number of Amars: 
Attachment: 
Encoding: plain
========================================

$@MID@$: 34
Date: Sun, 24 May 2026 23:58:13 +0000
Reply to: 35
Event: 014
Station: AR7W_04
Instrument: RingNet
Attached: 202um | Flowmeter
Number_of_Bottles: 
Flowmeter S/N: 
Flowmeter Start: 55531
Flowmeter End: 
Action: Deployed
Sounding: 172.41
Sample ID: 524181
End_Sample_ID: 
Wire out: 
Wire Angle: 
Net Clogging: 
Wind Direction: 
Wind Speed (nm): 
Sky (condition): 
Swell Direction: 
Swell Height (M): 
Sea (Condition): 
Depth: 
Author: Charlotte Mathews
IMEI_No: 
WMO_No: 
S/N: 
Name: 
Comment: 
Time|Position: 2026-05-24 | 235223.0000 | 54 13.19676 N | 55 01.4034 W
Cruise: JC291
PI: Marc Ringuette
Protocol: AZOMP
Platform: RRS JAMES COOK
Revisions: 06/Jun/2026 13:30:55
Mooring Number: 
Number of RCMs: 
Number of MicroCATs: 
Number of Temperature Recorders: 
Number of Amars: 
Attachment: 
Encoding: plain
========================================

