$@MID@$: 313
Date: Wed, 03 Jun 2026 00:10:43 +0000
Reply to: 314
Event: 107
Station: AR7W_17
Instrument: CTD
Attached: SBE35
Number_of_Bottles: 
Flowmeter S/N: 
Flowmeter Start: 
Flowmeter End: 
Action: Deployed
Sounding: 3385.49
Sample ID: 524776
End_Sample_ID: 524799
Wire out: 
Wire Angle: 
Net Clogging: 
Wind Direction: 
Wind Speed (nm): 
Sky (condition): 
Swell Direction: 
Swell Height (M): 
Sea (Condition): 
Depth: 
Author: Chris Gordon
IMEI_No: 
WMO_No: 
S/N: 
Name: 
Comment: 
Time|Position: 2026-06-03 | 001043.0002 | 57 47.99884 N | 51 20.39382 W
Cruise: JC291
PI: Marc Ringuette
Protocol: AZOMP
Platform: RRS JAMES COOK
Revisions: 
Mooring Number: 
Number of RCMs: 
Number of MicroCATs: 
Number of Temperature Recorders: 
Number of Amars: 
Attachment: 
Encoding: plain
========================================

$@MID@$: 314
Date: Wed, 03 Jun 2026 01:31:26 +0000
Reply to: 315
In reply to: 313
Event: 107
Station: AR7W_17
Instrument: CTD
Attached: SBE35
Number_of_Bottles: 
Flowmeter S/N: 
Flowmeter Start: 
Flowmeter End: 
Action: Bottom
Sounding: 3636.37
Sample ID: 524776
End_Sample_ID: 524799
Wire out: 
Wire Angle: 
Net Clogging: 
Wind Direction: 
Wind Speed (nm): 
Sky (condition): 
Swell Direction: 
Swell Height (M): 
Sea (Condition): 
Depth: 
Author: Chris Gordon
IMEI_No: 
WMO_No: 
S/N: 
Name: 
Comment: 
Time|Position: 2026-06-03 | 013126.0040 | 57 48.02155 N | 51 20.91898 W
Cruise: JC291
PI: Marc Ringuette
Protocol: AZOMP
Platform: RRS JAMES COOK
Revisions: 
Mooring Number: 
Number of RCMs: 
Number of MicroCATs: 
Number of Temperature Recorders: 
Number of Amars: 
Attachment: 
Encoding: plain
========================================

$@MID@$: 315
Date: Wed, 03 Jun 2026 03:21:24 +0000
In reply to: 314
Event: 107
Station: AR7W_17
Instrument: CTD
Attached: SBE35
Number_of_Bottles: 
Flowmeter S/N: 
Flowmeter Start: 
Flowmeter End: 
Action: Recovered
Sounding: 3575.43
Sample ID: 524776
End_Sample_ID: 524799
Wire out: 
Wire Angle: 
Net Clogging: 
Wind Direction: 
Wind Speed (nm): 
Sky (condition): 
Swell Direction: 
Swell Height (M): 
Sea (Condition): 
Depth: 
Author: Chris Gordon
IMEI_No: 
WMO_No: 
S/N: 
Name: 
Comment: 
Time|Position: 2026-06-03 | 032124.0007 | 57 48.21235 N | 51 22.19453 W
Cruise: JC291
PI: Marc Ringuette
Protocol: AZOMP
Platform: RRS JAMES COOK
Revisions: 
Mooring Number: 
Number of RCMs: 
Number of MicroCATs: 
Number of Temperature Recorders: 
Number of Amars: 
Attachment: 
Encoding: plain
========================================

$@MID@$: 316
Date: Wed, 03 Jun 2026 03:57:11 +0000
Reply to: 317
Event: 108
Station: AR7W_17
Instrument: RingNet
Attached: 202um | Flowmeter
Number_of_Bottles: 
Flowmeter S/N: 
Flowmeter Start: 02281
Flowmeter End: 
Action: Deployed
Sounding: 3578.24
Sample ID: 5247800
End_Sample_ID: 
Wire out: 
Wire Angle: 
Net Clogging: 
Wind Direction: 
Wind Speed (nm): 
Sky (condition): 
Swell Direction: 
Swell Height (M): 
Sea (Condition): 
Depth: 
Author: Charlotte Mathews
IMEI_No: 
WMO_No: 
S/N: 
Name: 
Comment: 
Time|Position: 2026-06-03 | 035711.0022 | 57 47.99992 N | 51 20.42180 W
Cruise: JC291
PI: Marc Ringuette
Protocol: AZOMP
Platform: RRS JAMES COOK
Revisions: 03/Jun/2026 08:40:09
Mooring Number: 
Number of RCMs: 
Number of MicroCATs: 
Number of Temperature Recorders: 
Number of Amars: 
Attachment: 
Encoding: plain
========================================

$@MID@$: 317
Date: Wed, 03 Jun 2026 03:57:47 +0000
Reply to: 318
In reply to: 316
Event: 108
Station: AR7W_17
Instrument: RingNet
Attached: 202um | Flowmeter
Number_of_Bottles: 
Flowmeter S/N: 
Flowmeter Start: 02281
Flowmeter End: 
Action: Bottom
Sounding: 3313.98
Sample ID: 5247800
End_Sample_ID: 
Wire out: 
Wire Angle: 
Net Clogging: 
Wind Direction: 
Wind Speed (nm): 
Sky (condition): 
Swell Direction: 
Swell Height (M): 
Sea (Condition): 
Depth: 
Author: Charlotte Mathews
IMEI_No: 
WMO_No: 
S/N: 
Name: 
Comment: Actual bottom time 1:00:30 local
Time|Position: 2026-06-03 | 040045.0000 | 57 48.00108 N | 51 20.42016 W
Cruise: JC291
PI: Marc Ringuette
Protocol: AZOMP
Platform: RRS JAMES COOK
Revisions: 06/Jun/2026 15:40:53
Mooring Number: 
Number of RCMs: 
Number of MicroCATs: 
Number of Temperature Recorders: 
Number of Amars: 
Attachment: 
Encoding: plain
========================================

$@MID@$: 318
Date: Wed, 03 Jun 2026 04:03:12 +0000
In reply to: 317
Event: 108
Station: AR7W_17
Instrument: RingNet
Attached: 202um | Flowmeter
Number_of_Bottles: 
Flowmeter S/N: 
Flowmeter Start: 02281
Flowmeter End: 02625
Action: Recovered
Sounding: 3625.56
Sample ID: 5247800
End_Sample_ID: 
Wire out: 
Wire Angle: 
Net Clogging: 
Wind Direction: 
Wind Speed (nm): 
Sky (condition): 
Swell Direction: 
Swell Height (M): 
Sea (Condition): 
Depth: 
Author: Charlotte Mathews
IMEI_No: 
WMO_No: 
S/N: 
Name: 
Comment: 
Time|Position: 2026-06-03 | 040312.0043 | 57 47.99952 N | 51 20.41823 W
Cruise: JC291
PI: Marc Ringuette
Protocol: AZOMP
Platform: RRS JAMES COOK
Revisions: 06/Jun/2026 15:41:09
Mooring Number: 
Number of RCMs: 
Number of MicroCATs: 
Number of Temperature Recorders: 
Number of Amars: 
Attachment: 
Encoding: plain
========================================

$@MID@$: 319
Date: Wed, 03 Jun 2026 04:30:26 +0000
Reply to: 320
Event: 109
Station: AR7W_17
Instrument: Marine Snow Catcher
Attached: 
Number_of_Bottles: 
Flowmeter S/N: 
Flowmeter Start: 
Flowmeter End: 
Action: Deployed
Sounding: 3585.39
Sample ID: 
End_Sample_ID: 
Wire out: 
Wire Angle: 
Net Clogging: 
Wind Direction: 
Wind Speed (nm): 
Sky (condition): 
Swell Direction: 
Swell Height (M): 
Sea (Condition): 
Depth: 
Author: Lyn Hobday
IMEI_No: 
WMO_No: 
S/N: 
Name: 
Comment: 
Time|Position: 2026-06-03 | 041253.0000 | 57 47.99910 N | 51 20.42052 W
Cruise: JC291
PI: Marc Ringuette
Protocol: AZOMP
Platform: RRS JAMES COOK
Revisions: 06/Jun/2026 15:42:31
Mooring Number: 
Number of RCMs: 
Number of MicroCATs: 
Number of Temperature Recorders: 
Number of Amars: 
Attachment: 
Encoding: plain
========================================

$@MID@$: 320
Date: Wed, 03 Jun 2026 04:30:43 +0000
Reply to: 321
In reply to: 319
Event: 109
Station: AR7W_17
Instrument: Marine Snow Catcher
Attached: 
Number_of_Bottles: 
Flowmeter S/N: 
Flowmeter Start: 
Flowmeter End: 
Action: Bottom
Sounding: 3614.49
Sample ID: 
End_Sample_ID: 
Wire out: 100
Wire Angle: 
Net Clogging: 
Wind Direction: 
Wind Speed (nm): 
Sky (condition): 
Swell Direction: 
Swell Height (M): 
Sea (Condition): 
Depth: 
Author: Lyn Hobday
IMEI_No: 
WMO_No: 
S/N: 
Name: 
Comment: 
Time|Position: 2026-06-03 | 041553.0000 | 57 48.00006 N | 51 20.41896 W
Cruise: JC291
PI: Marc Ringuette
Protocol: AZOMP
Platform: RRS JAMES COOK
Revisions: 06/Jun/2026 15:43:35
Mooring Number: 
Number of RCMs: 
Number of MicroCATs: 
Number of Temperature Recorders: 
Number of Amars: 
Attachment: 
Encoding: plain
========================================

$@MID@$: 321
Date: Wed, 03 Jun 2026 04:31:15 +0000
In reply to: 320
Event: 109
Station: AR7W_17
Instrument: Marine Snow Catcher
Attached: 
Number_of_Bottles: 
Flowmeter S/N: 
Flowmeter Start: 
Flowmeter End: 
Action: Recovered
Sounding: 3612.20
Sample ID: 
End_Sample_ID: 
Wire out: 100
Wire Angle: 
Net Clogging: 
Wind Direction: 
Wind Speed (nm): 
Sky (condition): 
Swell Direction: 
Swell Height (M): 
Sea (Condition): 
Depth: 
Author: Lyn Hobday
IMEI_No: 
WMO_No: 
S/N: 
Name: 
Comment: 
Time|Position: 2026-06-03 | 042150.0000 | 57 47.99796 N | 51 20.41962 W
Cruise: JC291
PI: Marc Ringuette
Protocol: AZOMP
Platform: RRS JAMES COOK
Revisions: 06/Jun/2026 15:44:38
Mooring Number: 
Number of RCMs: 
Number of MicroCATs: 
Number of Temperature Recorders: 
Number of Amars: 
Attachment: 
Encoding: plain
========================================

$@MID@$: 322
Date: Wed, 03 Jun 2026 04:31:27 +0000
Reply to: 323
Event: 110
Station: AR7W_17
Instrument: ARGO
Attached: 
Number_of_Bottles: 
Flowmeter S/N: 
Flowmeter Start: 
Flowmeter End: 
Action: Plugs Removed
Sounding: 3632.43
Sample ID: 
End_Sample_ID: 
Wire out: 
Wire Angle: 
Net Clogging: 
Wind Direction: 
Wind Speed (nm): 
Sky (condition): 
Swell Direction: 
Swell Height (M): 
Sea (Condition): 
Depth: 
Author: Chris Gordon
IMEI_No: 
WMO_No: 
S/N: 
Name: 
Comment: 
Time|Position: 2026-06-03 | 043127.0022 | 57 47.99868 N | 51 20.41902 W
Cruise: JC291
PI: Marc Ringuette
Protocol: AZOMP
Platform: RRS JAMES COOK
Revisions: 
Mooring Number: 
Number of RCMs: 
Number of MicroCATs: 
Number of Temperature Recorders: 
Number of Amars: 
Attachment: 
Encoding: plain
========================================

$@MID@$: 323
Date: Wed, 03 Jun 2026 04:31:41 +0000
Reply to: 324
In reply to: 322
Event: 110
Station: AR7W_17
Instrument: ARGO
Attached: 
Number_of_Bottles: 
Flowmeter S/N: 
Flowmeter Start: 
Flowmeter End: 
Action: Magnet Removed
Sounding: 3634.85
Sample ID: 
End_Sample_ID: 
Wire out: 
Wire Angle: 
Net Clogging: 
Wind Direction: 
Wind Speed (nm): 
Sky (condition): 
Swell Direction: 
Swell Height (M): 
Sea (Condition): 
Depth: 
Author: Chris Gordon
IMEI_No: 
WMO_No: 
S/N: 
Name: 
Comment: 
Time|Position: 2026-06-03 | 043141.0035 | 57 47.99924 N | 51 20.42099 W
Cruise: JC291
PI: Marc Ringuette
Protocol: AZOMP
Platform: RRS JAMES COOK
Revisions: 
Mooring Number: 
Number of RCMs: 
Number of MicroCATs: 
Number of Temperature Recorders: 
Number of Amars: 
Attachment: 
Encoding: plain
========================================

$@MID@$: 324
Date: Wed, 03 Jun 2026 04:48:46 +0000
In reply to: 323
Event: 110
Station: AR7W_17
Instrument: ARGO
Attached: 
Number_of_Bottles: 
Flowmeter S/N: 
Flowmeter Start: 
Flowmeter End: 
Action: Deployed
Sounding: 3626.79
Sample ID: 
End_Sample_ID: 
Wire out: 
Wire Angle: 
Net Clogging: 
Wind Direction: 
Wind Speed (nm): 
Sky (condition): 
Swell Direction: 
Swell Height (M): 
Sea (Condition): 
Depth: 
Author: Chris Gordon
IMEI_No: 
WMO_No: 
S/N: 
Name: 
Comment: 
Time|Position: 2026-06-03 | 044846.0015 | 57 48.00554 N | 51 20.46545 W
Cruise: JC291
PI: Marc Ringuette
Protocol: AZOMP
Platform: RRS JAMES COOK
Revisions: 
Mooring Number: 
Number of RCMs: 
Number of MicroCATs: 
Number of Temperature Recorders: 
Number of Amars: 
Attachment: 
Encoding: plain
========================================

$@MID@$: 325
Date: Wed, 03 Jun 2026 11:47:17 +0000
Reply to: 326
Event: 111
Station: AR7W_15.5
Instrument: CTD
Attached: pH | SBE35
Number_of_Bottles: 
Flowmeter S/N: 
Flowmeter Start: 
Flowmeter End: 
Action: Deployed
Sounding: 3532.17
Sample ID: 524801
End_Sample_ID: 524814
Wire out: 
Wire Angle: 
Net Clogging: 
Wind Direction: 
Wind Speed (nm): 
Sky (condition): 
Swell Direction: 
Swell Height (M): 
Sea (Condition): 
Depth: 
Author: Jeff Jackson
IMEI_No: 
WMO_No: 
S/N: 
Name: 
Comment: 
Time|Position: 2026-06-03 | 114717.0036 | 57 09.99998 N | 52 00.84778 W
Cruise: JC291
PI: Marc Ringuette
Protocol: AZOMP
Platform: RRS JAMES COOK
Revisions: 
Mooring Number: 
Number of RCMs: 
Number of MicroCATs: 
Number of Temperature Recorders: 
Number of Amars: 
Attachment: 
Encoding: plain
========================================

$@MID@$: 326
Date: Wed, 03 Jun 2026 11:59:57 +0000
Reply to: 327
In reply to: 325
Event: 111
Station: AR7W_15.5
Instrument: CTD
Attached: pH | SBE35
Number_of_Bottles: 
Flowmeter S/N: 
Flowmeter Start: 
Flowmeter End: 
Action: Bottom
Sounding: 3530.21
Sample ID: 524801
End_Sample_ID: 524814
Wire out: 197
Wire Angle: 
Net Clogging: 
Wind Direction: 
Wind Speed (nm): 
Sky (condition): 
Swell Direction: 
Swell Height (M): 
Sea (Condition): 
Depth: 
Author: Jeff Jackson
IMEI_No: 
WMO_No: 
S/N: 
Name: 
Comment: 
Time|Position: 2026-06-03 | 115957.0009 | 57 10.00044 N | 52 00.85043 W
Cruise: JC291
PI: Marc Ringuette
Protocol: AZOMP
Platform: RRS JAMES COOK
Revisions: 
Mooring Number: 
Number of RCMs: 
Number of MicroCATs: 
Number of Temperature Recorders: 
Number of Amars: 
Attachment: 
Encoding: plain
========================================

$@MID@$: 327
Date: Wed, 03 Jun 2026 12:26:57 +0000
In reply to: 326
Event: 111
Station: AR7W_15.5
Instrument: CTD
Attached: pH | SBE35
Number_of_Bottles: 
Flowmeter S/N: 
Flowmeter Start: 
Flowmeter End: 
Action: Recovered
Sounding: 3534.84
Sample ID: 524801
End_Sample_ID: 524814
Wire out: 197
Wire Angle: 
Net Clogging: 
Wind Direction: 
Wind Speed (nm): 
Sky (condition): 
Swell Direction: 
Swell Height (M): 
Sea (Condition): 
Depth: 
Author: Jeff Jackson
IMEI_No: 
WMO_No: 
S/N: 
Name: 
Comment: 
Time|Position: 2026-06-03 | 122657.0027 | 57 09.99977 N | 52 00.85066 W
Cruise: JC291
PI: Marc Ringuette
Protocol: AZOMP
Platform: RRS JAMES COOK
Revisions: 
Mooring Number: 
Number of RCMs: 
Number of MicroCATs: 
Number of Temperature Recorders: 
Number of Amars: 
Attachment: 
Encoding: plain
========================================

$@MID@$: 328
Date: Wed, 03 Jun 2026 13:21:06 +0000
Reply to: 329
Event: 112
Station: AR7W_15.5
Instrument: CTD
Attached: SBE35
Number_of_Bottles: 
Flowmeter S/N: 
Flowmeter Start: 
Flowmeter End: 
Action: Deployed
Sounding: 3532.16
Sample ID: 
End_Sample_ID: 
Wire out: 
Wire Angle: 
Net Clogging: 
Wind Direction: 
Wind Speed (nm): 
Sky (condition): 
Swell Direction: 
Swell Height (M): 
Sea (Condition): 
Depth: 
Author: Jeff Jackson
IMEI_No: 
WMO_No: 
S/N: 
Name: 
Comment: 
Time|Position: 2026-06-03 | 132106.0009 | 57 09.99876 N | 52 00.84993 W
Cruise: JC291
PI: Marc Ringuette
Protocol: AZOMP
Platform: RRS JAMES COOK
Revisions: 
Mooring Number: 
Number of RCMs: 
Number of MicroCATs: 
Number of Temperature Recorders: 
Number of Amars: 
Attachment: 
Encoding: plain
========================================

$@MID@$: 329
Date: Wed, 03 Jun 2026 14:30:53 +0000
Reply to: 330
In reply to: 328
Event: 112
Station: AR7W_15.5
Instrument: CTD
Attached: SBE35
Number_of_Bottles: 
Flowmeter S/N: 
Flowmeter Start: 
Flowmeter End: 
Action: Bottom
Sounding: 3533.92
Sample ID: 
End_Sample_ID: 
Wire out: 3493
Wire Angle: 
Net Clogging: 
Wind Direction: 
Wind Speed (nm): 
Sky (condition): 
Swell Direction: 
Swell Height (M): 
Sea (Condition): 
Depth: 
Author: Jeff Jackson
IMEI_No: 
WMO_No: 
S/N: 
Name: 
Comment: 
Time|Position: 2026-06-03 | 143053.0017 | 57 10.00152 N | 52 00.84870 W
Cruise: JC291
PI: Marc Ringuette
Protocol: AZOMP
Platform: RRS JAMES COOK
Revisions: 
Mooring Number: 
Number of RCMs: 
Number of MicroCATs: 
Number of Temperature Recorders: 
Number of Amars: 
Attachment: 
Encoding: plain
========================================

$@MID@$: 330
Date: Wed, 03 Jun 2026 15:33:21 +0000
In reply to: 329
Event: 112
Station: AR7W_15.5
Instrument: CTD
Attached: SBE35
Number_of_Bottles: 
Flowmeter S/N: 
Flowmeter Start: 
Flowmeter End: 
Action: Recovered
Sounding: 3530.33
Sample ID: 
End_Sample_ID: 
Wire out: 3493
Wire Angle: 
Net Clogging: 
Wind Direction: 
Wind Speed (nm): 
Sky (condition): 
Swell Direction: 
Swell Height (M): 
Sea (Condition): 
Depth: 
Author: Jeff Jackson
IMEI_No: 
WMO_No: 
S/N: 
Name: 
Comment: 
Time|Position: 2026-06-03 | 153320.0016 | 57 09.81459 N | 52 00.91877 W
Cruise: JC291
PI: Marc Ringuette
Protocol: AZOMP
Platform: RRS JAMES COOK
Revisions: 
Mooring Number: 
Number of RCMs: 
Number of MicroCATs: 
Number of Temperature Recorders: 
Number of Amars: 
Attachment: 
Encoding: plain
========================================

$@MID@$: 331
Date: Wed, 03 Jun 2026 17:15:11 +0000
Reply to: 332
Event: 113
Station: AR7W_15
Instrument: CTD
Attached: SBE35
Number_of_Bottles: 
Flowmeter S/N: 
Flowmeter Start: 
Flowmeter End: 
Action: Deployed
Sounding: 3527.61
Sample ID: 524815
End_Sample_ID: 524838
Wire out: 
Wire Angle: 
Net Clogging: 
Wind Direction: 
Wind Speed (nm): 
Sky (condition): 
Swell Direction: 
Swell Height (M): 
Sea (Condition): 
Depth: 
Author: Jeff Jackson
IMEI_No: 
WMO_No: 
S/N: 
Name: 
Comment: 
Time|Position: 2026-06-03 | 171510.0006 | 56 57.36380 N | 52 14.21935 W
Cruise: JC291
PI: Marc Ringuette
Protocol: AZOMP
Platform: RRS JAMES COOK
Revisions: 
Mooring Number: 
Number of RCMs: 
Number of MicroCATs: 
Number of Temperature Recorders: 
Number of Amars: 
Attachment: 
Encoding: plain
========================================

$@MID@$: 332
Date: Wed, 03 Jun 2026 18:26:06 +0000
Reply to: 333
In reply to: 331
Event: 113
Station: AR7W_15
Instrument: CTD
Attached: SBE35
Number_of_Bottles: 
Flowmeter S/N: 
Flowmeter Start: 
Flowmeter End: 
Action: Bottom
Sounding: 3528.53
Sample ID: 524815
End_Sample_ID: 524838
Wire out: 3481
Wire Angle: 
Net Clogging: 
Wind Direction: 
Wind Speed (nm): 
Sky (condition): 
Swell Direction: 
Swell Height (M): 
Sea (Condition): 
Depth: 
Author: Jeff Jackson
IMEI_No: 
WMO_No: 
S/N: 
Name: 
Comment: 
Time|Position: 2026-06-03 | 182606.0044 | 56 57.40154 N | 52 14.20084 W
Cruise: JC291
PI: Marc Ringuette
Protocol: AZOMP
Platform: RRS JAMES COOK
Revisions: 
Mooring Number: 
Number of RCMs: 
Number of MicroCATs: 
Number of Temperature Recorders: 
Number of Amars: 
Attachment: 
Encoding: plain
========================================

$@MID@$: 333
Date: Wed, 03 Jun 2026 20:05:29 +0000
In reply to: 332
Event: 113
Station: AR7W_15
Instrument: CTD
Attached: SBE35
Number_of_Bottles: 
Flowmeter S/N: 
Flowmeter Start: 
Flowmeter End: 
Action: Recovered
Sounding: 3528.43
Sample ID: 524815
End_Sample_ID: 524838
Wire out: 3481
Wire Angle: 
Net Clogging: 
Wind Direction: 
Wind Speed (nm): 
Sky (condition): 
Swell Direction: 
Swell Height (M): 
Sea (Condition): 
Depth: 
Author: Jeff Jackson
IMEI_No: 
WMO_No: 
S/N: 
Name: 
Comment: 
Time|Position: 2026-06-03 | 200529.0006 | 56 57.40160 N | 52 14.20026 W
Cruise: JC291
PI: Marc Ringuette
Protocol: AZOMP
Platform: RRS JAMES COOK
Revisions: 
Mooring Number: 
Number of RCMs: 
Number of MicroCATs: 
Number of Temperature Recorders: 
Number of Amars: 
Attachment: 
Encoding: plain
========================================

$@MID@$: 334
Date: Wed, 03 Jun 2026 20:21:22 +0000
Reply to: 335
Event: 114
Station: AR7W_15
Instrument: RingNet
Attached: 76um | 202um | Flowmeter
Number_of_Bottles: 
Flowmeter S/N: 
Flowmeter Start: 58508
Flowmeter End: 
Action: Deployed
Sounding: 3528.72
Sample ID: 524839
End_Sample_ID: 
Wire out: 
Wire Angle: 
Net Clogging: 
Wind Direction: 
Wind Speed (nm): 
Sky (condition): 
Swell Direction: 
Swell Height (M): 
Sea (Condition): 
Depth: 
Author: Marc Ringuette
IMEI_No: 
WMO_No: 
S/N: 
Name: 
Comment: 
Time|Position: 2026-06-03 | 202122.0040 | 56 57.40224 N | 52 14.19941 W
Cruise: JC291
PI: Marc Ringuette
Protocol: AZOMP
Platform: RRS JAMES COOK
Revisions: 
Mooring Number: 
Number of RCMs: 
Number of MicroCATs: 
Number of Temperature Recorders: 
Number of Amars: 
Attachment: 
Encoding: plain
========================================

$@MID@$: 335
Date: Wed, 03 Jun 2026 20:24:56 +0000
Reply to: 338
In reply to: 334
Event: 114
Station: AR7W_15
Instrument: RingNet
Attached: 76um | 202um | Flowmeter
Number_of_Bottles: 
Flowmeter S/N: 
Flowmeter Start: 58508
Flowmeter End: 
Action: Bottom
Sounding: 3525.72
Sample ID: 524839
End_Sample_ID: 
Wire out: 100
Wire Angle: 0
Net Clogging: 
Wind Direction: 
Wind Speed (nm): 
Sky (condition): 
Swell Direction: 
Swell Height (M): 
Sea (Condition): 
Depth: 
Author: Marc Ringuette
IMEI_No: 
WMO_No: 
S/N: 
Name: 
Comment: 
Time|Position: 2026-06-03 | 202456.0049 | 56 57.39565 N | 52 14.21931 W
Cruise: JC291
PI: Marc Ringuette
Protocol: AZOMP
Platform: RRS JAMES COOK
Revisions: 
Mooring Number: 
Number of RCMs: 
Number of MicroCATs: 
Number of Temperature Recorders: 
Number of Amars: 
Attachment: 
Encoding: plain
========================================

$@MID@$: 336
Date: Wed, 03 Jun 2026 20:27:56 +0000
Reply to: 337
Event: 115
Station: AR7W_15
Instrument: ARGO
Attached: 
Number_of_Bottles: 
Flowmeter S/N: 
Flowmeter Start: 
Flowmeter End: 
Action: Plugs Removed
Sounding: 3524.40
Sample ID: 
End_Sample_ID: 
Wire out: 
Wire Angle: 
Net Clogging: 
Wind Direction: 
Wind Speed (nm): 
Sky (condition): 
Swell Direction: 
Swell Height (M): 
Sea (Condition): 
Depth: 
Author: Chris Gordon
IMEI_No: 
WMO_No: 
S/N: 
Name: 
Comment: 
Time|Position: 2026-06-03 | 202756.0040 | 56 57.39005 N | 52 14.23497 W
Cruise: JC291
PI: Marc Ringuette
Protocol: AZOMP
Platform: RRS JAMES COOK
Revisions: 
Mooring Number: 
Number of RCMs: 
Number of MicroCATs: 
Number of Temperature Recorders: 
Number of Amars: 
Attachment: 
Encoding: plain
========================================

$@MID@$: 337
Date: Wed, 03 Jun 2026 20:28:12 +0000
Reply to: 339
In reply to: 336
Event: 115
Station: AR7W_15
Instrument: ARGO
Attached: 
Number_of_Bottles: 
Flowmeter S/N: 
Flowmeter Start: 
Flowmeter End: 
Action: Magnet Removed
Sounding: 3528.34
Sample ID: 
End_Sample_ID: 
Wire out: 
Wire Angle: 
Net Clogging: 
Wind Direction: 
Wind Speed (nm): 
Sky (condition): 
Swell Direction: 
Swell Height (M): 
Sea (Condition): 
Depth: 
Author: Chris Gordon
IMEI_No: 
WMO_No: 
S/N: 
Name: 
Comment: 
Time|Position: 2026-06-03 | 202812.0034 | 56 57.38989 N | 52 14.23621 W
Cruise: JC291
PI: Marc Ringuette
Protocol: AZOMP
Platform: RRS JAMES COOK
Revisions: 
Mooring Number: 
Number of RCMs: 
Number of MicroCATs: 
Number of Temperature Recorders: 
Number of Amars: 
Attachment: 
Encoding: plain
========================================

$@MID@$: 338
Date: Wed, 03 Jun 2026 20:31:49 +0000
In reply to: 335
Event: 114
Station: AR7W_15
Instrument: RingNet
Attached: 76um | 202um | Flowmeter
Number_of_Bottles: 
Flowmeter S/N: 
Flowmeter Start: 58508
Flowmeter End: 58825
Action: Recovered
Sounding: 3528.68
Sample ID: 524839
End_Sample_ID: 
Wire out: 100
Wire Angle: 0
Net Clogging: 
Wind Direction: 
Wind Speed (nm): 
Sky (condition): 
Swell Direction: 
Swell Height (M): 
Sea (Condition): 
Depth: 
Author: Marc Ringuette
IMEI_No: 
WMO_No: 
S/N: 
Name: 
Comment: 
Time|Position: 2026-06-03 | 203149.0014 | 56 57.38819 N | 52 14.23760 W
Cruise: JC291
PI: Marc Ringuette
Protocol: AZOMP
Platform: RRS JAMES COOK
Revisions: 03/Jun/2026 20:33:47
Mooring Number: 
Number of RCMs: 
Number of MicroCATs: 
Number of Temperature Recorders: 
Number of Amars: 
Attachment: 
Encoding: plain
========================================

$@MID@$: 339
Date: Wed, 03 Jun 2026 20:43:37 +0000
In reply to: 337
Event: 115
Station: AR7W_15
Instrument: ARGO
Attached: 
Number_of_Bottles: 
Flowmeter S/N: 
Flowmeter Start: 
Flowmeter End: 
Action: Deployed
Sounding: 3526.72
Sample ID: 
End_Sample_ID: 
Wire out: 
Wire Angle: 
Net Clogging: 
Wind Direction: 
Wind Speed (nm): 
Sky (condition): 
Swell Direction: 
Swell Height (M): 
Sea (Condition): 
Depth: 
Author: Chris Gordon
IMEI_No: 
WMO_No: 
S/N: 
Name: 
Comment: 
Time|Position: 2026-06-03 | 204337.0041 | 56 57.41723 N | 52 14.29126 W
Cruise: JC291
PI: Marc Ringuette
Protocol: AZOMP
Platform: RRS JAMES COOK
Revisions: 
Mooring Number: 
Number of RCMs: 
Number of MicroCATs: 
Number of Temperature Recorders: 
Number of Amars: 
Attachment: 
Encoding: plain
========================================

$@MID@$: 340
Date: Wed, 03 Jun 2026 22:18:04 +0000
Reply to: 341
Event: 116
Station: AR7W_14.5
Instrument: CTD
Attached: SBE35
Number_of_Bottles: 
Flowmeter S/N: 
Flowmeter Start: 
Flowmeter End: 
Action: Deployed
Sounding: 3542.06
Sample ID: 
End_Sample_ID: 
Wire out: 
Wire Angle: 
Net Clogging: 
Wind Direction: 
Wind Speed (nm): 
Sky (condition): 
Swell Direction: 
Swell Height (M): 
Sea (Condition): 
Depth: 
Author: Chris Gordon
IMEI_No: 
WMO_No: 
S/N: 
Name: 
Comment: dry cast
Time|Position: 2026-06-03 | 221804.0023 | 56 44.79946 N | 52 27.45551 W
Cruise: JC291
PI: Marc Ringuette
Protocol: AZOMP
Platform: RRS JAMES COOK
Revisions: 
Mooring Number: 
Number of RCMs: 
Number of MicroCATs: 
Number of Temperature Recorders: 
Number of Amars: 
Attachment: 
Encoding: plain
========================================

$@MID@$: 341
Date: Wed, 03 Jun 2026 23:26:44 +0000
Reply to: 342
In reply to: 340
Event: 116
Station: AR7W_14.5
Instrument: CTD
Attached: SBE35
Number_of_Bottles: 
Flowmeter S/N: 
Flowmeter Start: 
Flowmeter End: 
Action: Bottom
Sounding: 3528.09
Sample ID: 
End_Sample_ID: 
Wire out: 
Wire Angle: 
Net Clogging: 
Wind Direction: 
Wind Speed (nm): 
Sky (condition): 
Swell Direction: 
Swell Height (M): 
Sea (Condition): 
Depth: 
Author: Chris Gordon
IMEI_No: 
WMO_No: 
S/N: 
Name: 
Comment: 
Time|Position: 2026-06-03 | 232644.0019 | 56 44.80125 N | 52 27.45223 W
Cruise: JC291
PI: Marc Ringuette
Protocol: AZOMP
Platform: RRS JAMES COOK
Revisions: 
Mooring Number: 
Number of RCMs: 
Number of MicroCATs: 
Number of Temperature Recorders: 
Number of Amars: 
Attachment: 
Encoding: plain
========================================

