$@MID@$: 17
Date: Tue, 30 Sep 2025 01:06:37 +0000
Reply to: 18
Event: 007
Station: YL_01
Instrument: CTD
Attached: pH | SBE35
Number_of_Bottles: 
Flowmeter S/N: 
Flowmeter Start: 
Flowmeter End: 
Action: Deployed
Sounding: 74.03
Sample ID: 521298
End_Sample_ID: 521313
Wire out: 
Wire Angle: 
Net Clogging: 
Wind Direction: 
Wind Speed (nm): 
Sky (condition): 
Swell Direction: 
Swell Height (M): 
Sea (Condition): 
Depth: 
Author: Katie Warman
IMEI_No: 
WMO_No: 
S/N: 
Name: 
Comment: 
Time|Position: 2025-09-30 | 010637.0027 | 43 45.00993 N | 66 24.00111 W
Cruise: JC28302
PI: Lindsay Beazley
Protocol: AZMP
Platform: RRS James Cook
Revisions: 
Mooring Number: 
Number of RCMs: 
Number of MicroCATs: 
Number of Temperature Recorders: 
Number of Amars: 
Attachment: 
Encoding: plain
========================================

$@MID@$: 18
Date: Tue, 30 Sep 2025 01:17:57 +0000
Reply to: 19
In reply to: 17
Event: 007
Station: YL_01
Instrument: CTD
Attached: pH | SBE35
Number_of_Bottles: 
Flowmeter S/N: 
Flowmeter Start: 
Flowmeter End: 
Action: Bottom
Sounding: 74.08
Sample ID: 521298
End_Sample_ID: 521313
Wire out: 
Wire Angle: 
Net Clogging: 
Wind Direction: 
Wind Speed (nm): 
Sky (condition): 
Swell Direction: 
Swell Height (M): 
Sea (Condition): 
Depth: 
Author: Katie Warman
IMEI_No: 
WMO_No: 
S/N: 
Name: 
Comment: 
Time|Position: 2025-09-30 | 011757.0023 | 43 45.00980 N | 66 24.00109 W
Cruise: JC28302
PI: Lindsay Beazley
Protocol: AZMP
Platform: RRS James Cook
Revisions: 
Mooring Number: 
Number of RCMs: 
Number of MicroCATs: 
Number of Temperature Recorders: 
Number of Amars: 
Attachment: 
Encoding: plain
========================================

$@MID@$: 19
Date: Tue, 30 Sep 2025 01:40:16 +0000
In reply to: 18
Event: 007
Station: YL_01
Instrument: CTD
Attached: pH | SBE35
Number_of_Bottles: 
Flowmeter S/N: 
Flowmeter Start: 
Flowmeter End: 
Action: Recovered
Sounding: 73.99
Sample ID: 521298
End_Sample_ID: 521313
Wire out: 
Wire Angle: 
Net Clogging: 
Wind Direction: 
Wind Speed (nm): 
Sky (condition): 
Swell Direction: 
Swell Height (M): 
Sea (Condition): 
Depth: 
Author: Katie Warman
IMEI_No: 
WMO_No: 
S/N: 
Name: 
Comment: 
Time|Position: 2025-09-30 | 014015.0030 | 43 45.00889 N | 66 24.00166 W
Cruise: JC28302
PI: Lindsay Beazley
Protocol: AZMP
Platform: RRS James Cook
Revisions: 
Mooring Number: 
Number of RCMs: 
Number of MicroCATs: 
Number of Temperature Recorders: 
Number of Amars: 
Attachment: 
Encoding: plain
========================================

$@MID@$: 20
Date: Tue, 30 Sep 2025 02:06:52 +0000
Reply to: 21
Event: 008
Station: YL_01
Instrument: RingNet
Attached: 202um | Flowmeter
Number_of_Bottles: 
Flowmeter S/N: 
Flowmeter Start: 70982
Flowmeter End: 
Action: Deployed
Sounding: 73.92
Sample ID: 521314
End_Sample_ID: 
Wire out: 
Wire Angle: 
Net Clogging: 
Wind Direction: 
Wind Speed (nm): 
Sky (condition): 
Swell Direction: 
Swell Height (M): 
Sea (Condition): 
Depth: 
Author: Melanie Hardy
IMEI_No: 
WMO_No: 
S/N: 
Name: 
Comment: 
Time|Position: 2025-09-30 | 020652.0006 | 43 45.01011 N | 66 24.00148 W
Cruise: JC28302
PI: Lindsay Beazley
Protocol: AZMP
Platform: RRS James Cook
Revisions: 
Mooring Number: 
Number of RCMs: 
Number of MicroCATs: 
Number of Temperature Recorders: 
Number of Amars: 
Attachment: 
Encoding: plain
========================================

$@MID@$: 21
Date: Tue, 30 Sep 2025 02:08:57 +0000
Reply to: 22
In reply to: 20
Event: 008
Station: YL_01
Instrument: RingNet
Attached: 202um | Flowmeter
Number_of_Bottles: 
Flowmeter S/N: 
Flowmeter Start: 70982
Flowmeter End: 
Action: Bottom
Sounding: 73.79
Sample ID: 521314
End_Sample_ID: 
Wire out: 64
Wire Angle: 
Net Clogging: 
Wind Direction: 
Wind Speed (nm): 
Sky (condition): 
Swell Direction: 
Swell Height (M): 
Sea (Condition): 
Depth: 
Author: Melanie Hardy
IMEI_No: 
WMO_No: 
S/N: 
Name: 
Comment: 
Time|Position: 2025-09-30 | 020857.0033 | 43 45.01006 N | 66 24.00162 W
Cruise: JC28302
PI: Lindsay Beazley
Protocol: AZMP
Platform: RRS James Cook
Revisions: 
Mooring Number: 
Number of RCMs: 
Number of MicroCATs: 
Number of Temperature Recorders: 
Number of Amars: 
Attachment: 
Encoding: plain
========================================

$@MID@$: 22
Date: Tue, 30 Sep 2025 02:13:47 +0000
In reply to: 21
Event: 008
Station: YL_01
Instrument: RingNet
Attached: 202um | Flowmeter
Number_of_Bottles: 
Flowmeter S/N: 
Flowmeter Start: 70982
Flowmeter End: 71142
Action: Recovered
Sounding: 73.86
Sample ID: 521314
End_Sample_ID: 
Wire out: 64
Wire Angle: 0
Net Clogging: 
Wind Direction: 
Wind Speed (nm): 
Sky (condition): 
Swell Direction: 
Swell Height (M): 
Sea (Condition): 
Depth: 
Author: Melanie Hardy
IMEI_No: 
WMO_No: 
S/N: 
Name: 
Comment: 
Time|Position: 2025-09-30 | 021347.0044 | 43 45.00996 N | 66 24.00113 W
Cruise: JC28302
PI: Lindsay Beazley
Protocol: AZMP
Platform: RRS James Cook
Revisions: 
Mooring Number: 
Number of RCMs: 
Number of MicroCATs: 
Number of Temperature Recorders: 
Number of Amars: 
Attachment: 
Encoding: plain
========================================

$@MID@$: 23
Date: Tue, 30 Sep 2025 05:07:12 +0000
Reply to: 24
Event: 009
Station: YL_02
Instrument: CTD
Attached: pH | SBE35
Number_of_Bottles: 
Flowmeter S/N: 
Flowmeter Start: 
Flowmeter End: 
Action: Deployed
Sounding: 110.95
Sample ID: 521315
End_Sample_ID: 521324
Wire out: 
Wire Angle: 
Net Clogging: 
Wind Direction: 
Wind Speed (nm): 
Sky (condition): 
Swell Direction: 
Swell Height (M): 
Sea (Condition): 
Depth: 
Author: Patrick Upson
IMEI_No: 
WMO_No: 
S/N: 
Name: 
Comment: 
Time|Position: 2025-09-30 | 050712.0018 | 43 40.79559 N | 66 51.07237 W
Cruise: JC28302
PI: Lindsay Beazley
Protocol: AZMP
Platform: RRS James Cook
Revisions: 
Mooring Number: 
Number of RCMs: 
Number of MicroCATs: 
Number of Temperature Recorders: 
Number of Amars: 
Attachment: 
Encoding: plain
========================================

$@MID@$: 24
Date: Tue, 30 Sep 2025 05:16:54 +0000
Reply to: 25
In reply to: 23
Event: 009
Station: YL_02
Instrument: CTD
Attached: pH | SBE35
Number_of_Bottles: 
Flowmeter S/N: 
Flowmeter Start: 
Flowmeter End: 
Action: Bottom
Sounding: 129.23
Sample ID: 521315
End_Sample_ID: 521324
Wire out: 
Wire Angle: 
Net Clogging: 
Wind Direction: 
Wind Speed (nm): 
Sky (condition): 
Swell Direction: 
Swell Height (M): 
Sea (Condition): 
Depth: 
Author: Patrick Upson
IMEI_No: 
WMO_No: 
S/N: 
Name: 
Comment: 
Time|Position: 2025-09-30 | 051654.0016 | 43 40.79501 N | 66 51.07268 W
Cruise: JC28302
PI: Lindsay Beazley
Protocol: AZMP
Platform: RRS James Cook
Revisions: 
Mooring Number: 
Number of RCMs: 
Number of MicroCATs: 
Number of Temperature Recorders: 
Number of Amars: 
Attachment: 
Encoding: plain
========================================

$@MID@$: 25
Date: Tue, 30 Sep 2025 05:39:59 +0000
In reply to: 24
Event: 009
Station: YL_02
Instrument: CTD
Attached: pH | SBE35
Number_of_Bottles: 
Flowmeter S/N: 
Flowmeter Start: 
Flowmeter End: 
Action: Recovered
Sounding: 129.82
Sample ID: 521315
End_Sample_ID: 521324
Wire out: 
Wire Angle: 
Net Clogging: 
Wind Direction: 
Wind Speed (nm): 
Sky (condition): 
Swell Direction: 
Swell Height (M): 
Sea (Condition): 
Depth: 
Author: Patrick Upson
IMEI_No: 
WMO_No: 
S/N: 
Name: 
Comment: 
Time|Position: 2025-09-30 | 053959.0045 | 43 40.79535 N | 66 51.07237 W
Cruise: JC28302
PI: Lindsay Beazley
Protocol: AZMP
Platform: RRS James Cook
Revisions: 
Mooring Number: 
Number of RCMs: 
Number of MicroCATs: 
Number of Temperature Recorders: 
Number of Amars: 
Attachment: 
Encoding: plain
========================================

$@MID@$: 26
Date: Tue, 30 Sep 2025 05:51:03 +0000
Reply to: 27
Event: 010
Station: YL_02
Instrument: RingNet
Attached: 202um | Flowmeter
Number_of_Bottles: 
Flowmeter S/N: 
Flowmeter Start: 71145
Flowmeter End: 
Action: Deployed
Sounding: 129.86
Sample ID: 521325
End_Sample_ID: 
Wire out: 
Wire Angle: 
Net Clogging: 
Wind Direction: 
Wind Speed (nm): 
Sky (condition): 
Swell Direction: 
Swell Height (M): 
Sea (Condition): 
Depth: 
Author: Catherine Johnson
IMEI_No: 
WMO_No: 
S/N: 
Name: 
Comment: 
Time|Position: 2025-09-30 | 055103.0045 | 43 40.79511 N | 66 51.07292 W
Cruise: JC28302
PI: Lindsay Beazley
Protocol: AZMP
Platform: RRS James Cook
Revisions: 
Mooring Number: 
Number of RCMs: 
Number of MicroCATs: 
Number of Temperature Recorders: 
Number of Amars: 
Attachment: 
Encoding: plain
========================================

$@MID@$: 27
Date: Tue, 30 Sep 2025 05:54:57 +0000
Reply to: 28
In reply to: 26
Event: 010
Station: YL_02
Instrument: RingNet
Attached: 202um | Flowmeter
Number_of_Bottles: 
Flowmeter S/N: 
Flowmeter Start: 71145
Flowmeter End: 
Action: Bottom
Sounding: 130.20
Sample ID: 521325
End_Sample_ID: 
Wire out: 120
Wire Angle: 
Net Clogging: 
Wind Direction: 
Wind Speed (nm): 
Sky (condition): 
Swell Direction: 
Swell Height (M): 
Sea (Condition): 
Depth: 
Author: Catherine Johnson
IMEI_No: 
WMO_No: 
S/N: 
Name: 
Comment: 
Time|Position: 2025-09-30 | 055457.0003 | 43 40.80334 N | 66 51.06749 W
Cruise: JC28302
PI: Lindsay Beazley
Protocol: AZMP
Platform: RRS James Cook
Revisions: 
Mooring Number: 
Number of RCMs: 
Number of MicroCATs: 
Number of Temperature Recorders: 
Number of Amars: 
Attachment: 
Encoding: plain
========================================

$@MID@$: 28
Date: Tue, 30 Sep 2025 05:57:28 +0000
In reply to: 27
Event: 010
Station: YL_02
Instrument: RingNet
Attached: 202um | Flowmeter
Number_of_Bottles: 
Flowmeter S/N: 
Flowmeter Start: 71145
Flowmeter End: 71486
Action: Recovered
Sounding: 130.00
Sample ID: 521325
End_Sample_ID: 
Wire out: 120
Wire Angle: 10
Net Clogging: 
Wind Direction: 
Wind Speed (nm): 
Sky (condition): 
Swell Direction: 
Swell Height (M): 
Sea (Condition): 
Depth: 
Author: Catherine Johnson
IMEI_No: 
WMO_No: 
S/N: 
Name: 
Comment: 
Time|Position: 2025-09-30 | 055728.0025 | 43 40.81497 N | 66 51.06281 W
Cruise: JC28302
PI: Lindsay Beazley
Protocol: AZMP
Platform: RRS James Cook
Revisions: 30/Sep/2025 06:26:35
Mooring Number: 
Number of RCMs: 
Number of MicroCATs: 
Number of Temperature Recorders: 
Number of Amars: 
Attachment: 
Encoding: plain
========================================

$@MID@$: 29
Date: Tue, 30 Sep 2025 08:18:33 +0000
Reply to: 30
Event: 011
Station: YL_03
Instrument: CTD
Attached: pH | SBE35
Number_of_Bottles: 
Flowmeter S/N: 
Flowmeter Start: 
Flowmeter End: 
Action: Deployed
Sounding: 209.94
Sample ID: 521326
End_Sample_ID: 521344
Wire out: 
Wire Angle: 
Net Clogging: 
Wind Direction: 
Wind Speed (nm): 
Sky (condition): 
Swell Direction: 
Swell Height (M): 
Sea (Condition): 
Depth: 
Author: Patrick Upson
IMEI_No: 
WMO_No: 
S/N: 
Name: 
Comment: 
Time|Position: 2025-09-30 | 081833.0033 | 43 36.58025 N | 67 18.12810 W
Cruise: JC28302
PI: Lindsay Beazley
Protocol: AZMP
Platform: RRS James Cook
Revisions: 
Mooring Number: 
Number of RCMs: 
Number of MicroCATs: 
Number of Temperature Recorders: 
Number of Amars: 
Attachment: 
Encoding: plain
========================================

$@MID@$: 30
Date: Tue, 30 Sep 2025 08:30:23 +0000
Reply to: 31
In reply to: 29
Event: 011
Station: YL_03
Instrument: CTD
Attached: pH | SBE35
Number_of_Bottles: 
Flowmeter S/N: 
Flowmeter Start: 
Flowmeter End: 
Action: Bottom
Sounding: 211.19
Sample ID: 521326
End_Sample_ID: 521344
Wire out: 
Wire Angle: 
Net Clogging: 
Wind Direction: 
Wind Speed (nm): 
Sky (condition): 
Swell Direction: 
Swell Height (M): 
Sea (Condition): 
Depth: 
Author: Patrick Upson
IMEI_No: 
WMO_No: 
S/N: 
Name: 
Comment: 
Time|Position: 2025-09-30 | 083023.0028 | 43 36.58063 N | 67 18.12846 W
Cruise: JC28302
PI: Lindsay Beazley
Protocol: AZMP
Platform: RRS James Cook
Revisions: 
Mooring Number: 
Number of RCMs: 
Number of MicroCATs: 
Number of Temperature Recorders: 
Number of Amars: 
Attachment: 
Encoding: plain
========================================

$@MID@$: 31
Date: Tue, 30 Sep 2025 08:52:44 +0000
In reply to: 30
Event: 011
Station: YL_03
Instrument: CTD
Attached: pH | SBE35
Number_of_Bottles: 
Flowmeter S/N: 
Flowmeter Start: 
Flowmeter End: 
Action: Recovered
Sounding: 212.21
Sample ID: 521326
End_Sample_ID: 521344
Wire out: 
Wire Angle: 
Net Clogging: 
Wind Direction: 
Wind Speed (nm): 
Sky (condition): 
Swell Direction: 
Swell Height (M): 
Sea (Condition): 
Depth: 
Author: Patrick Upson
IMEI_No: 
WMO_No: 
S/N: 
Name: 
Comment: 
Time|Position: 2025-09-30 | 085244.0044 | 43 36.58128 N | 67 18.12902 W
Cruise: JC28302
PI: Lindsay Beazley
Protocol: AZMP
Platform: RRS James Cook
Revisions: 
Mooring Number: 
Number of RCMs: 
Number of MicroCATs: 
Number of Temperature Recorders: 
Number of Amars: 
Attachment: 
Encoding: plain
========================================

$@MID@$: 32
Date: Tue, 30 Sep 2025 09:07:34 +0000
Reply to: 33
Event: 012
Station: YL_03
Instrument: RingNet
Attached: 202um | Flowmeter
Number_of_Bottles: 
Flowmeter S/N: 
Flowmeter Start: 71489
Flowmeter End: 
Action: Deployed
Sounding: 211.47
Sample ID: 521345
End_Sample_ID: 
Wire out: 201
Wire Angle: 
Net Clogging: 
Wind Direction: 
Wind Speed (nm): 
Sky (condition): 
Swell Direction: 
Swell Height (M): 
Sea (Condition): 
Depth: 
Author: Catherine Johnson
IMEI_No: 
WMO_No: 
S/N: 
Name: 
Comment: 
Time|Position: 2025-09-30 | 090734.0023 | 43 36.58151 N | 67 18.12897 W
Cruise: JC28302
PI: Lindsay Beazley
Protocol: AZMP
Platform: RRS James Cook
Revisions: 
Mooring Number: 
Number of RCMs: 
Number of MicroCATs: 
Number of Temperature Recorders: 
Number of Amars: 
Attachment: 
Encoding: plain
========================================

$@MID@$: 33
Date: Tue, 30 Sep 2025 09:14:34 +0000
Reply to: 34
In reply to: 32
Event: 012
Station: YL_03
Instrument: RingNet
Attached: 202um | Flowmeter
Number_of_Bottles: 
Flowmeter S/N: 
Flowmeter Start: 71489
Flowmeter End: 
Action: Bottom
Sounding: 211.07
Sample ID: 521345
End_Sample_ID: 
Wire out: 200
Wire Angle: 
Net Clogging: 
Wind Direction: 
Wind Speed (nm): 
Sky (condition): 
Swell Direction: 
Swell Height (M): 
Sea (Condition): 
Depth: 
Author: Catherine Johnson
IMEI_No: 
WMO_No: 
S/N: 
Name: 
Comment: 
Time|Position: 2025-09-30 | 091434.0007 | 43 36.58099 N | 67 18.12912 W
Cruise: JC28302
PI: Lindsay Beazley
Protocol: AZMP
Platform: RRS James Cook
Revisions: 
Mooring Number: 
Number of RCMs: 
Number of MicroCATs: 
Number of Temperature Recorders: 
Number of Amars: 
Attachment: 
Encoding: plain
========================================

$@MID@$: 34
Date: Tue, 30 Sep 2025 09:19:31 +0000
In reply to: 33
Event: 012
Station: YL_03
Instrument: RingNet
Attached: 202um | Flowmeter
Number_of_Bottles: 
Flowmeter S/N: 
Flowmeter Start: 71489
Flowmeter End: 72049
Action: Recovered
Sounding: 212.21
Sample ID: 521345
End_Sample_ID: 
Wire out: 200
Wire Angle: 0
Net Clogging: 
Wind Direction: 
Wind Speed (nm): 
Sky (condition): 
Swell Direction: 
Swell Height (M): 
Sea (Condition): 
Depth: 
Author: Catherine Johnson
IMEI_No: 
WMO_No: 
S/N: 
Name: 
Comment: 
Time|Position: 2025-09-30 | 091931.0048 | 43 36.58085 N | 67 18.12904 W
Cruise: JC28302
PI: Lindsay Beazley
Protocol: AZMP
Platform: RRS James Cook
Revisions: 30/Sep/2025 09:21:03
Mooring Number: 
Number of RCMs: 
Number of MicroCATs: 
Number of Temperature Recorders: 
Number of Amars: 
Attachment: 
Encoding: plain
========================================

