$@MID@$: 1
Date: Sun, 28 Sep 2025 14:23:34 +0000
Reply to: 2
Event: 001
Station: HL_02
Instrument: CTD
Attached: pH
Number_of_Bottles: 
Flowmeter S/N: 
Flowmeter Start: 
Flowmeter End: 
Action: Deployed
Sounding: 151.78
Sample ID: 521277
End_Sample_ID: 521295
Wire out: 
Wire Angle: 
Net Clogging: 
Wind Direction: 
Wind Speed (nm): 
Sky (condition): 
Swell Direction: 
Swell Height (M): 
Sea (Condition): 
Depth: 
Author: Patrick Upson
IMEI_No: 
WMO_No: 
S/N: 
Name: 
Comment: 
Time|Position: 2025-09-28 | 142334.0019 | 44 16.03654 N | 63 18.92509 W
Cruise: JC28302
PI: Lindsay Beazley
Protocol: AZMP
Platform: RSS James Cook
Revisions: 
Mooring Number: 
Number of RCMs: 
Number of MicroCATs: 
Number of Temperature Recorders: 
Number of Amars: 
Attachment: 
Encoding: plain
========================================

$@MID@$: 2
Date: Sun, 28 Sep 2025 14:39:05 +0000
Reply to: 3
In reply to: 1
Event: 001
Station: HL_02
Instrument: CTD
Attached: pH
Number_of_Bottles: 
Flowmeter S/N: 
Flowmeter Start: 
Flowmeter End: 
Action: Bottom
Sounding: 151.86
Sample ID: 521277
End_Sample_ID: 521295
Wire out: 
Wire Angle: 
Net Clogging: 
Wind Direction: 
Wind Speed (nm): 
Sky (condition): 
Swell Direction: 
Swell Height (M): 
Sea (Condition): 
Depth: 
Author: Patrick Upson
IMEI_No: 
WMO_No: 
S/N: 
Name: 
Comment: 
Time|Position: 2025-09-28 | 143905.0012 | 44 16.03612 N | 63 18.92573 W
Cruise: JC28302
PI: Lindsay Beazley
Protocol: AZMP
Platform: RSS James Cook
Revisions: 
Mooring Number: 
Number of RCMs: 
Number of MicroCATs: 
Number of Temperature Recorders: 
Number of Amars: 
Attachment: 
Encoding: plain
========================================

$@MID@$: 3
Date: Sun, 28 Sep 2025 15:07:25 +0000
In reply to: 2
Event: 001
Station: HL_02
Instrument: CTD
Attached: pH
Number_of_Bottles: 
Flowmeter S/N: 
Flowmeter Start: 
Flowmeter End: 
Action: Recovered
Sounding: 152.11
Sample ID: 521277
End_Sample_ID: 521295
Wire out: 
Wire Angle: 
Net Clogging: 
Wind Direction: 
Wind Speed (nm): 
Sky (condition): 
Swell Direction: 
Swell Height (M): 
Sea (Condition): 
Depth: 
Author: Patrick Upson
IMEI_No: 
WMO_No: 
S/N: 
Name: 
Comment: 
Time|Position: 2025-09-28 | 150725.0023 | 44 16.03638 N | 63 18.92604 W
Cruise: JC28302
PI: Lindsay Beazley
Protocol: AZMP
Platform: RSS James Cook
Revisions: 
Mooring Number: 
Number of RCMs: 
Number of MicroCATs: 
Number of Temperature Recorders: 
Number of Amars: 
Attachment: 
Encoding: plain
========================================

