$@MID@$: 57
Date: Wed, 01 Oct 2025 00:16:19 +0000
Reply to: 58
In reply to: 56
Event: 020
Station: YL_07
Instrument: CTD
Attached: pH | SBE35
Number_of_Bottles: 
Flowmeter S/N: 
Flowmeter Start: 
Flowmeter End: 
Action: Bottom
Sounding: 155.34
Sample ID: 521393
End_Sample_ID: 521410
Wire out: 
Wire Angle: 
Net Clogging: 
Wind Direction: 
Wind Speed (nm): 
Sky (condition): 
Swell Direction: 
Swell Height (M): 
Sea (Condition): 
Depth: 
Author: Katie Warman
IMEI_No: 
WMO_No: 
S/N: 
Name: 
Comment: 
Time|Position: 2025-10-01 | 001619.0018 | 43 19.70215 N | 69 06.37984 W
Cruise: JC28302
PI: Lindsay Beazley
Protocol: AZMP
Platform: RRS James Cook
Revisions: 
Mooring Number: 
Number of RCMs: 
Number of MicroCATs: 
Number of Temperature Recorders: 
Number of Amars: 
Attachment: 
Encoding: plain
========================================

$@MID@$: 58
Date: Wed, 01 Oct 2025 00:44:25 +0000
In reply to: 57
Event: 020
Station: YL_07
Instrument: CTD
Attached: pH | SBE35
Number_of_Bottles: 
Flowmeter S/N: 
Flowmeter Start: 
Flowmeter End: 
Action: Recovered
Sounding: 155.20
Sample ID: 521393
End_Sample_ID: 521410
Wire out: 
Wire Angle: 
Net Clogging: 
Wind Direction: 
Wind Speed (nm): 
Sky (condition): 
Swell Direction: 
Swell Height (M): 
Sea (Condition): 
Depth: 
Author: Katie Warman
IMEI_No: 
WMO_No: 
S/N: 
Name: 
Comment: 
Time|Position: 2025-10-01 | 004425.0042 | 43 19.70260 N | 69 06.38025 W
Cruise: JC28302
PI: Lindsay Beazley
Protocol: AZMP
Platform: RRS James Cook
Revisions: 
Mooring Number: 
Number of RCMs: 
Number of MicroCATs: 
Number of Temperature Recorders: 
Number of Amars: 
Attachment: 
Encoding: plain
========================================

$@MID@$: 59
Date: Wed, 01 Oct 2025 00:58:19 +0000
Reply to: 60
Event: 021
Station: YL_07
Instrument: RingNet
Attached: 202um | Flowmeter
Number_of_Bottles: 
Flowmeter S/N: 
Flowmeter Start: 73607
Flowmeter End: 
Action: Deployed
Sounding: 156.34
Sample ID: 521411
End_Sample_ID: 
Wire out: 145
Wire Angle: 
Net Clogging: 
Wind Direction: 
Wind Speed (nm): 
Sky (condition): 
Swell Direction: 
Swell Height (M): 
Sea (Condition): 
Depth: 
Author: Melanie Hardy
IMEI_No: 
WMO_No: 
S/N: 
Name: 
Comment: 
Time|Position: 2025-10-01 | 005819.0018 | 43 19.70244 N | 69 06.38044 W
Cruise: JC28302
PI: Lindsay Beazley
Protocol: AZMP
Platform: RRS James Cook
Revisions: 
Mooring Number: 
Number of RCMs: 
Number of MicroCATs: 
Number of Temperature Recorders: 
Number of Amars: 
Attachment: 
Encoding: plain
========================================

$@MID@$: 60
Date: Wed, 01 Oct 2025 01:01:53 +0000
Reply to: 61
In reply to: 59
Event: 021
Station: YL_07
Instrument: RingNet
Attached: 202um | Flowmeter
Number_of_Bottles: 
Flowmeter S/N: 
Flowmeter Start: 73607
Flowmeter End: 
Action: Bottom
Sounding: 155.03
Sample ID: 521411
End_Sample_ID: 
Wire out: 145
Wire Angle: 
Net Clogging: 
Wind Direction: 
Wind Speed (nm): 
Sky (condition): 
Swell Direction: 
Swell Height (M): 
Sea (Condition): 
Depth: 
Author: Melanie Hardy
IMEI_No: 
WMO_No: 
S/N: 
Name: 
Comment: 
Time|Position: 2025-10-01 | 010153.0022 | 43 19.70216 N | 69 06.38035 W
Cruise: JC28302
PI: Lindsay Beazley
Protocol: AZMP
Platform: RRS James Cook
Revisions: 
Mooring Number: 
Number of RCMs: 
Number of MicroCATs: 
Number of Temperature Recorders: 
Number of Amars: 
Attachment: 
Encoding: plain
========================================

$@MID@$: 61
Date: Wed, 01 Oct 2025 01:07:28 +0000
In reply to: 60
Event: 021
Station: YL_07
Instrument: RingNet
Attached: 202um | Flowmeter
Number_of_Bottles: 
Flowmeter S/N: 
Flowmeter Start: 73607
Flowmeter End: 74012
Action: Recovered
Sounding: 155.04
Sample ID: 521411
End_Sample_ID: 
Wire out: 145
Wire Angle: 0
Net Clogging: 
Wind Direction: 
Wind Speed (nm): 
Sky (condition): 
Swell Direction: 
Swell Height (M): 
Sea (Condition): 
Depth: 
Author: Melanie Hardy
IMEI_No: 
WMO_No: 
S/N: 
Name: 
Comment: 
Time|Position: 2025-10-01 | 010728.0041 | 43 19.70241 N | 69 06.38047 W
Cruise: JC28302
PI: Lindsay Beazley
Protocol: AZMP
Platform: RRS James Cook
Revisions: 
Mooring Number: 
Number of RCMs: 
Number of MicroCATs: 
Number of Temperature Recorders: 
Number of Amars: 
Attachment: 
Encoding: plain
========================================

