$@MID@$: 196
Date: Sat, 04 Oct 2025 00:30:47 +0000
In reply to: 195
Event: 065
Station: BBL_06
Instrument: CTD
Attached: pH | SBE35 | SUNA
Number_of_Bottles: 
Flowmeter S/N: 
Flowmeter Start: 
Flowmeter End: 
Action: Recovered
Sounding: 1084.60
Sample ID: 521784
End_Sample_ID: 521801
Wire out: 
Wire Angle: 
Net Clogging: 
Wind Direction: 
Wind Speed (nm): 
Sky (condition): 
Swell Direction: 
Swell Height (M): 
Sea (Condition): 
Depth: 
Author: Katie Warman
IMEI_No: 
WMO_No: 
S/N: 
Name: 
Comment: 
Time|Position: 2025-10-04 | 003046.0013 | 41 59.99976 N | 65 30.59809 W
Cruise: JC28302
PI: Lindsay Beazley
Protocol: AZMP
Platform: RRS James Cook
Revisions: 
Mooring Number: 
Number of RCMs: 
Number of MicroCATs: 
Number of Temperature Recorders: 
Number of Amars: 
Attachment: 
Encoding: plain
========================================

$@MID@$: 197
Date: Sat, 04 Oct 2025 00:42:02 +0000
Reply to: 198
Event: 066
Station: BBL_06
Instrument: RingNet
Attached: 202um | Flowmeter
Number_of_Bottles: 
Flowmeter S/N: 
Flowmeter Start: 86729
Flowmeter End: 
Action: Deployed
Sounding: 1084.55
Sample ID: 521802
End_Sample_ID: 
Wire out: 1000
Wire Angle: 
Net Clogging: 
Wind Direction: 
Wind Speed (nm): 
Sky (condition): 
Swell Direction: 
Swell Height (M): 
Sea (Condition): 
Depth: 
Author: Melanie Hardy
IMEI_No: 
WMO_No: 
S/N: 
Name: 
Comment: 
Time|Position: 2025-10-04 | 004202.0046 | 41 59.99949 N | 65 30.59897 W
Cruise: JC28302
PI: Lindsay Beazley
Protocol: AZMP
Platform: RRS James Cook
Revisions: 
Mooring Number: 
Number of RCMs: 
Number of MicroCATs: 
Number of Temperature Recorders: 
Number of Amars: 
Attachment: 
Encoding: plain
========================================

$@MID@$: 198
Date: Sat, 04 Oct 2025 01:12:59 +0000
Reply to: 199
In reply to: 197
Event: 066
Station: BBL_06
Instrument: RingNet
Attached: 202um | Flowmeter
Number_of_Bottles: 
Flowmeter S/N: 
Flowmeter Start: 86729
Flowmeter End: 
Action: Bottom
Sounding: 1084.26
Sample ID: 521802
End_Sample_ID: 
Wire out: 1000
Wire Angle: 
Net Clogging: 
Wind Direction: 
Wind Speed (nm): 
Sky (condition): 
Swell Direction: 
Swell Height (M): 
Sea (Condition): 
Depth: 
Author: Melanie Hardy
IMEI_No: 
WMO_No: 
S/N: 
Name: 
Comment: 
Time|Position: 2025-10-04 | 011259.0019 | 41 59.99946 N | 65 30.59876 W
Cruise: JC28302
PI: Lindsay Beazley
Protocol: AZMP
Platform: RRS James Cook
Revisions: 
Mooring Number: 
Number of RCMs: 
Number of MicroCATs: 
Number of Temperature Recorders: 
Number of Amars: 
Attachment: 
Encoding: plain
========================================

$@MID@$: 199
Date: Sat, 04 Oct 2025 01:36:26 +0000
Reply to: 200
In reply to: 198
Event: 066
Station: BBL_06
Instrument: RingNet
Attached: 202um | Flowmeter
Number_of_Bottles: 
Flowmeter S/N: 
Flowmeter Start: 86729
Flowmeter End: 89216
Action: Recovered
Sounding: 1084.00
Sample ID: 521802
End_Sample_ID: 
Wire out: 1000
Wire Angle: 0
Net Clogging: 
Wind Direction: 
Wind Speed (nm): 
Sky (condition): 
Swell Direction: 
Swell Height (M): 
Sea (Condition): 
Depth: 
Author: Melanie Hardy
IMEI_No: 
WMO_No: 
S/N: 
Name: 
Comment: 
Time|Position: 2025-10-04 | 013626.0055 | 41 59.99972 N | 65 30.59889 W
Cruise: JC28302
PI: Lindsay Beazley
Protocol: AZMP
Platform: RRS James Cook
Revisions: 
Mooring Number: 
Number of RCMs: 
Number of MicroCATs: 
Number of Temperature Recorders: 
Number of Amars: 
Attachment: 
Encoding: plain
========================================

$@MID@$: 200
Date: Sat, 04 Oct 2025 02:15:57 +0000
In reply to: 199
Event: 066
Station: BBL_06
Instrument: RingNet
Attached: 202um | Flowmeter
Number_of_Bottles: 
Flowmeter S/N: 
Flowmeter Start: 86729
Flowmeter End: 89216
Action: Recovered
Sounding: 513.01
Sample ID: 521802
End_Sample_ID: 
Wire out: 1000
Wire Angle: 0
Net Clogging: 
Wind Direction: 
Wind Speed (nm): 
Sky (condition): 
Swell Direction: 
Swell Height (M): 
Sea (Condition): 
Depth: 
Author: Melanie Hardy
IMEI_No: 
WMO_No: 
S/N: 
Name: 
Comment: 7lb helmet jellyfish!!!!!!
Time|Position: 2025-10-04 | 021557.0013 | 42 05.96240 N | 65 30.15588 W
Cruise: JC28302
PI: Lindsay Beazley
Protocol: AZMP
Platform: RRS James Cook
Revisions: 
Mooring Number: 
Number of RCMs: 
Number of MicroCATs: 
Number of Temperature Recorders: 
Number of Amars: 
Attachment: 
Encoding: plain
========================================

$@MID@$: 201
Date: Sat, 04 Oct 2025 02:43:51 +0000
Reply to: 202
Event: 067
Station: BBL_05
Instrument: CTD
Attached: pH | SBE35 | SUNA
Number_of_Bottles: 
Flowmeter S/N: 
Flowmeter Start: 
Flowmeter End: 
Action: Deployed
Sounding: 189.71
Sample ID: 521803
End_Sample_ID: 521824
Wire out: 
Wire Angle: 
Net Clogging: 
Wind Direction: 
Wind Speed (nm): 
Sky (condition): 
Swell Direction: 
Swell Height (M): 
Sea (Condition): 
Depth: 
Author: Katie Warman
IMEI_No: 
WMO_No: 
S/N: 
Name: 
Comment: 
Time|Position: 2025-10-04 | 024351.0033 | 42 07.99871 N | 65 29.99950 W
Cruise: JC28302
PI: Lindsay Beazley
Protocol: AZMP
Platform: RRS James Cook
Revisions: 
Mooring Number: 
Number of RCMs: 
Number of MicroCATs: 
Number of Temperature Recorders: 
Number of Amars: 
Attachment: 
Encoding: plain
========================================

$@MID@$: 202
Date: Sat, 04 Oct 2025 03:03:03 +0000
Reply to: 203
In reply to: 201
Event: 067
Station: BBL_05
Instrument: CTD
Attached: pH | SBE35 | SUNA
Number_of_Bottles: 
Flowmeter S/N: 
Flowmeter Start: 
Flowmeter End: 
Action: Bottom
Sounding: 188.52
Sample ID: 521803
End_Sample_ID: 521824
Wire out: 
Wire Angle: 
Net Clogging: 
Wind Direction: 
Wind Speed (nm): 
Sky (condition): 
Swell Direction: 
Swell Height (M): 
Sea (Condition): 
Depth: 
Author: Patrick Upson
IMEI_No: 
WMO_No: 
S/N: 
Name: 
Comment: 
Time|Position: 2025-10-04 | 030303.0011 | 42 07.99827 N | 65 29.99983 W
Cruise: JC28302
PI: Lindsay Beazley
Protocol: AZMP
Platform: RRS James Cook
Revisions: 
Mooring Number: 
Number of RCMs: 
Number of MicroCATs: 
Number of Temperature Recorders: 
Number of Amars: 
Attachment: 
Encoding: plain
========================================

$@MID@$: 203
Date: Sat, 04 Oct 2025 03:26:33 +0000
In reply to: 202
Event: 067
Station: BBL_05
Instrument: CTD
Attached: pH | SBE35 | SUNA
Number_of_Bottles: 
Flowmeter S/N: 
Flowmeter Start: 
Flowmeter End: 
Action: Recovered
Sounding: 197.72
Sample ID: 521803
End_Sample_ID: 521824
Wire out: 
Wire Angle: 
Net Clogging: 
Wind Direction: 
Wind Speed (nm): 
Sky (condition): 
Swell Direction: 
Swell Height (M): 
Sea (Condition): 
Depth: 
Author: Patrick Upson
IMEI_No: 
WMO_No: 
S/N: 
Name: 
Comment: CTD techs will swap out a noisy secondary oxygen sensor
Time|Position: 2025-10-04 | 032633.0007 | 42 07.99807 N | 65 30.00068 W
Cruise: JC28302
PI: Lindsay Beazley
Protocol: AZMP
Platform: RRS James Cook
Revisions: 
Mooring Number: 
Number of RCMs: 
Number of MicroCATs: 
Number of Temperature Recorders: 
Number of Amars: 
Attachment: 
Encoding: plain
========================================

$@MID@$: 204
Date: Sat, 04 Oct 2025 03:38:14 +0000
Reply to: 205
Event: 068
Station: BBL_05
Instrument: RingNet
Attached: 202um | Flowmeter
Number_of_Bottles: 
Flowmeter S/N: 
Flowmeter Start: 89217
Flowmeter End: 
Action: Deployed
Sounding: 188.08
Sample ID: 521825
End_Sample_ID: 
Wire out: 178
Wire Angle: 
Net Clogging: 
Wind Direction: 
Wind Speed (nm): 
Sky (condition): 
Swell Direction: 
Swell Height (M): 
Sea (Condition): 
Depth: 
Author: Catherine Johnson
IMEI_No: 
WMO_No: 
S/N: 
Name: 
Comment: 
Time|Position: 2025-10-04 | 033814.0043 | 42 07.99837 N | 65 30.00027 W
Cruise: JC28302
PI: Lindsay Beazley
Protocol: AZMP
Platform: RRS James Cook
Revisions: 
Mooring Number: 
Number of RCMs: 
Number of MicroCATs: 
Number of Temperature Recorders: 
Number of Amars: 
Attachment: 
Encoding: plain
========================================

$@MID@$: 205
Date: Sat, 04 Oct 2025 03:45:49 +0000
Reply to: 206
In reply to: 204
Event: 068
Station: BBL_05
Instrument: RingNet
Attached: 202um | Flowmeter
Number_of_Bottles: 
Flowmeter S/N: 
Flowmeter Start: 89217
Flowmeter End: 
Action: Bottom
Sounding: 188.02
Sample ID: 521825
End_Sample_ID: 
Wire out: 178
Wire Angle: 
Net Clogging: 
Wind Direction: 
Wind Speed (nm): 
Sky (condition): 
Swell Direction: 
Swell Height (M): 
Sea (Condition): 
Depth: 
Author: Catherine Johnson
IMEI_No: 
WMO_No: 
S/N: 
Name: 
Comment: 
Time|Position: 2025-10-04 | 034549.0041 | 42 07.89687 N | 65 30.03667 W
Cruise: JC28302
PI: Lindsay Beazley
Protocol: AZMP
Platform: RRS James Cook
Revisions: 
Mooring Number: 
Number of RCMs: 
Number of MicroCATs: 
Number of Temperature Recorders: 
Number of Amars: 
Attachment: 
Encoding: plain
========================================

$@MID@$: 206
Date: Sat, 04 Oct 2025 03:51:49 +0000
In reply to: 205
Event: 068
Station: BBL_05
Instrument: RingNet
Attached: 202um | Flowmeter
Number_of_Bottles: 
Flowmeter S/N: 
Flowmeter Start: 89217
Flowmeter End: 89729
Action: Recovered
Sounding: 195.94
Sample ID: 521825
End_Sample_ID: 
Wire out: 178
Wire Angle: 5
Net Clogging: 
Wind Direction: 
Wind Speed (nm): 
Sky (condition): 
Swell Direction: 
Swell Height (M): 
Sea (Condition): 
Depth: 
Author: Catherine Johnson
IMEI_No: 
WMO_No: 
S/N: 
Name: 
Comment: 
Time|Position: 2025-10-04 | 035149.0019 | 42 07.81829 N | 65 30.07453 W
Cruise: JC28302
PI: Lindsay Beazley
Protocol: AZMP
Platform: RRS James Cook
Revisions: 
Mooring Number: 
Number of RCMs: 
Number of MicroCATs: 
Number of Temperature Recorders: 
Number of Amars: 
Attachment: 
Encoding: plain
========================================

$@MID@$: 207
Date: Sat, 04 Oct 2025 06:15:58 +0000
Reply to: 208
Event: 069
Station: BBL_04
Instrument: CTD
Attached: pH | SBE35 | SUNA
Number_of_Bottles: 
Flowmeter S/N: 
Flowmeter Start: 
Flowmeter End: 
Action: Deployed
Sounding: 102.30
Sample ID: 521826
End_Sample_ID: 521838
Wire out: 
Wire Angle: 
Net Clogging: 
Wind Direction: 
Wind Speed (nm): 
Sky (condition): 
Swell Direction: 
Swell Height (M): 
Sea (Condition): 
Depth: 
Author: Patrick Upson
IMEI_No: 
WMO_No: 
S/N: 
Name: 
Comment: New secondary oxygen sensor on this cast
Time|Position: 2025-10-04 | 061558.0037 | 42 26.98705 N | 65 28.97739 W
Cruise: JC28302
PI: Lindsay Beazley
Protocol: AZMP
Platform: RRS James Cook
Revisions: 
Mooring Number: 
Number of RCMs: 
Number of MicroCATs: 
Number of Temperature Recorders: 
Number of Amars: 
Attachment: 
Encoding: plain
========================================

$@MID@$: 208
Date: Sat, 04 Oct 2025 06:25:24 +0000
Reply to: 209
In reply to: 207
Event: 069
Station: BBL_04
Instrument: CTD
Attached: pH | SBE35 | SUNA
Number_of_Bottles: 
Flowmeter S/N: 
Flowmeter Start: 
Flowmeter End: 
Action: Bottom
Sounding: 103.04
Sample ID: 521826
End_Sample_ID: 521838
Wire out: 
Wire Angle: 
Net Clogging: 
Wind Direction: 
Wind Speed (nm): 
Sky (condition): 
Swell Direction: 
Swell Height (M): 
Sea (Condition): 
Depth: 
Author: Patrick Upson
IMEI_No: 
WMO_No: 
S/N: 
Name: 
Comment: 
Time|Position: 2025-10-04 | 062524.0049 | 42 26.98687 N | 65 28.97697 W
Cruise: JC28302
PI: Lindsay Beazley
Protocol: AZMP
Platform: RRS James Cook
Revisions: 
Mooring Number: 
Number of RCMs: 
Number of MicroCATs: 
Number of Temperature Recorders: 
Number of Amars: 
Attachment: 
Encoding: plain
========================================

$@MID@$: 209
Date: Sat, 04 Oct 2025 06:43:12 +0000
In reply to: 208
Event: 069
Station: BBL_04
Instrument: CTD
Attached: pH | SBE35 | SUNA
Number_of_Bottles: 
Flowmeter S/N: 
Flowmeter Start: 
Flowmeter End: 
Action: Bottom
Sounding: 103.23
Sample ID: 521826
End_Sample_ID: 521838
Wire out: 
Wire Angle: 
Net Clogging: 
Wind Direction: 
Wind Speed (nm): 
Sky (condition): 
Swell Direction: 
Swell Height (M): 
Sea (Condition): 
Depth: 
Author: Patrick Upson
IMEI_No: 
WMO_No: 
S/N: 
Name: 
Comment: Oxygen sensor looks good on this cast
Time|Position: 2025-10-04 | 064312.0040 | 42 26.98727 N | 65 28.97592 W
Cruise: JC28302
PI: Lindsay Beazley
Protocol: AZMP
Platform: RRS James Cook
Revisions: 
Mooring Number: 
Number of RCMs: 
Number of MicroCATs: 
Number of Temperature Recorders: 
Number of Amars: 
Attachment: 
Encoding: plain
========================================

$@MID@$: 210
Date: Sat, 04 Oct 2025 06:56:48 +0000
Reply to: 211, 212
Event: 070
Station: BBL_04
Instrument: RingNet
Attached: 202um | Flowmeter
Number_of_Bottles: 
Flowmeter S/N: 
Flowmeter Start: 89730
Flowmeter End: 
Action: Deployed
Sounding: 103.34
Sample ID: 521839
End_Sample_ID: 
Wire out: 93
Wire Angle: 
Net Clogging: 
Wind Direction: 
Wind Speed (nm): 
Sky (condition): 
Swell Direction: 
Swell Height (M): 
Sea (Condition): 
Depth: 
Author: Catherine Johnson
IMEI_No: 
WMO_No: 
S/N: 
Name: 
Comment: 
Time|Position: 2025-10-04 | 065648.0049 | 42 26.94811 N | 65 29.01563 W
Cruise: JC28302
PI: Lindsay Beazley
Protocol: AZMP
Platform: RRS James Cook
Revisions: 
Mooring Number: 
Number of RCMs: 
Number of MicroCATs: 
Number of Temperature Recorders: 
Number of Amars: 
Attachment: 
Encoding: plain
========================================

$@MID@$: 211
Date: Sat, 04 Oct 2025 06:59:55 +0000
In reply to: 210
Event: 070
Station: BBL_04
Instrument: RingNet
Attached: 202um | Flowmeter
Number_of_Bottles: 
Flowmeter S/N: 
Flowmeter Start: 89730
Flowmeter End: 
Action: Bottom
Sounding: 103.12
Sample ID: 521839
End_Sample_ID: 
Wire out: 93
Wire Angle: 
Net Clogging: 
Wind Direction: 
Wind Speed (nm): 
Sky (condition): 
Swell Direction: 
Swell Height (M): 
Sea (Condition): 
Depth: 
Author: Catherine Johnson
IMEI_No: 
WMO_No: 
S/N: 
Name: 
Comment: 
Time|Position: 2025-10-04 | 065955.0018 | 42 26.91801 N | 65 29.05028 W
Cruise: JC28302
PI: Lindsay Beazley
Protocol: AZMP
Platform: RRS James Cook
Revisions: 
Mooring Number: 
Number of RCMs: 
Number of MicroCATs: 
Number of Temperature Recorders: 
Number of Amars: 
Attachment: 
Encoding: plain
========================================

$@MID@$: 212
Date: Sat, 04 Oct 2025 07:03:48 +0000
In reply to: 210
Event: 070
Station: BBL_04
Instrument: RingNet
Attached: 202um | Flowmeter
Number_of_Bottles: 
Flowmeter S/N: 
Flowmeter Start: 89730
Flowmeter End: 89959
Action: Recovered
Sounding: 103.39
Sample ID: 521839
End_Sample_ID: 
Wire out: 93
Wire Angle: 15
Net Clogging: 
Wind Direction: 
Wind Speed (nm): 
Sky (condition): 
Swell Direction: 
Swell Height (M): 
Sea (Condition): 
Depth: 
Author: Catherine Johnson
IMEI_No: 
WMO_No: 
S/N: 
Name: 
Comment: 
Time|Position: 2025-10-04 | 070347.0045 | 42 26.89887 N | 65 29.11010 W
Cruise: JC28302
PI: Lindsay Beazley
Protocol: AZMP
Platform: RRS James Cook
Revisions: 
Mooring Number: 
Number of RCMs: 
Number of MicroCATs: 
Number of Temperature Recorders: 
Number of Amars: 
Attachment: 
Encoding: plain
========================================

$@MID@$: 213
Date: Sat, 04 Oct 2025 09:59:29 +0000
Reply to: 214
Event: 071
Station: RB_01
Instrument: MultiNet
Attached: Flowmeter | CTD
Number_of_Bottles: 3
Flowmeter S/N: 
Flowmeter Start: 
Flowmeter End: 
Action: Deployed
Sounding: 135.54
Sample ID: 521840
End_Sample_ID: 521842
Wire out: 125
Wire Angle: 
Net Clogging: 
Wind Direction: 
Wind Speed (nm): 
Sky (condition): 
Swell Direction: 
Swell Height (M): 
Sea (Condition): 
Depth: 
Author: Catherine Johnson
IMEI_No: 
WMO_No: 
S/N: 
Name: 
Comment: 
Time|Position: 2025-10-04 | 095800.0001 | 42 51.00052 N | 65 28.91993 W
Cruise: JC28302
PI: Lindsay Beazley
Protocol: AZMP
Platform: RRS James Cook
Revisions: 04/Oct/2025 10:08:32
Mooring Number: 
Number of RCMs: 
Number of MicroCATs: 
Number of Temperature Recorders: 
Number of Amars: 
Attachment: 
Encoding: plain
========================================

$@MID@$: 214
Date: Sat, 04 Oct 2025 10:01:50 +0000
Reply to: 215
In reply to: 213
Event: 071
Station: RB_01
Instrument: MultiNet
Attached: Flowmeter | CTD
Number_of_Bottles: 3
Flowmeter S/N: 
Flowmeter Start: 
Flowmeter End: 
Action: Bottom
Sounding: 135.38
Sample ID: 521840
End_Sample_ID: 521842
Wire out: 125
Wire Angle: 
Net Clogging: 
Wind Direction: 
Wind Speed (nm): 
Sky (condition): 
Swell Direction: 
Swell Height (M): 
Sea (Condition): 
Depth: 
Author: Catherine Johnson
IMEI_No: 
WMO_No: 
S/N: 
Name: 
Comment: 
Time|Position: 2025-10-04 | 100150.0020 | 42 51.00039 N | 65 28.91982 W
Cruise: JC28302
PI: Lindsay Beazley
Protocol: AZMP
Platform: RRS James Cook
Revisions: 04/Oct/2025 10:08:39
Mooring Number: 
Number of RCMs: 
Number of MicroCATs: 
Number of Temperature Recorders: 
Number of Amars: 
Attachment: 
Encoding: plain
========================================

$@MID@$: 215
Date: Sat, 04 Oct 2025 10:07:43 +0000
In reply to: 214
Event: 071
Station: RB_01
Instrument: MultiNet
Attached: Flowmeter | CTD
Number_of_Bottles: 3
Flowmeter S/N: 
Flowmeter Start: 
Flowmeter End: 
Action: Recovered
Sounding: 134.76
Sample ID: 521840
End_Sample_ID: 521842
Wire out: 125
Wire Angle: 
Net Clogging: 
Wind Direction: 
Wind Speed (nm): 
Sky (condition): 
Swell Direction: 
Swell Height (M): 
Sea (Condition): 
Depth: 
Author: Catherine Johnson
IMEI_No: 
WMO_No: 
S/N: 
Name: 
Comment: 
Time|Position: 2025-10-04 | 100743.0014 | 42 50.99751 N | 65 28.94228 W
Cruise: JC28302
PI: Lindsay Beazley
Protocol: AZMP
Platform: RRS James Cook
Revisions: 04/Oct/2025 09:59:59
Mooring Number: 
Number of RCMs: 
Number of MicroCATs: 
Number of Temperature Recorders: 
Number of Amars: 
Attachment: 
Encoding: plain
========================================

$@MID@$: 216
Date: Sat, 04 Oct 2025 10:17:50 +0000
Reply to: 217, 218, 219, 220
Event: 072
Station: RB_01
Instrument: VPR
Attached: 
Number_of_Bottles: 
Flowmeter S/N: 
Flowmeter Start: 
Flowmeter End: 
Action: Started
Sounding: 135.25
Sample ID: 
End_Sample_ID: 
Wire out: 
Wire Angle: 
Net Clogging: 
Wind Direction: 
Wind Speed (nm): 
Sky (condition): 
Swell Direction: 
Swell Height (M): 
Sea (Condition): 
Depth: 
Author: Lindsay Beazley
IMEI_No: 
WMO_No: 
S/N: 
Name: 
Comment: 
Time|Position: 2025-10-04 | 101750.0021 | 42 50.99779 N | 65 28.94254 W
Cruise: JC28302
PI: Lindsay Beazley
Protocol: AZMP
Platform: RRS James Cook
Revisions: 
Mooring Number: 
Number of RCMs: 
Number of MicroCATs: 
Number of Temperature Recorders: 
Number of Amars: 
Attachment: 
Encoding: plain
========================================

$@MID@$: 217
Date: Sat, 04 Oct 2025 10:29:32 +0000
Reply to: 221
In reply to: 216
Event: 072
Station: RB_01
Instrument: VPR
Attached: 
Number_of_Bottles: 
Flowmeter S/N: 
Flowmeter Start: 
Flowmeter End: 
Action: Deployed
Sounding: 134.77
Sample ID: 
End_Sample_ID: 
Wire out: 
Wire Angle: 
Net Clogging: 
Wind Direction: 
Wind Speed (nm): 
Sky (condition): 
Swell Direction: 
Swell Height (M): 
Sea (Condition): 
Depth: 
Author: Lindsay Beazley
IMEI_No: 
WMO_No: 
S/N: 
Name: 
Comment: 
Time|Position: 2025-10-04 | 102932.0046 | 42 50.99732 N | 65 28.94378 W
Cruise: JC28302
PI: Lindsay Beazley
Protocol: AZMP
Platform: RRS James Cook
Revisions: 
Mooring Number: 
Number of RCMs: 
Number of MicroCATs: 
Number of Temperature Recorders: 
Number of Amars: 
Attachment: 
Encoding: plain
========================================

$@MID@$: 221
Date: Sat, 04 Oct 2025 11:09:32 +0000
In reply to: 217
Event: 072
Station: RB_01
Instrument: VPR
Attached: 
Number_of_Bottles: 
Flowmeter S/N: 
Flowmeter Start: 
Flowmeter End: 
Action: Aborted
Sounding: 135.55
Sample ID: 
End_Sample_ID: 
Wire out: 
Wire Angle: 
Net Clogging: 
Wind Direction: 
Wind Speed (nm): 
Sky (condition): 
Swell Direction: 
Swell Height (M): 
Sea (Condition): 
Depth: 
Author: Lindsay Beazley
IMEI_No: 
WMO_No: 
S/N: 
Name: 
Comment: no longer strobing. recovered
Time|Position: 2025-10-04 | 110932.0031 | 42 50.99755 N | 65 28.94307 W
Cruise: JC28302
PI: Lindsay Beazley
Protocol: AZMP
Platform: RRS James Cook
Revisions: 
Mooring Number: 
Number of RCMs: 
Number of MicroCATs: 
Number of Temperature Recorders: 
Number of Amars: 
Attachment: 
Encoding: plain
========================================

