$@MID@$: 145
Date: Fri, 03 Oct 2025 00:55:35 +0000
Reply to: 146
Event: 049
Station: NEC_02
Instrument: CTD
Attached: pH | SBE35 | SUNA
Number_of_Bottles: 
Flowmeter S/N: 
Flowmeter Start: 
Flowmeter End: 
Action: Deployed
Sounding: 207
Sample ID: 521614
End_Sample_ID: 521628
Wire out: 
Wire Angle: 
Net Clogging: 
Wind Direction: 
Wind Speed (nm): 
Sky (condition): 
Swell Direction: 
Swell Height (M): 
Sea (Condition): 
Depth: 
Author: Katie Warman
IMEI_No: 
WMO_No: 
S/N: 
Name: 
Comment: 
Time|Position: 2025-10-03 | 005535.0019 | 42 20.20211 N | 65 48.49673 W
Cruise: JC28302
PI: Lindsay Beazley
Protocol: AZMP
Platform: RRS James Cook
Revisions: 
Mooring Number: 
Number of RCMs: 
Number of MicroCATs: 
Number of Temperature Recorders: 
Number of Amars: 
Attachment: 
Encoding: plain
========================================

$@MID@$: 146
Date: Fri, 03 Oct 2025 01:10:10 +0000
Reply to: 147
In reply to: 145
Event: 049
Station: NEC_02
Instrument: CTD
Attached: pH | SBE35 | SUNA
Number_of_Bottles: 
Flowmeter S/N: 
Flowmeter Start: 
Flowmeter End: 
Action: Bottom
Sounding: 206.19
Sample ID: 521614
End_Sample_ID: 521628
Wire out: 
Wire Angle: 
Net Clogging: 
Wind Direction: 
Wind Speed (nm): 
Sky (condition): 
Swell Direction: 
Swell Height (M): 
Sea (Condition): 
Depth: 
Author: Katie Warman
IMEI_No: 
WMO_No: 
S/N: 
Name: 
Comment: 
Time|Position: 2025-10-03 | 011010.0012 | 42 20.20216 N | 65 48.49648 W
Cruise: JC28302
PI: Lindsay Beazley
Protocol: AZMP
Platform: RRS James Cook
Revisions: 
Mooring Number: 
Number of RCMs: 
Number of MicroCATs: 
Number of Temperature Recorders: 
Number of Amars: 
Attachment: 
Encoding: plain
========================================

$@MID@$: 147
Date: Fri, 03 Oct 2025 01:43:35 +0000
In reply to: 146
Event: 049
Station: NEC_02
Instrument: CTD
Attached: pH | SBE35 | SUNA
Number_of_Bottles: 
Flowmeter S/N: 
Flowmeter Start: 
Flowmeter End: 
Action: Recovered
Sounding: 205.98
Sample ID: 521614
End_Sample_ID: 521628
Wire out: 
Wire Angle: 
Net Clogging: 
Wind Direction: 
Wind Speed (nm): 
Sky (condition): 
Swell Direction: 
Swell Height (M): 
Sea (Condition): 
Depth: 
Author: Katie Warman
IMEI_No: 
WMO_No: 
S/N: 
Name: 
Comment: 
Time|Position: 2025-10-03 | 014335.0003 | 42 20.20258 N | 65 48.49670 W
Cruise: JC28302
PI: Lindsay Beazley
Protocol: AZMP
Platform: RRS James Cook
Revisions: 
Mooring Number: 
Number of RCMs: 
Number of MicroCATs: 
Number of Temperature Recorders: 
Number of Amars: 
Attachment: 
Encoding: plain
========================================

$@MID@$: 148
Date: Fri, 03 Oct 2025 01:54:42 +0000
Reply to: 149
Event: 050
Station: NEC_02
Instrument: RingNet
Attached: 202um | Flowmeter
Number_of_Bottles: 
Flowmeter S/N: 
Flowmeter Start: 80783
Flowmeter End: 
Action: Deployed
Sounding: 205.55
Sample ID: 521629
End_Sample_ID: 
Wire out: 196
Wire Angle: 
Net Clogging: 
Wind Direction: 
Wind Speed (nm): 
Sky (condition): 
Swell Direction: 
Swell Height (M): 
Sea (Condition): 
Depth: 
Author: Melanie Hardy
IMEI_No: 
WMO_No: 
S/N: 
Name: 
Comment: 
Time|Position: 2025-10-03 | 015442.0027 | 42 20.20205 N | 65 48.49652 W
Cruise: JC28302
PI: Lindsay Beazley
Protocol: AZMP
Platform: RRS James Cook
Revisions: 
Mooring Number: 
Number of RCMs: 
Number of MicroCATs: 
Number of Temperature Recorders: 
Number of Amars: 
Attachment: 
Encoding: plain
========================================

$@MID@$: 149
Date: Fri, 03 Oct 2025 02:00:58 +0000
Reply to: 150
In reply to: 148
Event: 050
Station: NEC_02
Instrument: RingNet
Attached: 202um | Flowmeter
Number_of_Bottles: 
Flowmeter S/N: 
Flowmeter Start: 80783
Flowmeter End: 
Action: Bottom
Sounding: 205.66
Sample ID: 521629
End_Sample_ID: 
Wire out: 196
Wire Angle: 
Net Clogging: 
Wind Direction: 
Wind Speed (nm): 
Sky (condition): 
Swell Direction: 
Swell Height (M): 
Sea (Condition): 
Depth: 
Author: Melanie Hardy
IMEI_No: 
WMO_No: 
S/N: 
Name: 
Comment: 
Time|Position: 2025-10-03 | 020058.0048 | 42 20.20238 N | 65 48.49688 W
Cruise: JC28302
PI: Lindsay Beazley
Protocol: AZMP
Platform: RRS James Cook
Revisions: 
Mooring Number: 
Number of RCMs: 
Number of MicroCATs: 
Number of Temperature Recorders: 
Number of Amars: 
Attachment: 
Encoding: plain
========================================

$@MID@$: 150
Date: Fri, 03 Oct 2025 02:06:57 +0000
In reply to: 149
Event: 050
Station: NEC_02
Instrument: RingNet
Attached: 202um | Flowmeter
Number_of_Bottles: 
Flowmeter S/N: 
Flowmeter Start: 80783
Flowmeter End: 81433
Action: Recovered
Sounding: 205.81
Sample ID: 521629
End_Sample_ID: 
Wire out: 196
Wire Angle: 5
Net Clogging: 
Wind Direction: 
Wind Speed (nm): 
Sky (condition): 
Swell Direction: 
Swell Height (M): 
Sea (Condition): 
Depth: 
Author: Melanie Hardy
IMEI_No: 
WMO_No: 
S/N: 
Name: 
Comment: 
Time|Position: 2025-10-03 | 020657.0035 | 42 20.20194 N | 65 48.49716 W
Cruise: JC28302
PI: Lindsay Beazley
Protocol: AZMP
Platform: RRS James Cook
Revisions: 
Mooring Number: 
Number of RCMs: 
Number of MicroCATs: 
Number of Temperature Recorders: 
Number of Amars: 
Attachment: 
Encoding: plain
========================================

$@MID@$: 151
Date: Fri, 03 Oct 2025 02:43:11 +0000
Reply to: 152
Event: 051
Station: NEC_03
Instrument: CTD
Attached: pH | SBE35 | SUNA
Number_of_Bottles: 
Flowmeter S/N: 
Flowmeter Start: 
Flowmeter End: 
Action: Deployed
Sounding: 214.17
Sample ID: 521630
End_Sample_ID: 521646
Wire out: 
Wire Angle: 
Net Clogging: 
Wind Direction: 
Wind Speed (nm): 
Sky (condition): 
Swell Direction: 
Swell Height (M): 
Sea (Condition): 
Depth: 
Author: Katie Warman
IMEI_No: 
WMO_No: 
S/N: 
Name: 
Comment: 
Time|Position: 2025-10-03 | 024311.0014 | 42 17.99855 N | 65 50.37927 W
Cruise: JC28302
PI: Lindsay Beazley
Protocol: AZMP
Platform: RRS James Cook
Revisions: 
Mooring Number: 
Number of RCMs: 
Number of MicroCATs: 
Number of Temperature Recorders: 
Number of Amars: 
Attachment: 
Encoding: plain
========================================

$@MID@$: 152
Date: Fri, 03 Oct 2025 02:58:51 +0000
Reply to: 153
In reply to: 151
Event: 051
Station: NEC_03
Instrument: CTD
Attached: pH | SBE35 | SUNA
Number_of_Bottles: 
Flowmeter S/N: 
Flowmeter Start: 
Flowmeter End: 
Action: Bottom
Sounding: 222.00
Sample ID: 521630
End_Sample_ID: 521646
Wire out: 
Wire Angle: 
Net Clogging: 
Wind Direction: 
Wind Speed (nm): 
Sky (condition): 
Swell Direction: 
Swell Height (M): 
Sea (Condition): 
Depth: 
Author: Katie Warman
IMEI_No: 
WMO_No: 
S/N: 
Name: 
Comment: 
Time|Position: 2025-10-03 | 025851.0016 | 42 17.99860 N | 65 50.37984 W
Cruise: JC28302
PI: Lindsay Beazley
Protocol: AZMP
Platform: RRS James Cook
Revisions: 
Mooring Number: 
Number of RCMs: 
Number of MicroCATs: 
Number of Temperature Recorders: 
Number of Amars: 
Attachment: 
Encoding: plain
========================================

$@MID@$: 153
Date: Fri, 03 Oct 2025 03:23:59 +0000
In reply to: 152
Event: 051
Station: NEC_03
Instrument: CTD
Attached: pH | SBE35 | SUNA
Number_of_Bottles: 
Flowmeter S/N: 
Flowmeter Start: 
Flowmeter End: 
Action: Recovered
Sounding: 222.45
Sample ID: 521630
End_Sample_ID: 521646
Wire out: 
Wire Angle: 
Net Clogging: 
Wind Direction: 
Wind Speed (nm): 
Sky (condition): 
Swell Direction: 
Swell Height (M): 
Sea (Condition): 
Depth: 
Author: Patrick Upson
IMEI_No: 
WMO_No: 
S/N: 
Name: 
Comment: 
Time|Position: 2025-10-03 | 032359.0013 | 42 17.99846 N | 65 50.38053 W
Cruise: JC28302
PI: Lindsay Beazley
Protocol: AZMP
Platform: RRS James Cook
Revisions: 
Mooring Number: 
Number of RCMs: 
Number of MicroCATs: 
Number of Temperature Recorders: 
Number of Amars: 
Attachment: 
Encoding: plain
========================================

$@MID@$: 154
Date: Fri, 03 Oct 2025 04:22:18 +0000
Reply to: 155
Event: 052
Station: NEC_04
Instrument: CTD
Attached: pH | SBE35 | SUNA
Number_of_Bottles: 
Flowmeter S/N: 
Flowmeter Start: 
Flowmeter End: 
Action: Deployed
Sounding: 229.48
Sample ID: 521647
End_Sample_ID: 521661
Wire out: 
Wire Angle: 
Net Clogging: 
Wind Direction: 
Wind Speed (nm): 
Sky (condition): 
Swell Direction: 
Swell Height (M): 
Sea (Condition): 
Depth: 
Author: Patrick Upson
IMEI_No: 
WMO_No: 
S/N: 
Name: 
Comment: 
Time|Position: 2025-10-03 | 042218.0038 | 42 16.29022 N | 65 52.17237 W
Cruise: JC28302
PI: Lindsay Beazley
Protocol: AZMP
Platform: RRS James Cook
Revisions: 
Mooring Number: 
Number of RCMs: 
Number of MicroCATs: 
Number of Temperature Recorders: 
Number of Amars: 
Attachment: 
Encoding: plain
========================================

$@MID@$: 155
Date: Fri, 03 Oct 2025 04:34:23 +0000
Reply to: 156
In reply to: 154
Event: 052
Station: NEC_04
Instrument: CTD
Attached: pH | SBE35 | SUNA
Number_of_Bottles: 
Flowmeter S/N: 
Flowmeter Start: 
Flowmeter End: 
Action: Bottom
Sounding: 229.01
Sample ID: 521647
End_Sample_ID: 521661
Wire out: 
Wire Angle: 
Net Clogging: 
Wind Direction: 
Wind Speed (nm): 
Sky (condition): 
Swell Direction: 
Swell Height (M): 
Sea (Condition): 
Depth: 
Author: Patrick Upson
IMEI_No: 
WMO_No: 
S/N: 
Name: 
Comment: 
Time|Position: 2025-10-03 | 043423.0048 | 42 16.29055 N | 65 52.17198 W
Cruise: JC28302
PI: Lindsay Beazley
Protocol: AZMP
Platform: RRS James Cook
Revisions: 
Mooring Number: 
Number of RCMs: 
Number of MicroCATs: 
Number of Temperature Recorders: 
Number of Amars: 
Attachment: 
Encoding: plain
========================================

$@MID@$: 156
Date: Fri, 03 Oct 2025 05:00:19 +0000
In reply to: 155
Event: 052
Station: NEC_04
Instrument: CTD
Attached: pH | SBE35 | SUNA
Number_of_Bottles: 
Flowmeter S/N: 
Flowmeter Start: 
Flowmeter End: 
Action: Recovered
Sounding: 229.35
Sample ID: 521647
End_Sample_ID: 521661
Wire out: 
Wire Angle: 
Net Clogging: 
Wind Direction: 
Wind Speed (nm): 
Sky (condition): 
Swell Direction: 
Swell Height (M): 
Sea (Condition): 
Depth: 
Author: Patrick Upson
IMEI_No: 
WMO_No: 
S/N: 
Name: 
Comment: Bottle 6 didn't seal completely and is leaking. accidently marked this as event 53 on deployed CTD. Fixed file names and header to event 52.
Time|Position: 2025-10-03 | 050019.0023 | 42 16.29078 N | 65 52.17235 W
Cruise: JC28302
PI: Lindsay Beazley
Protocol: AZMP
Platform: RRS James Cook
Revisions: 03/Oct/2025 09:23:23
Mooring Number: 
Number of RCMs: 
Number of MicroCATs: 
Number of Temperature Recorders: 
Number of Amars: 
Attachment: 
Encoding: plain
========================================

$@MID@$: 157
Date: Fri, 03 Oct 2025 05:11:05 +0000
Reply to: 158, 159
Event: 053
Station: NEC_04
Instrument: RingNet
Attached: 202um | Flowmeter
Number_of_Bottles: 
Flowmeter S/N: 
Flowmeter Start: 81434
Flowmeter End: 
Action: Deployed
Sounding: 229.19
Sample ID: 521662
End_Sample_ID: 
Wire out: 219
Wire Angle: 
Net Clogging: 
Wind Direction: 
Wind Speed (nm): 
Sky (condition): 
Swell Direction: 
Swell Height (M): 
Sea (Condition): 
Depth: 
Author: Catherine Johnson
IMEI_No: 
WMO_No: 
S/N: 
Name: 
Comment: 
Time|Position: 2025-10-03 | 051105.0005 | 42 16.29073 N | 65 52.17160 W
Cruise: JC28302
PI: Lindsay Beazley
Protocol: AZMP
Platform: RRS James Cook
Revisions: 
Mooring Number: 
Number of RCMs: 
Number of MicroCATs: 
Number of Temperature Recorders: 
Number of Amars: 
Attachment: 
Encoding: plain
========================================

$@MID@$: 158
Date: Fri, 03 Oct 2025 05:19:38 +0000
In reply to: 157
Event: 053
Station: NEC_04
Instrument: RingNet
Attached: 202um | Flowmeter
Number_of_Bottles: 
Flowmeter S/N: 
Flowmeter Start: 81434
Flowmeter End: 
Action: Deployed
Sounding: 229.27
Sample ID: 521662
End_Sample_ID: 
Wire out: 219
Wire Angle: 
Net Clogging: 
Wind Direction: 
Wind Speed (nm): 
Sky (condition): 
Swell Direction: 
Swell Height (M): 
Sea (Condition): 
Depth: 
Author: Catherine Johnson
IMEI_No: 
WMO_No: 
S/N: 
Name: 
Comment: 
Time|Position: 2025-10-03 | 051938.0035 | 42 16.25839 N | 65 52.19163 W
Cruise: JC28302
PI: Lindsay Beazley
Protocol: AZMP
Platform: RRS James Cook
Revisions: 
Mooring Number: 
Number of RCMs: 
Number of MicroCATs: 
Number of Temperature Recorders: 
Number of Amars: 
Attachment: 
Encoding: plain
========================================

$@MID@$: 159
Date: Fri, 03 Oct 2025 05:19:40 +0000
Reply to: 160
In reply to: 157
Event: 053
Station: NEC_04
Instrument: RingNet
Attached: 202um | Flowmeter
Number_of_Bottles: 
Flowmeter S/N: 
Flowmeter Start: 81434
Flowmeter End: 
Action: Bottom
Sounding: 229.27
Sample ID: 521662
End_Sample_ID: 
Wire out: 219
Wire Angle: 
Net Clogging: 
Wind Direction: 
Wind Speed (nm): 
Sky (condition): 
Swell Direction: 
Swell Height (M): 
Sea (Condition): 
Depth: 
Author: Catherine Johnson
IMEI_No: 
WMO_No: 
S/N: 
Name: 
Comment: 
Time|Position: 2025-10-03 | 051940.0015 | 42 16.25810 N | 65 52.19208 W
Cruise: JC28302
PI: Lindsay Beazley
Protocol: AZMP
Platform: RRS James Cook
Revisions: 03/Oct/2025 05:46:42
Mooring Number: 
Number of RCMs: 
Number of MicroCATs: 
Number of Temperature Recorders: 
Number of Amars: 
Attachment: 
Encoding: plain
========================================

$@MID@$: 160
Date: Fri, 03 Oct 2025 05:26:16 +0000
In reply to: 159
Event: 053
Station: NEC_04
Instrument: RingNet
Attached: 202um | Flowmeter
Number_of_Bottles: 
Flowmeter S/N: 
Flowmeter Start: 81434
Flowmeter End: 82194
Action: Recovered
Sounding: 229.51
Sample ID: 521662
End_Sample_ID: 
Wire out: 219
Wire Angle: 5
Net Clogging: 
Wind Direction: 
Wind Speed (nm): 
Sky (condition): 
Swell Direction: 
Swell Height (M): 
Sea (Condition): 
Depth: 
Author: Catherine Johnson
IMEI_No: 
WMO_No: 
S/N: 
Name: 
Comment: 
Time|Position: 2025-10-03 | 052616.0044 | 42 16.21778 N | 65 52.21727 W
Cruise: JC28302
PI: Lindsay Beazley
Protocol: AZMP
Platform: RRS James Cook
Revisions: 
Mooring Number: 
Number of RCMs: 
Number of MicroCATs: 
Number of Temperature Recorders: 
Number of Amars: 
Attachment: 
Encoding: plain
========================================

$@MID@$: 161
Date: Fri, 03 Oct 2025 06:08:27 +0000
Reply to: 162
Event: 054
Station: NEC_05
Instrument: CTD
Attached: pH | SBE35 | SUNA
Number_of_Bottles: 
Flowmeter S/N: 
Flowmeter Start: 
Flowmeter End: 
Action: Deployed
Sounding: 239.14
Sample ID: 521663
End_Sample_ID: 521684
Wire out: 
Wire Angle: 
Net Clogging: 
Wind Direction: 
Wind Speed (nm): 
Sky (condition): 
Swell Direction: 
Swell Height (M): 
Sea (Condition): 
Depth: 
Author: Patrick Upson
IMEI_No: 
WMO_No: 
S/N: 
Name: 
Comment: 
Time|Position: 2025-10-03 | 060827.0033 | 42 13.99671 N | 65 54.15208 W
Cruise: JC28302
PI: Lindsay Beazley
Protocol: AZMP
Platform: RRS James Cook
Revisions: 
Mooring Number: 
Number of RCMs: 
Number of MicroCATs: 
Number of Temperature Recorders: 
Number of Amars: 
Attachment: 
Encoding: plain
========================================

$@MID@$: 162
Date: Fri, 03 Oct 2025 06:21:44 +0000
Reply to: 163
In reply to: 161
Event: 054
Station: NEC_05
Instrument: CTD
Attached: pH | SBE35 | SUNA
Number_of_Bottles: 
Flowmeter S/N: 
Flowmeter Start: 
Flowmeter End: 
Action: Bottom
Sounding: 238.79
Sample ID: 521663
End_Sample_ID: 521684
Wire out: 
Wire Angle: 
Net Clogging: 
Wind Direction: 
Wind Speed (nm): 
Sky (condition): 
Swell Direction: 
Swell Height (M): 
Sea (Condition): 
Depth: 
Author: Patrick Upson
IMEI_No: 
WMO_No: 
S/N: 
Name: 
Comment: 
Time|Position: 2025-10-03 | 062144.0036 | 42 13.99745 N | 65 54.15239 W
Cruise: JC28302
PI: Lindsay Beazley
Protocol: AZMP
Platform: RRS James Cook
Revisions: 
Mooring Number: 
Number of RCMs: 
Number of MicroCATs: 
Number of Temperature Recorders: 
Number of Amars: 
Attachment: 
Encoding: plain
========================================

$@MID@$: 163
Date: Fri, 03 Oct 2025 06:48:25 +0000
In reply to: 162
Event: 054
Station: NEC_05
Instrument: CTD
Attached: pH | SBE35 | SUNA
Number_of_Bottles: 
Flowmeter S/N: 
Flowmeter Start: 
Flowmeter End: 
Action: Recovered
Sounding: 239.11
Sample ID: 521663
End_Sample_ID: 521684
Wire out: 
Wire Angle: 
Net Clogging: 
Wind Direction: 
Wind Speed (nm): 
Sky (condition): 
Swell Direction: 
Swell Height (M): 
Sea (Condition): 
Depth: 
Author: Patrick Upson
IMEI_No: 
WMO_No: 
S/N: 
Name: 
Comment: 
Time|Position: 2025-10-03 | 064825.0025 | 42 13.99740 N | 65 54.15251 W
Cruise: JC28302
PI: Lindsay Beazley
Protocol: AZMP
Platform: RRS James Cook
Revisions: 
Mooring Number: 
Number of RCMs: 
Number of MicroCATs: 
Number of Temperature Recorders: 
Number of Amars: 
Attachment: 
Encoding: plain
========================================

$@MID@$: 164
Date: Fri, 03 Oct 2025 07:41:49 +0000
Reply to: 165
Event: 055
Station: NEC_06
Instrument: CTD
Attached: pH | SBE35 | SUNA
Number_of_Bottles: 
Flowmeter S/N: 
Flowmeter Start: 
Flowmeter End: 
Action: Deployed
Sounding: 229.05
Sample ID: 521685
End_Sample_ID: 521699
Wire out: 
Wire Angle: 
Net Clogging: 
Wind Direction: 
Wind Speed (nm): 
Sky (condition): 
Swell Direction: 
Swell Height (M): 
Sea (Condition): 
Depth: 
Author: Patrick Upson
IMEI_No: 
WMO_No: 
S/N: 
Name: 
Comment: 
Time|Position: 2025-10-03 | 074149.0033 | 42 11.99954 N | 65 56.29834 W
Cruise: JC28302
PI: Lindsay Beazley
Protocol: AZMP
Platform: RRS James Cook
Revisions: 
Mooring Number: 
Number of RCMs: 
Number of MicroCATs: 
Number of Temperature Recorders: 
Number of Amars: 
Attachment: 
Encoding: plain
========================================

$@MID@$: 165
Date: Fri, 03 Oct 2025 07:54:56 +0000
Reply to: 166
In reply to: 164
Event: 055
Station: NEC_06
Instrument: CTD
Attached: pH | SBE35 | SUNA
Number_of_Bottles: 
Flowmeter S/N: 
Flowmeter Start: 
Flowmeter End: 
Action: Bottom
Sounding: 229.25
Sample ID: 521685
End_Sample_ID: 521699
Wire out: 
Wire Angle: 
Net Clogging: 
Wind Direction: 
Wind Speed (nm): 
Sky (condition): 
Swell Direction: 
Swell Height (M): 
Sea (Condition): 
Depth: 
Author: Patrick Upson
IMEI_No: 
WMO_No: 
S/N: 
Name: 
Comment: 
Time|Position: 2025-10-03 | 075456.0033 | 42 12.00026 N | 65 56.29950 W
Cruise: JC28302
PI: Lindsay Beazley
Protocol: AZMP
Platform: RRS James Cook
Revisions: 
Mooring Number: 
Number of RCMs: 
Number of MicroCATs: 
Number of Temperature Recorders: 
Number of Amars: 
Attachment: 
Encoding: plain
========================================

$@MID@$: 166
Date: Fri, 03 Oct 2025 08:23:52 +0000
In reply to: 165
Event: 055
Station: NEC_06
Instrument: CTD
Attached: pH | SBE35 | SUNA
Number_of_Bottles: 
Flowmeter S/N: 
Flowmeter Start: 
Flowmeter End: 
Action: Recovered
Sounding: 236.44
Sample ID: 521685
End_Sample_ID: 521699
Wire out: 
Wire Angle: 
Net Clogging: 
Wind Direction: 
Wind Speed (nm): 
Sky (condition): 
Swell Direction: 
Swell Height (M): 
Sea (Condition): 
Depth: 
Author: Patrick Upson
IMEI_No: 
WMO_No: 
S/N: 
Name: 
Comment: 
Time|Position: 2025-10-03 | 082352.0048 | 42 11.99957 N | 65 56.29895 W
Cruise: JC28302
PI: Lindsay Beazley
Protocol: AZMP
Platform: RRS James Cook
Revisions: 
Mooring Number: 
Number of RCMs: 
Number of MicroCATs: 
Number of Temperature Recorders: 
Number of Amars: 
Attachment: 
Encoding: plain
========================================

$@MID@$: 167
Date: Fri, 03 Oct 2025 08:35:34 +0000
Reply to: 168
Event: 056
Station: NEC_06
Instrument: RingNet
Attached: 202um | Flowmeter
Number_of_Bottles: 
Flowmeter S/N: 
Flowmeter Start: 82195
Flowmeter End: 
Action: Deployed
Sounding: 229.04
Sample ID: 521700
End_Sample_ID: 
Wire out: 219
Wire Angle: 
Net Clogging: 
Wind Direction: 
Wind Speed (nm): 
Sky (condition): 
Swell Direction: 
Swell Height (M): 
Sea (Condition): 
Depth: 
Author: Catherine Johnson
IMEI_No: 
WMO_No: 
S/N: 
Name: 
Comment: 
Time|Position: 2025-10-03 | 083534.0030 | 42 12.00024 N | 65 56.29818 W
Cruise: JC28302
PI: Lindsay Beazley
Protocol: AZMP
Platform: RRS James Cook
Revisions: 
Mooring Number: 
Number of RCMs: 
Number of MicroCATs: 
Number of Temperature Recorders: 
Number of Amars: 
Attachment: 
Encoding: plain
========================================

$@MID@$: 168
Date: Fri, 03 Oct 2025 08:41:42 +0000
Reply to: 169
In reply to: 167
Event: 056
Station: NEC_06
Instrument: RingNet
Attached: 202um | Flowmeter
Number_of_Bottles: 
Flowmeter S/N: 
Flowmeter Start: 82195
Flowmeter End: 
Action: Bottom
Sounding: 229.03
Sample ID: 521700
End_Sample_ID: 
Wire out: 219
Wire Angle: 
Net Clogging: 
Wind Direction: 
Wind Speed (nm): 
Sky (condition): 
Swell Direction: 
Swell Height (M): 
Sea (Condition): 
Depth: 
Author: Catherine Johnson
IMEI_No: 
WMO_No: 
S/N: 
Name: 
Comment: 
Time|Position: 2025-10-03 | 084142.0029 | 42 12.02945 N | 65 56.34620 W
Cruise: JC28302
PI: Lindsay Beazley
Protocol: AZMP
Platform: RRS James Cook
Revisions: 
Mooring Number: 
Number of RCMs: 
Number of MicroCATs: 
Number of Temperature Recorders: 
Number of Amars: 
Attachment: 
Encoding: plain
========================================

$@MID@$: 169
Date: Fri, 03 Oct 2025 08:48:11 +0000
In reply to: 168
Event: 056
Station: NEC_06
Instrument: RingNet
Attached: 202um | Flowmeter
Number_of_Bottles: 
Flowmeter S/N: 
Flowmeter Start: 82195
Flowmeter End: 82855
Action: Recovered
Sounding: 229.32
Sample ID: 521700
End_Sample_ID: 
Wire out: 219
Wire Angle: 5
Net Clogging: 
Wind Direction: 
Wind Speed (nm): 
Sky (condition): 
Swell Direction: 
Swell Height (M): 
Sea (Condition): 
Depth: 
Author: Catherine Johnson
IMEI_No: 
WMO_No: 
S/N: 
Name: 
Comment: 2 sample bottles 
Time|Position: 2025-10-03 | 084811.0022 | 42 12.07379 N | 65 56.40543 W
Cruise: JC28302
PI: Lindsay Beazley
Protocol: AZMP
Platform: RRS James Cook
Revisions: 03/Oct/2025 09:23:13
Mooring Number: 
Number of RCMs: 
Number of MicroCATs: 
Number of Temperature Recorders: 
Number of Amars: 
Attachment: 
Encoding: plain
========================================

