$@MID@$: 646
Date: Sun, 19 Oct 2025 00:05:19 +0000
Reply to: 647
Event: 213
Station: STAB_02
Instrument: CTD
Attached: pH | SUNA
Number_of_Bottles: 
Flowmeter S/N: 
Flowmeter Start: 
Flowmeter End: 
Action: Deployed
Sounding: 52.97
Sample ID: 522688
End_Sample_ID: 522696
Wire out: 
Wire Angle: 
Net Clogging: 
Wind Direction: 
Wind Speed (nm): 
Sky (condition): 
Swell Direction: 
Swell Height (M): 
Sea (Condition): 
Depth: 
Author: Katie Warman
IMEI_No: 
WMO_No: 
S/N: 
Name: 
Comment: 
Time|Position: 2025-10-19 | 000519.0022 | 46 06.48869 N | 59 21.85263 W
Cruise: JC28302
PI: Lindsay Beazley
Protocol: AZMP
Platform: RRS James Cook
Revisions: 19/Oct/2025 07:30:32
Mooring Number: 
Number of RCMs: 
Number of MicroCATs: 
Number of Temperature Recorders: 
Number of Amars: 
Attachment: 
Encoding: plain
========================================

$@MID@$: 647
Date: Sun, 19 Oct 2025 00:17:13 +0000
Reply to: 648
In reply to: 646
Event: 213
Station: STAB_02
Instrument: CTD
Attached: pH | SUNA
Number_of_Bottles: 
Flowmeter S/N: 
Flowmeter Start: 
Flowmeter End: 
Action: Bottom
Sounding: 67.75
Sample ID: 522688
End_Sample_ID: 522696
Wire out: 
Wire Angle: 
Net Clogging: 
Wind Direction: 
Wind Speed (nm): 
Sky (condition): 
Swell Direction: 
Swell Height (M): 
Sea (Condition): 
Depth: 
Author: Katie Warman
IMEI_No: 
WMO_No: 
S/N: 
Name: 
Comment: 
Time|Position: 2025-10-19 | 001713.0030 | 46 06.48986 N | 59 21.85551 W
Cruise: JC28302
PI: Lindsay Beazley
Protocol: AZMP
Platform: RRS James Cook
Revisions: 19/Oct/2025 07:30:43
Mooring Number: 
Number of RCMs: 
Number of MicroCATs: 
Number of Temperature Recorders: 
Number of Amars: 
Attachment: 
Encoding: plain
========================================

$@MID@$: 648
Date: Sun, 19 Oct 2025 00:30:32 +0000
In reply to: 647
Event: 213
Station: STAB_02
Instrument: CTD
Attached: pH | SUNA
Number_of_Bottles: 
Flowmeter S/N: 
Flowmeter Start: 
Flowmeter End: 
Action: Recovered
Sounding: 68.46
Sample ID: 522688
End_Sample_ID: 522696
Wire out: 
Wire Angle: 
Net Clogging: 
Wind Direction: 
Wind Speed (nm): 
Sky (condition): 
Swell Direction: 
Swell Height (M): 
Sea (Condition): 
Depth: 
Author: Katie Warman
IMEI_No: 
WMO_No: 
S/N: 
Name: 
Comment: 
Time|Position: 2025-10-19 | 003032.0002 | 46 06.49033 N | 59 21.85250 W
Cruise: JC28302
PI: Lindsay Beazley
Protocol: AZMP
Platform: RRS James Cook
Revisions: 19/Oct/2025 07:30:57
Mooring Number: 
Number of RCMs: 
Number of MicroCATs: 
Number of Temperature Recorders: 
Number of Amars: 
Attachment: 
Encoding: plain
========================================

$@MID@$: 649
Date: Sun, 19 Oct 2025 00:44:52 +0000
Reply to: 650
Event: 214
Station: STAB_02
Instrument: RingNet
Attached: 202um | Flowmeter
Number_of_Bottles: 
Flowmeter S/N: 
Flowmeter Start: 38994
Flowmeter End: 
Action: Deployed
Sounding: 68.08
Sample ID: 522697
End_Sample_ID: 
Wire out: 
Wire Angle: 
Net Clogging: 
Wind Direction: 
Wind Speed (nm): 
Sky (condition): 
Swell Direction: 
Swell Height (M): 
Sea (Condition): 
Depth: 
Author: Emmanuel Devred
IMEI_No: 
WMO_No: 
S/N: 
Name: 
Comment: 
Time|Position: 2025-10-19 | 004452.0023 | 46 06.48933 N | 59 21.85195 W
Cruise: JC28302
PI: Lindsay Beazley
Protocol: AZMP
Platform: RRS James Cook
Revisions: 
Mooring Number: 
Number of RCMs: 
Number of MicroCATs: 
Number of Temperature Recorders: 
Number of Amars: 
Attachment: 
Encoding: plain
========================================

$@MID@$: 650
Date: Sun, 19 Oct 2025 00:46:53 +0000
Reply to: 651
In reply to: 649
Event: 214
Station: STAB_02
Instrument: RingNet
Attached: 202um | Flowmeter
Number_of_Bottles: 
Flowmeter S/N: 
Flowmeter Start: 38994
Flowmeter End: 
Action: Bottom
Sounding: 68.30
Sample ID: 522697
End_Sample_ID: 
Wire out: 57
Wire Angle: 
Net Clogging: 
Wind Direction: 
Wind Speed (nm): 
Sky (condition): 
Swell Direction: 
Swell Height (M): 
Sea (Condition): 
Depth: 
Author: Emmanuel Devred
IMEI_No: 
WMO_No: 
S/N: 
Name: 
Comment: 
Time|Position: 2025-10-19 | 004652.0047 | 46 06.48933 N | 59 21.85340 W
Cruise: JC28302
PI: Lindsay Beazley
Protocol: AZMP
Platform: RRS James Cook
Revisions: 
Mooring Number: 
Number of RCMs: 
Number of MicroCATs: 
Number of Temperature Recorders: 
Number of Amars: 
Attachment: 
Encoding: plain
========================================

$@MID@$: 651
Date: Sun, 19 Oct 2025 00:48:00 +0000
In reply to: 650
Event: 214
Station: STAB_02
Instrument: RingNet
Attached: 202um | Flowmeter
Number_of_Bottles: 
Flowmeter S/N: 
Flowmeter Start: 38994
Flowmeter End: 39220
Action: Recovered
Sounding: 67.92
Sample ID: 522697
End_Sample_ID: 
Wire out: 57
Wire Angle: 5
Net Clogging: 
Wind Direction: 
Wind Speed (nm): 
Sky (condition): 
Swell Direction: 
Swell Height (M): 
Sea (Condition): 
Depth: 
Author: Emmanuel Devred
IMEI_No: 
WMO_No: 
S/N: 
Name: 
Comment: 
Time|Position: 2025-10-19 | 004800.0031 | 46 06.49002 N | 59 21.85230 W
Cruise: JC28302
PI: Lindsay Beazley
Protocol: AZMP
Platform: RRS James Cook
Revisions: 19/Oct/2025 01:16:58
Mooring Number: 
Number of RCMs: 
Number of MicroCATs: 
Number of Temperature Recorders: 
Number of Amars: 
Attachment: 
Encoding: plain
========================================

$@MID@$: 652
Date: Sun, 19 Oct 2025 02:11:38 +0000
Reply to: 653
Event: 215
Station: STAB_03
Instrument: CTD
Attached: pH | SUNA
Number_of_Bottles: 
Flowmeter S/N: 
Flowmeter Start: 
Flowmeter End: 
Action: Deployed
Sounding: 90.21
Sample ID: 522698
End_Sample_ID: 522710
Wire out: 
Wire Angle: 
Net Clogging: 
Wind Direction: 
Wind Speed (nm): 
Sky (condition): 
Swell Direction: 
Swell Height (M): 
Sea (Condition): 
Depth: 
Author: Katie Warman
IMEI_No: 
WMO_No: 
S/N: 
Name: 
Comment: 
Time|Position: 2025-10-19 | 021138.0027 | 46 12.90862 N | 59 11.65877 W
Cruise: JC28302
PI: Lindsay Beazley
Protocol: AZMP
Platform: RRS James Cook
Revisions: 
Mooring Number: 
Number of RCMs: 
Number of MicroCATs: 
Number of Temperature Recorders: 
Number of Amars: 
Attachment: 
Encoding: plain
========================================

$@MID@$: 653
Date: Sun, 19 Oct 2025 02:25:19 +0000
Reply to: 654
In reply to: 652
Event: 215
Station: STAB_03
Instrument: CTD
Attached: pH | SUNA
Number_of_Bottles: 
Flowmeter S/N: 
Flowmeter Start: 
Flowmeter End: 
Action: Bottom
Sounding: 96.79
Sample ID: 522698
End_Sample_ID: 522710
Wire out: 
Wire Angle: 
Net Clogging: 
Wind Direction: 
Wind Speed (nm): 
Sky (condition): 
Swell Direction: 
Swell Height (M): 
Sea (Condition): 
Depth: 
Author: Katie Warman
IMEI_No: 
WMO_No: 
S/N: 
Name: 
Comment: 
Time|Position: 2025-10-19 | 022519.0032 | 46 12.90849 N | 59 11.65891 W
Cruise: JC28302
PI: Lindsay Beazley
Protocol: AZMP
Platform: RRS James Cook
Revisions: 
Mooring Number: 
Number of RCMs: 
Number of MicroCATs: 
Number of Temperature Recorders: 
Number of Amars: 
Attachment: 
Encoding: plain
========================================

$@MID@$: 654
Date: Sun, 19 Oct 2025 02:42:19 +0000
In reply to: 653
Event: 215
Station: STAB_03
Instrument: CTD
Attached: pH | SUNA
Number_of_Bottles: 
Flowmeter S/N: 
Flowmeter Start: 
Flowmeter End: 
Action: Recovered
Sounding: 96.63
Sample ID: 522698
End_Sample_ID: 522710
Wire out: 
Wire Angle: 
Net Clogging: 
Wind Direction: 
Wind Speed (nm): 
Sky (condition): 
Swell Direction: 
Swell Height (M): 
Sea (Condition): 
Depth: 
Author: Katie Warman
IMEI_No: 
WMO_No: 
S/N: 
Name: 
Comment: 
Time|Position: 2025-10-19 | 024219.0035 | 46 12.90869 N | 59 11.65928 W
Cruise: JC28302
PI: Lindsay Beazley
Protocol: AZMP
Platform: RRS James Cook
Revisions: 
Mooring Number: 
Number of RCMs: 
Number of MicroCATs: 
Number of Temperature Recorders: 
Number of Amars: 
Attachment: 
Encoding: plain
========================================

$@MID@$: 655
Date: Sun, 19 Oct 2025 02:54:28 +0000
Reply to: 656
Event: 216
Station: STAB_03
Instrument: RingNet
Attached: 202um | Flowmeter
Number_of_Bottles: 
Flowmeter S/N: 
Flowmeter Start: 39220
Flowmeter End: 
Action: Deployed
Sounding: 97.02
Sample ID: 522711
End_Sample_ID: 
Wire out: 
Wire Angle: 
Net Clogging: 
Wind Direction: 
Wind Speed (nm): 
Sky (condition): 
Swell Direction: 
Swell Height (M): 
Sea (Condition): 
Depth: 
Author: Catherine Johnson
IMEI_No: 
WMO_No: 
S/N: 
Name: 
Comment: 
Time|Position: 2025-10-19 | 025428.0040 | 46 12.90843 N | 59 11.65902 W
Cruise: JC28302
PI: Lindsay Beazley
Protocol: AZMP
Platform: RRS James Cook
Revisions: 
Mooring Number: 
Number of RCMs: 
Number of MicroCATs: 
Number of Temperature Recorders: 
Number of Amars: 
Attachment: 
Encoding: plain
========================================

$@MID@$: 656
Date: Sun, 19 Oct 2025 02:57:48 +0000
Reply to: 657
In reply to: 655
Event: 216
Station: STAB_03
Instrument: RingNet
Attached: 202um | Flowmeter
Number_of_Bottles: 
Flowmeter S/N: 
Flowmeter Start: 39220
Flowmeter End: 
Action: Bottom
Sounding: 96.57
Sample ID: 522711
End_Sample_ID: 
Wire out: 
Wire Angle: 
Net Clogging: 
Wind Direction: 
Wind Speed (nm): 
Sky (condition): 
Swell Direction: 
Swell Height (M): 
Sea (Condition): 
Depth: 
Author: Catherine Johnson
IMEI_No: 
WMO_No: 
S/N: 
Name: 
Comment: 
Time|Position: 2025-10-19 | 025748.0031 | 46 12.91089 N | 59 11.64438 W
Cruise: JC28302
PI: Lindsay Beazley
Protocol: AZMP
Platform: RRS James Cook
Revisions: 
Mooring Number: 
Number of RCMs: 
Number of MicroCATs: 
Number of Temperature Recorders: 
Number of Amars: 
Attachment: 
Encoding: plain
========================================

$@MID@$: 657
Date: Sun, 19 Oct 2025 03:01:44 +0000
In reply to: 656
Event: 216
Station: STAB_03
Instrument: RingNet
Attached: 202um | Flowmeter
Number_of_Bottles: 
Flowmeter S/N: 
Flowmeter Start: 39220
Flowmeter End: 39532
Action: Recovered
Sounding: 97.30
Sample ID: 522711
End_Sample_ID: 
Wire out: 87
Wire Angle: 5
Net Clogging: 
Wind Direction: 
Wind Speed (nm): 
Sky (condition): 
Swell Direction: 
Swell Height (M): 
Sea (Condition): 
Depth: 
Author: Catherine Johnson
IMEI_No: 
WMO_No: 
S/N: 
Name: 
Comment: 
Time|Position: 2025-10-19 | 030144.0019 | 46 12.91370 N | 59 11.62484 W
Cruise: JC28302
PI: Lindsay Beazley
Protocol: AZMP
Platform: RRS James Cook
Revisions: 19/Oct/2025 03:11:27
Mooring Number: 
Number of RCMs: 
Number of MicroCATs: 
Number of Temperature Recorders: 
Number of Amars: 
Attachment: 
Encoding: plain
========================================

$@MID@$: 658
Date: Sun, 19 Oct 2025 11:07:32 +0000
Reply to: 659
Event: 217
Station: CBN
Instrument: Recover Mooring
Attached: MicroCAT | AMAR
Number_of_Bottles: 
Flowmeter S/N: 
Flowmeter Start: 
Flowmeter End: 
Action: Attempt Comms
Sounding: 180.53
Sample ID: 
End_Sample_ID: 
Wire out: 
Wire Angle: 
Net Clogging: 
Wind Direction: 
Wind Speed (nm): 
Sky (condition): 
Swell Direction: 
Swell Height (M): 
Sea (Condition): 
Depth: 
Author: Patrick Upson
IMEI_No: 
WMO_No: 
S/N: 
Name: 
Comment: 
Time|Position: 2025-10-19 | 110732.0036 | 47 09.66618 N | 60 23.76596 W
Cruise: JC28302
PI: Lindsay Beazley
Protocol: AZMP
Platform: RRS James Cook
Revisions: 
Mooring Number: 2301
Number of RCMs: 0
Number of MicroCATs: 1
Number of Temperature Recorders: 0
Number of Amars: 1
Attachment: 
Encoding: plain
========================================

$@MID@$: 659
Date: Sun, 19 Oct 2025 11:10:59 +0000
Reply to: 660
In reply to: 658
Event: 217
Station: CBN
Instrument: Recover Mooring
Attached: MicroCAT | AMAR
Number_of_Bottles: 
Flowmeter S/N: 
Flowmeter Start: 
Flowmeter End: 
Action: Release
Sounding: NA
Sample ID: 
End_Sample_ID: 
Wire out: 
Wire Angle: 
Net Clogging: 
Wind Direction: 
Wind Speed (nm): 
Sky (condition): 
Swell Direction: 
Swell Height (M): 
Sea (Condition): 
Depth: 
Author: Patrick Upson
IMEI_No: 
WMO_No: 
S/N: 
Name: 
Comment: 
Time|Position: 2025-10-19 | 111059.0010 | 47 09.65127 N | 60 23.76803 W
Cruise: JC28302
PI: Lindsay Beazley
Protocol: AZMP
Platform: RRS James Cook
Revisions: 
Mooring Number: 2301
Number of RCMs: 0
Number of MicroCATs: 1
Number of Temperature Recorders: 0
Number of Amars: 1
Attachment: 
Encoding: plain
========================================

$@MID@$: 660
Date: Sun, 19 Oct 2025 11:33:41 +0000
In reply to: 659
Event: 217
Station: CBN
Instrument: Recover Mooring
Attached: MicroCAT | AMAR
Number_of_Bottles: 
Flowmeter S/N: 
Flowmeter Start: 
Flowmeter End: 
Action: On Deck
Sounding: NA
Sample ID: 
End_Sample_ID: 
Wire out: 
Wire Angle: 
Net Clogging: 
Wind Direction: 
Wind Speed (nm): 
Sky (condition): 
Swell Direction: 
Swell Height (M): 
Sea (Condition): 
Depth: 
Author: Patrick Upson
IMEI_No: 
WMO_No: 
S/N: 
Name: 
Comment: 
Time|Position: 2025-10-19 | 113340.0043 | 47 09.57520 N | 60 23.50778 W
Cruise: JC28302
PI: Lindsay Beazley
Protocol: AZMP
Platform: RRS James Cook
Revisions: 
Mooring Number: 2301
Number of RCMs: 0
Number of MicroCATs: 1
Number of Temperature Recorders: 0
Number of Amars: 1
Attachment: 
Encoding: plain
========================================

$@MID@$: 661
Date: Sun, 19 Oct 2025 13:16:05 +0000
Reply to: 662
Event: 218
Station: CSW
Instrument: Recover Mooring
Attached: ADCP | MicroCAT
Number_of_Bottles: 
Flowmeter S/N: 
Flowmeter Start: 
Flowmeter End: 
Action: Attempt Comms
Sounding: 121
Sample ID: 
End_Sample_ID: 
Wire out: 
Wire Angle: 
Net Clogging: 
Wind Direction: 
Wind Speed (nm): 
Sky (condition): 
Swell Direction: 
Swell Height (M): 
Sea (Condition): 
Depth: 
Author: Patrick Upson
IMEI_No: 
WMO_No: 
S/N: 
Name: 
Comment: 
Time|Position: 2025-10-19 | 131605.0003 | 47 22.59398 N | 60 18.20072 W
Cruise: JC28302
PI: Lindsay Beazley
Protocol: AZMP
Platform: RRS James Cook
Revisions: 
Mooring Number: 2302
Number of RCMs: 0
Number of MicroCATs: 1
Number of Temperature Recorders: 0
Number of Amars: 1
Attachment: 
Encoding: plain
========================================

$@MID@$: 662
Date: Sun, 19 Oct 2025 13:22:34 +0000
Reply to: 663
In reply to: 661
Event: 218
Station: CSW
Instrument: Recover Mooring
Attached: ADCP | MicroCAT
Number_of_Bottles: 
Flowmeter S/N: 
Flowmeter Start: 
Flowmeter End: 
Action: Release
Sounding: 121
Sample ID: 
End_Sample_ID: 
Wire out: 
Wire Angle: 
Net Clogging: 
Wind Direction: 
Wind Speed (nm): 
Sky (condition): 
Swell Direction: 
Swell Height (M): 
Sea (Condition): 
Depth: 
Author: Patrick Upson
IMEI_No: 
WMO_No: 
S/N: 
Name: 
Comment: 
Time|Position: 2025-10-19 | 132234.0045 | 47 22.68430 N | 60 18.07248 W
Cruise: JC28302
PI: Lindsay Beazley
Protocol: AZMP
Platform: RRS James Cook
Revisions: 
Mooring Number: 2302
Number of RCMs: 0
Number of MicroCATs: 1
Number of Temperature Recorders: 0
Number of Amars: 1
Attachment: 
Encoding: plain
========================================

$@MID@$: 663
Date: Sun, 19 Oct 2025 13:37:49 +0000
In reply to: 662
Event: 218
Station: CSW
Instrument: Recover Mooring
Attached: ADCP | MicroCAT
Number_of_Bottles: 
Flowmeter S/N: 
Flowmeter Start: 
Flowmeter End: 
Action: On Deck
Sounding: NA
Sample ID: 
End_Sample_ID: 
Wire out: 
Wire Angle: 
Net Clogging: 
Wind Direction: 
Wind Speed (nm): 
Sky (condition): 
Swell Direction: 
Swell Height (M): 
Sea (Condition): 
Depth: 
Author: Patrick Upson
IMEI_No: 
WMO_No: 
S/N: 
Name: 
Comment: 
Time|Position: 2025-10-19 | 133749.0041 | 47 22.72381 N | 60 18.03918 W
Cruise: JC28302
PI: Lindsay Beazley
Protocol: AZMP
Platform: RRS James Cook
Revisions: 
Mooring Number: 2302
Number of RCMs: 0
Number of MicroCATs: 1
Number of Temperature Recorders: 0
Number of Amars: 1
Attachment: 
Encoding: plain
========================================

$@MID@$: 664
Date: Sun, 19 Oct 2025 14:49:46 +0000
Reply to: 665
Event: 219
Station: CS1
Instrument: Recover Mooring
Attached: MicroCAT | AMAR
Number_of_Bottles: 
Flowmeter S/N: 
Flowmeter Start: 
Flowmeter End: 
Action: Attempt Comms
Sounding: 488
Sample ID: 
End_Sample_ID: 
Wire out: 
Wire Angle: 
Net Clogging: 
Wind Direction: 
Wind Speed (nm): 
Sky (condition): 
Swell Direction: 
Swell Height (M): 
Sea (Condition): 
Depth: 
Author: Katie Warman
IMEI_No: 
WMO_No: 
S/N: 
Name: 
Comment: 
Time|Position: 2025-10-19 | 144946.0047 | 47 28.68232 N | 60 04.94931 W
Cruise: JC28302
PI: Lindsay Beazley
Protocol: AZMP
Platform: RRS James Cook
Revisions: 
Mooring Number: M303
Number of RCMs: 0
Number of MicroCATs: 1
Number of Temperature Recorders: 0
Number of Amars: 1
Attachment: 
Encoding: plain
========================================

$@MID@$: 665
Date: Sun, 19 Oct 2025 14:57:57 +0000
Reply to: 666
In reply to: 664
Event: 219
Station: CS1
Instrument: Recover Mooring
Attached: MicroCAT | AMAR
Number_of_Bottles: 
Flowmeter S/N: 
Flowmeter Start: 
Flowmeter End: 
Action: Release
Sounding: NA
Sample ID: 
End_Sample_ID: 
Wire out: 
Wire Angle: 
Net Clogging: 
Wind Direction: 
Wind Speed (nm): 
Sky (condition): 
Swell Direction: 
Swell Height (M): 
Sea (Condition): 
Depth: 
Author: Katie Warman
IMEI_No: 
WMO_No: 
S/N: 
Name: 
Comment: 
Time|Position: 2025-10-19 | 145757.0044 | 47 28.87922 N | 60 04.55941 W
Cruise: JC28302
PI: Lindsay Beazley
Protocol: AZMP
Platform: RRS James Cook
Revisions: 
Mooring Number: M2303
Number of RCMs: 0
Number of MicroCATs: 1
Number of Temperature Recorders: 0
Number of Amars: 1
Attachment: 
Encoding: plain
========================================

$@MID@$: 666
Date: Sun, 19 Oct 2025 15:18:39 +0000
In reply to: 665
Event: 219
Station: CS1
Instrument: Recover Mooring
Attached: MicroCAT | AMAR
Number_of_Bottles: 
Flowmeter S/N: 
Flowmeter Start: 
Flowmeter End: 
Action: On Deck
Sounding: NA
Sample ID: 
End_Sample_ID: 
Wire out: 
Wire Angle: 
Net Clogging: 
Wind Direction: 
Wind Speed (nm): 
Sky (condition): 
Swell Direction: 
Swell Height (M): 
Sea (Condition): 
Depth: 
Author: Katie Warman
IMEI_No: 
WMO_No: 
S/N: 
Name: 
Comment: 
Time|Position: 2025-10-19 | 151539.0047 | 47 28.94722 N | 60 04.47112 W
Cruise: JC28302
PI: Lindsay Beazley
Protocol: AZMP
Platform: RRS James Cook
Revisions: 19/Oct/2025 16:55:36
Mooring Number: M2303
Number of RCMs: 0
Number of MicroCATs: 1
Number of Temperature Recorders: 0
Number of Amars: 1
Attachment: 
Encoding: plain
========================================

$@MID@$: 667
Date: Sun, 19 Oct 2025 16:21:35 +0000
Reply to: 668
Event: 220
Station: CS2
Instrument: Recover Mooring
Attached: MicroCAT | AMAR
Number_of_Bottles: 
Flowmeter S/N: 
Flowmeter Start: 
Flowmeter End: 
Action: Attempt Comms
Sounding: 388.91
Sample ID: 
End_Sample_ID: 
Wire out: 
Wire Angle: 
Net Clogging: 
Wind Direction: 
Wind Speed (nm): 
Sky (condition): 
Swell Direction: 
Swell Height (M): 
Sea (Condition): 
Depth: 
Author: Diana Cardoso
IMEI_No: 
WMO_No: 
S/N: 
Name: 
Comment: 
Time|Position: 2025-10-19 | 162135.0003 | 47 27.95441 N | 59 50.37085 W
Cruise: JC28302
PI: Lindsay Beazley
Protocol: AZMP
Platform: RRS James Cook
Revisions: 
Mooring Number: M2304
Number of RCMs: 0
Number of MicroCATs: 1
Number of Temperature Recorders: 0
Number of Amars: 1
Attachment: 
Encoding: plain
========================================

$@MID@$: 668
Date: Sun, 19 Oct 2025 16:27:33 +0000
Reply to: 669
In reply to: 667
Event: 220
Station: CS2
Instrument: Recover Mooring
Attached: MicroCAT | AMAR
Number_of_Bottles: 
Flowmeter S/N: 
Flowmeter Start: 
Flowmeter End: 
Action: Release
Sounding: NA
Sample ID: 
End_Sample_ID: 
Wire out: 
Wire Angle: 
Net Clogging: 
Wind Direction: 
Wind Speed (nm): 
Sky (condition): 
Swell Direction: 
Swell Height (M): 
Sea (Condition): 
Depth: 
Author: Diana Cardoso
IMEI_No: 
WMO_No: 
S/N: 
Name: 
Comment: communications established, 16:23
Time|Position: 2025-10-19 | 162733.0100 | 47 27.97427 N | 59 50.12729 W
Cruise: JC28302
PI: Lindsay Beazley
Protocol: AZMP
Platform: RRS James Cook
Revisions: 
Mooring Number: M2304
Number of RCMs: 0
Number of MicroCATs: 1
Number of Temperature Recorders: 0
Number of Amars: 1
Attachment: 
Encoding: plain
========================================

$@MID@$: 669
Date: Sun, 19 Oct 2025 16:49:46 +0000
In reply to: 668
Event: 220
Station: CS2
Instrument: Recover Mooring
Attached: MicroCAT | AMAR
Number_of_Bottles: 
Flowmeter S/N: 
Flowmeter Start: 
Flowmeter End: 
Action: On Deck
Sounding: 503.83
Sample ID: 
End_Sample_ID: 
Wire out: 
Wire Angle: 
Net Clogging: 
Wind Direction: 
Wind Speed (nm): 
Sky (condition): 
Swell Direction: 
Swell Height (M): 
Sea (Condition): 
Depth: 
Author: Diana Cardoso
IMEI_No: 
WMO_No: 
S/N: 
Name: 
Comment: 
Time|Position: 2025-10-19 | 164946.0005 | 47 27.94891 N | 59 49.86026 W
Cruise: JC28302
PI: Lindsay Beazley
Protocol: AZMP
Platform: RRS James Cook
Revisions: 
Mooring Number: M2304
Number of RCMs: 0
Number of MicroCATs: 1
Number of Temperature Recorders: 0
Number of Amars: 1
Attachment: 
Encoding: plain
========================================

$@MID@$: 670
Date: Sun, 19 Oct 2025 18:01:31 +0000
Reply to: 671
Event: 221
Station: CS3
Instrument: Recover Mooring
Attached: MicroCAT | AMAR
Number_of_Bottles: 
Flowmeter S/N: 
Flowmeter Start: 
Flowmeter End: 
Action: Attempt Comms
Sounding: 489.65
Sample ID: 
End_Sample_ID: 
Wire out: 
Wire Angle: 
Net Clogging: 
Wind Direction: 
Wind Speed (nm): 
Sky (condition): 
Swell Direction: 
Swell Height (M): 
Sea (Condition): 
Depth: 
Author: Diana Cardoso
IMEI_No: 
WMO_No: 
S/N: 
Name: 
Comment: 489.65  sounding
Time|Position: 2025-10-19 | 180130.0025 | 47 31.12064 N | 59 37.05252 W
Cruise: JC28302
PI: Lindsay Beazley
Protocol: AZMP
Platform: RRS James Cook
Revisions: 
Mooring Number: M2305
Number of RCMs: 0
Number of MicroCATs: 1
Number of Temperature Recorders: 0
Number of Amars: 1
Attachment: 
Encoding: plain
========================================

$@MID@$: 671
Date: Sun, 19 Oct 2025 18:09:27 +0000
Reply to: 672
In reply to: 670
Event: 221
Station: CS3
Instrument: Recover Mooring
Attached: MicroCAT | AMAR
Number_of_Bottles: 
Flowmeter S/N: 
Flowmeter Start: 
Flowmeter End: 
Action: Release
Sounding: NA
Sample ID: 
End_Sample_ID: 
Wire out: 
Wire Angle: 
Net Clogging: 
Wind Direction: 
Wind Speed (nm): 
Sky (condition): 
Swell Direction: 
Swell Height (M): 
Sea (Condition): 
Depth: 
Author: Diana Cardoso
IMEI_No: 
WMO_No: 
S/N: 
Name: 
Comment: 489.65  sounding, communication successful 18:02, 
Time|Position: 2025-10-19 | 180927.0007 | 47 31.29596 N | 59 36.63444 W
Cruise: JC28302
PI: Lindsay Beazley
Protocol: AZMP
Platform: RRS James Cook
Revisions: 
Mooring Number: M2305
Number of RCMs: 0
Number of MicroCATs: 1
Number of Temperature Recorders: 0
Number of Amars: 1
Attachment: 
Encoding: plain
========================================

$@MID@$: 672
Date: Sun, 19 Oct 2025 18:34:21 +0000
In reply to: 671
Event: 221
Station: CS3
Instrument: Recover Mooring
Attached: MicroCAT | AMAR
Number_of_Bottles: 
Flowmeter S/N: 
Flowmeter Start: 
Flowmeter End: 
Action: On Deck
Sounding: NA
Sample ID: 
End_Sample_ID: 
Wire out: 
Wire Angle: 
Net Clogging: 
Wind Direction: 
Wind Speed (nm): 
Sky (condition): 
Swell Direction: 
Swell Height (M): 
Sea (Condition): 
Depth: 
Author: Diana Cardoso
IMEI_No: 
WMO_No: 
S/N: 
Name: 
Comment: 
Time|Position: 2025-10-19 | 183420.0100 | 47 31.42468 N | 59 36.79886 W
Cruise: JC28302
PI: Lindsay Beazley
Protocol: AZMP
Platform: RRS James Cook
Revisions: 
Mooring Number: M2305
Number of RCMs: 0
Number of MicroCATs: 1
Number of Temperature Recorders: 0
Number of Amars: 1
Attachment: 
Encoding: plain
========================================

$@MID@$: 673
Date: Sun, 19 Oct 2025 20:00:50 +0000
Reply to: 674
Event: 222
Station: CSE
Instrument: Recover Mooring
Attached: MicroCAT | AMAR
Number_of_Bottles: 
Flowmeter S/N: 
Flowmeter Start: 
Flowmeter End: 
Action: Attempt Comms
Sounding: NA
Sample ID: 
End_Sample_ID: 
Wire out: 
Wire Angle: 
Net Clogging: 
Wind Direction: 
Wind Speed (nm): 
Sky (condition): 
Swell Direction: 
Swell Height (M): 
Sea (Condition): 
Depth: 
Author: Diana Cardoso
IMEI_No: 
WMO_No: 
S/N: 
Name: 
Comment: 
Time|Position: 2025-10-19 | 195600.0022 | 47 35.85893 N | 59 20.25480 W
Cruise: JC28302
PI: Lindsay Beazley
Protocol: AZMP
Platform: RRS James Cook
Revisions: 19/Oct/2025 20:01:16
Mooring Number: M2306
Number of RCMs: 0
Number of MicroCATs: 1
Number of Temperature Recorders: 0
Number of Amars: 1
Attachment: 
Encoding: plain
========================================

$@MID@$: 674
Date: Sun, 19 Oct 2025 20:16:38 +0000
Reply to: 675
In reply to: 673
Event: 222
Station: CSE
Instrument: Recover Mooring
Attached: MicroCAT | AMAR
Number_of_Bottles: 
Flowmeter S/N: 
Flowmeter Start: 
Flowmeter End: 
Action: Release
Sounding: NA
Sample ID: 
End_Sample_ID: 
Wire out: 
Wire Angle: 
Net Clogging: 
Wind Direction: 
Wind Speed (nm): 
Sky (condition): 
Swell Direction: 
Swell Height (M): 
Sea (Condition): 
Depth: 
Author: Diana Cardoso
IMEI_No: 
WMO_No: 
S/N: 
Name: 
Comment: 239 m sounding,   communications successful 20:01:00
Time|Position: 2025-10-19 | 201637.0046 | 47 35.81821 N | 59 19.69072 W
Cruise: JC28302
PI: Lindsay Beazley
Protocol: AZMP
Platform: RRS James Cook
Revisions: 19/Oct/2025 20:01:16
Mooring Number: M2306
Number of RCMs: 0
Number of MicroCATs: 1
Number of Temperature Recorders: 0
Number of Amars: 1
Attachment: 
Encoding: plain
========================================

$@MID@$: 675
Date: Sun, 19 Oct 2025 20:34:57 +0000
In reply to: 674
Event: 222
Station: CSE
Instrument: Recover Mooring
Attached: MicroCAT | AMAR
Number_of_Bottles: 
Flowmeter S/N: 
Flowmeter Start: 
Flowmeter End: 
Action: On Deck
Sounding: NA
Sample ID: 
End_Sample_ID: 
Wire out: 
Wire Angle: 
Net Clogging: 
Wind Direction: 
Wind Speed (nm): 
Sky (condition): 
Swell Direction: 
Swell Height (M): 
Sea (Condition): 
Depth: 
Author: Diana Cardoso
IMEI_No: 
WMO_No: 
S/N: 
Name: 
Comment: 
Time|Position: 2025-10-19 | 203357.0029 | 47 35.95049 N | 59 19.52448 W
Cruise: JC28302
PI: Lindsay Beazley
Protocol: AZMP
Platform: RRS James Cook
Revisions: 19/Oct/2025 20:35:25
Mooring Number: M2306
Number of RCMs: 0
Number of MicroCATs: 1
Number of Temperature Recorders: 0
Number of Amars: 1
Attachment: 
Encoding: plain
========================================

$@MID@$: 676
Date: Sun, 19 Oct 2025 21:03:44 +0000
Reply to: 677
Event: 223
Station: CSL_06
Instrument: CTD
Attached: pH | SUNA
Number_of_Bottles: 
Flowmeter S/N: 
Flowmeter Start: 
Flowmeter End: 
Action: Deployed
Sounding: 262.71
Sample ID: 522712
End_Sample_ID: 522731
Wire out: 
Wire Angle: 
Net Clogging: 
Wind Direction: 
Wind Speed (nm): 
Sky (condition): 
Swell Direction: 
Swell Height (M): 
Sea (Condition): 
Depth: 
Author: Diana Cardoso
IMEI_No: 
WMO_No: 
S/N: 
Name: 
Comment: 
Time|Position: 2025-10-19 | 210344.0032 | 47 35.05705 N | 59 20.49252 W
Cruise: JC28302
PI: Lindsay Beazley
Protocol: AZMP
Platform: RRS James Cook
Revisions: 19/Oct/2025 23:31:51
Mooring Number: 
Number of RCMs: 
Number of MicroCATs: 
Number of Temperature Recorders: 
Number of Amars: 
Attachment: 
Encoding: plain
========================================

$@MID@$: 677
Date: Sun, 19 Oct 2025 21:37:29 +0000
Reply to: 678
In reply to: 676
Event: 223
Station: CSL_06
Instrument: CTD
Attached: pH | SUNA
Number_of_Bottles: 
Flowmeter S/N: 
Flowmeter Start: 
Flowmeter End: 
Action: Bottom
Sounding: 262.71
Sample ID: 522712
End_Sample_ID: 522731
Wire out: 
Wire Angle: 
Net Clogging: 
Wind Direction: 
Wind Speed (nm): 
Sky (condition): 
Swell Direction: 
Swell Height (M): 
Sea (Condition): 
Depth: 
Author: Diana Cardoso
IMEI_No: 
WMO_No: 
S/N: 
Name: 
Comment: 
Time|Position: 2025-10-19 | 212152.0008 | 47 35.05675 N | 59 20.49373 W
Cruise: JC28302
PI: Lindsay Beazley
Protocol: AZMP
Platform: RRS James Cook
Revisions: 19/Oct/2025 23:55:21
Mooring Number: 
Number of RCMs: 
Number of MicroCATs: 
Number of Temperature Recorders: 
Number of Amars: 
Attachment: 
Encoding: plain
========================================

$@MID@$: 678
Date: Sun, 19 Oct 2025 21:50:53 +0000
In reply to: 677
Event: 223
Station: CSL_06
Instrument: CTD
Attached: pH | SUNA
Number_of_Bottles: 
Flowmeter S/N: 
Flowmeter Start: 
Flowmeter End: 
Action: Recovered
Sounding: 263.20
Sample ID: 522712
End_Sample_ID: 522731
Wire out: 
Wire Angle: 
Net Clogging: 
Wind Direction: 
Wind Speed (nm): 
Sky (condition): 
Swell Direction: 
Swell Height (M): 
Sea (Condition): 
Depth: 
Author: Diana Cardoso
IMEI_No: 
WMO_No: 
S/N: 
Name: 
Comment: 
Time|Position: 2025-10-19 | 215053.0042 | 47 35.05670 N | 59 20.49384 W
Cruise: JC28302
PI: Lindsay Beazley
Protocol: AZMP
Platform: RRS James Cook
Revisions: 
Mooring Number: 
Number of RCMs: 
Number of MicroCATs: 
Number of Temperature Recorders: 
Number of Amars: 
Attachment: 
Encoding: plain
========================================

$@MID@$: 679
Date: Sun, 19 Oct 2025 22:04:46 +0000
Reply to: 680, 682
Event: 224
Station: CSL_06
Instrument: RingNet
Attached: 202um | Flowmeter
Number_of_Bottles: 
Flowmeter S/N: 
Flowmeter Start: 39536
Flowmeter End: 40231
Action: Deployed
Sounding: 262.97
Sample ID: 522732
End_Sample_ID: 
Wire out: 260
Wire Angle: 0
Net Clogging: 
Wind Direction: 
Wind Speed (nm): 
Sky (condition): 
Swell Direction: 
Swell Height (M): 
Sea (Condition): 
Depth: 
Author: Emmanuel Devred
IMEI_No: 
WMO_No: 
S/N: 
Name: 
Comment: 
Time|Position: 2025-10-19 | 220446.0042 | 47 35.05722 N | 59 20.49396 W
Cruise: JC28302
PI: Lindsay Beazley
Protocol: AZMP
Platform: RRS James Cook
Revisions: 19/Oct/2025 22:43:59
Mooring Number: 
Number of RCMs: 
Number of MicroCATs: 
Number of Temperature Recorders: 
Number of Amars: 
Attachment: 
Encoding: plain
========================================

$@MID@$: 680
Date: Sun, 19 Oct 2025 22:13:59 +0000
Reply to: 681
In reply to: 679
Event: 224
Station: CSL_06
Instrument: RingNet
Attached: 202um | Flowmeter
Number_of_Bottles: 
Flowmeter S/N: 
Flowmeter Start: 
Flowmeter End: 39536
Action: Bottom
Sounding: 263.02
Sample ID: 522732
End_Sample_ID: 
Wire out: 260
Wire Angle: 
Net Clogging: 
Wind Direction: 
Wind Speed (nm): 
Sky (condition): 
Swell Direction: 
Swell Height (M): 
Sea (Condition): 
Depth: 
Author: Emmanuel Devred
IMEI_No: 
WMO_No: 
S/N: 
Name: 
Comment: 
Time|Position: 2025-10-19 | 221359.0030 | 47 35.05653 N | 59 20.49346 W
Cruise: JC28302
PI: Lindsay Beazley
Protocol: AZMP
Platform: RRS James Cook
Revisions: 
Mooring Number: 
Number of RCMs: 
Number of MicroCATs: 
Number of Temperature Recorders: 
Number of Amars: 
Attachment: 
Encoding: plain
========================================

$@MID@$: 681
Date: Sun, 19 Oct 2025 22:19:08 +0000
In reply to: 680
Event: 224
Station: CSL_06
Instrument: RingNet
Attached: 202um | Flowmeter
Number_of_Bottles: 
Flowmeter S/N: 
Flowmeter Start: 39536
Flowmeter End: 40231
Action: Recovered
Sounding: 263.16
Sample ID: 522732
End_Sample_ID: 
Wire out: 260
Wire Angle: 0
Net Clogging: 
Wind Direction: 
Wind Speed (nm): 
Sky (condition):
Swell Direction: 
Swell Height (M): 
Sea (Condition): 
Depth: 
Author: Emmanuel Devred
IMEI_No: 
WMO_No: 
S/N: 
Name: 
Comment: 
Time|Position: 2025-10-19 | 221908.0006 | 47 35.05674 N | 59 20.49396 W
Cruise: JC28302
PI: Lindsay Beazley
Protocol: AZMP
Platform: RRS James Cook
Revisions: 19/Oct/2025 22:43:08
Mooring Number: 
Number of RCMs: 
Number of MicroCATs: 
Number of Temperature Recorders: 
Number of Amars: 
Attachment: 
Encoding: plain
========================================

