$@MID@$: 291
Date: Mon, 06 Oct 2025 03:58:50 +0000
Reply to: 292
Event: 094
Station: LH_01
Instrument: MultiNet
Attached: Flowmeter | CTD
Number_of_Bottles: 5
Flowmeter S/N: 
Flowmeter Start: 
Flowmeter End: 
Action: Deployed
Sounding: 235.68
Sample ID: 521901
End_Sample_ID: 521905
Wire out: 232
Wire Angle: 
Net Clogging: 
Wind Direction: 
Wind Speed (nm): 
Sky (condition): 
Swell Direction: 
Swell Height (M): 
Sea (Condition): 
Depth: 
Author: Patrick Upson
IMEI_No: 
WMO_No: 
S/N: 
Name: 
Comment: 
Time|Position: 2025-10-06 | 035850.0020 | 43 41.40512 N | 63 45.57707 W
Cruise: JC28302
PI: Lindsay Beazley
Protocol: AZMP
Platform: RRS James Cook
Revisions: 
Mooring Number: 
Number of RCMs: 
Number of MicroCATs: 
Number of Temperature Recorders: 
Number of Amars: 
Attachment: 
Encoding: plain
========================================

$@MID@$: 292
Date: Mon, 06 Oct 2025 04:06:51 +0000
Reply to: 293
In reply to: 291
Event: 094
Station: LH_01
Instrument: MultiNet
Attached: Flowmeter | CTD
Number_of_Bottles: 5
Flowmeter S/N: 
Flowmeter Start: 
Flowmeter End: 
Action: Bottom
Sounding: 241.86
Sample ID: 521901
End_Sample_ID: 521905
Wire out: 232
Wire Angle: 
Net Clogging: 
Wind Direction: 
Wind Speed (nm): 
Sky (condition): 
Swell Direction: 
Swell Height (M): 
Sea (Condition): 
Depth: 
Author: Patrick Upson
IMEI_No: 
WMO_No: 
S/N: 
Name: 
Comment: 
Time|Position: 2025-10-06 | 040651.0009 | 43 41.40482 N | 63 45.57762 W
Cruise: JC28302
PI: Lindsay Beazley
Protocol: AZMP
Platform: RRS James Cook
Revisions: 
Mooring Number: 
Number of RCMs: 
Number of MicroCATs: 
Number of Temperature Recorders: 
Number of Amars: 
Attachment: 
Encoding: plain
========================================

$@MID@$: 293
Date: Mon, 06 Oct 2025 04:18:19 +0000
In reply to: 292
Event: 094
Station: LH_01
Instrument: MultiNet
Attached: Flowmeter | CTD
Number_of_Bottles: 5
Flowmeter S/N: 
Flowmeter Start: 
Flowmeter End: 
Action: Recovered
Sounding: 241.05
Sample ID: 521901
End_Sample_ID: 521905
Wire out: 232
Wire Angle: 
Net Clogging: 
Wind Direction: 
Wind Speed (nm): 
Sky (condition): 
Swell Direction: 
Swell Height (M): 
Sea (Condition): 
Depth: 
Author: Patrick Upson
IMEI_No: 
WMO_No: 
S/N: 
Name: 
Comment: 
Time|Position: 2025-10-06 | 041819.0017 | 43 41.40470 N | 63 45.57780 W
Cruise: JC28302
PI: Lindsay Beazley
Protocol: AZMP
Platform: RRS James Cook
Revisions: 
Mooring Number: 
Number of RCMs: 
Number of MicroCATs: 
Number of Temperature Recorders: 
Number of Amars: 
Attachment: 
Encoding: plain
========================================

$@MID@$: 294
Date: Mon, 06 Oct 2025 04:25:51 +0000
Reply to: 295
Event: 095
Station: LH_01
Instrument: VPR
Attached: 
Number_of_Bottles: 
Flowmeter S/N: 
Flowmeter Start: 
Flowmeter End: 
Action: Started
Sounding: 242.37
Sample ID: 
End_Sample_ID: 
Wire out: 
Wire Angle: 
Net Clogging: 
Wind Direction: 
Wind Speed (nm): 
Sky (condition): 
Swell Direction: 
Swell Height (M): 
Sea (Condition): 
Depth: 
Author: Catherine Johnson
IMEI_No: 
WMO_No: 
S/N: 
Name: 
Comment: 
Time|Position: 2025-10-06 | 042550.0044 | 43 41.40485 N | 63 45.57767 W
Cruise: JC28302
PI: Lindsay Beazley
Protocol: AZMP
Platform: RRS James Cook
Revisions: 
Mooring Number: 
Number of RCMs: 
Number of MicroCATs: 
Number of Temperature Recorders: 
Number of Amars: 
Attachment: 
Encoding: plain
========================================

$@MID@$: 295
Date: Mon, 06 Oct 2025 04:29:34 +0000
Reply to: 296
In reply to: 294
Event: 095
Station: LH_01
Instrument: VPR
Attached: 
Number_of_Bottles: 
Flowmeter S/N: 
Flowmeter Start: 
Flowmeter End: 
Action: Deployed
Sounding: 240.96
Sample ID: 
End_Sample_ID: 
Wire out: 
Wire Angle: 
Net Clogging: 
Wind Direction: 
Wind Speed (nm): 
Sky (condition): 
Swell Direction: 
Swell Height (M): 
Sea (Condition): 
Depth: 
Author: Catherine Johnson
IMEI_No: 
WMO_No: 
S/N: 
Name: 
Comment: 
Time|Position: 2025-10-06 | 042934.0048 | 43 41.40468 N | 63 45.57745 W
Cruise: JC28302
PI: Lindsay Beazley
Protocol: AZMP
Platform: RRS James Cook
Revisions: 
Mooring Number: 
Number of RCMs: 
Number of MicroCATs: 
Number of Temperature Recorders: 
Number of Amars: 
Attachment: 
Encoding: plain
========================================

$@MID@$: 296
Date: Mon, 06 Oct 2025 05:55:31 +0000
In reply to: 295
Event: 095
Station: LH_01
Instrument: VPR
Attached: 
Number_of_Bottles: 
Flowmeter S/N: 
Flowmeter Start: 
Flowmeter End: 
Action: Recovered
Sounding: 241.53
Sample ID: 
End_Sample_ID: 
Wire out: 
Wire Angle: 
Net Clogging: 
Wind Direction: 
Wind Speed (nm): 
Sky (condition): 
Swell Direction: 
Swell Height (M): 
Sea (Condition): 
Depth: 
Author: Catherine Johnson
IMEI_No: 
WMO_No: 
S/N: 
Name: 
Comment: 
Time|Position: 2025-10-06 | 055531.0009 | 43 41.40437 N | 63 45.57718 W
Cruise: JC28302
PI: Lindsay Beazley
Protocol: AZMP
Platform: RRS James Cook
Revisions: 
Mooring Number: 
Number of RCMs: 
Number of MicroCATs: 
Number of Temperature Recorders: 
Number of Amars: 
Attachment: 
Encoding: plain
========================================

$@MID@$: 297
Date: Mon, 06 Oct 2025 10:39:01 +0000
Reply to: 298
Event: 096
Station: HL_01
Instrument: CTD
Attached: pH | SBE35 | SUNA
Number_of_Bottles: 
Flowmeter S/N: 
Flowmeter Start: 
Flowmeter End: 
Action: Deployed
Sounding: 99.91
Sample ID: 521906
End_Sample_ID: 521921
Wire out: 
Wire Angle: 
Net Clogging: 
Wind Direction: 
Wind Speed (nm): 
Sky (condition): 
Swell Direction: 
Swell Height (M): 
Sea (Condition): 
Depth: 
Author: Patrick Upson
IMEI_No: 
WMO_No: 
S/N: 
Name: 
Comment: Aiming for 7m BTM instead of 5m because of new DRDC acoustic moorings 1m off floor at a nearby location
Time|Position: 2025-10-06 | 103901.0006 | 44 24.01227 N | 63 27.00120 W
Cruise: JC28302
PI: Lindsay Beazley
Protocol: AZMP
Platform: RRS James Cook
Revisions: 
Mooring Number: 
Number of RCMs: 
Number of MicroCATs: 
Number of Temperature Recorders: 
Number of Amars: 
Attachment: 
Encoding: plain
========================================

$@MID@$: 298
Date: Mon, 06 Oct 2025 10:49:24 +0000
Reply to: 299
In reply to: 297
Event: 096
Station: HL_01
Instrument: CTD
Attached: pH | SBE35 | SUNA
Number_of_Bottles: 
Flowmeter S/N: 
Flowmeter Start: 
Flowmeter End: 
Action: Bottom
Sounding: 90.82
Sample ID: 521906
End_Sample_ID: 521921
Wire out: 81
Wire Angle: 
Net Clogging: 
Wind Direction: 
Wind Speed (nm): 
Sky (condition): 
Swell Direction: 
Swell Height (M): 
Sea (Condition): 
Depth: 
Author: Patrick Upson
IMEI_No: 
WMO_No: 
S/N: 
Name: 
Comment: 
Time|Position: 2025-10-06 | 104924.0002 | 44 24.01194 N | 63 27.00095 W
Cruise: JC28302
PI: Lindsay Beazley
Protocol: AZMP
Platform: RRS James Cook
Revisions: 
Mooring Number: 
Number of RCMs: 
Number of MicroCATs: 
Number of Temperature Recorders: 
Number of Amars: 
Attachment: 
Encoding: plain
========================================

$@MID@$: 299
Date: Mon, 06 Oct 2025 11:08:01 +0000
In reply to: 298
Event: 096
Station: HL_01
Instrument: CTD
Attached: pH | SBE35 | SUNA
Number_of_Bottles: 
Flowmeter S/N: 
Flowmeter Start: 
Flowmeter End: 
Action: Recovered
Sounding: 89.90
Sample ID: 521906
End_Sample_ID: 521921
Wire out: 81
Wire Angle: 
Net Clogging: 
Wind Direction: 
Wind Speed (nm): 
Sky (condition): 
Swell Direction: 
Swell Height (M): 
Sea (Condition): 
Depth: 
Author: Patrick Upson
IMEI_No: 
WMO_No: 
S/N: 
Name: 
Comment: 
Time|Position: 2025-10-06 | 110801.0010 | 44 24.01194 N | 63 27.00103 W
Cruise: JC28302
PI: Lindsay Beazley
Protocol: AZMP
Platform: RRS James Cook
Revisions: 
Mooring Number: 
Number of RCMs: 
Number of MicroCATs: 
Number of Temperature Recorders: 
Number of Amars: 
Attachment: 
Encoding: plain
========================================

$@MID@$: 300
Date: Mon, 06 Oct 2025 11:19:32 +0000
Reply to: 301
Event: 097
Station: HL_01
Instrument: RingNet
Attached: 202um | Flowmeter
Number_of_Bottles: 
Flowmeter S/N: 
Flowmeter Start: 90639
Flowmeter End: 
Action: Deployed
Sounding: 89.75
Sample ID: 521922
End_Sample_ID: 
Wire out: 80
Wire Angle: 
Net Clogging: 
Wind Direction: 
Wind Speed (nm): 
Sky (condition): 
Swell Direction: 
Swell Height (M): 
Sea (Condition): 
Depth: 
Author: Catherine Johnson
IMEI_No: 
WMO_No: 
S/N: 
Name: 
Comment: 
Time|Position: 2025-10-06 | 111932.0042 | 44 24.01164 N | 63 27.00091 W
Cruise: JC28302
PI: Lindsay Beazley
Protocol: AZMP
Platform: RRS James Cook
Revisions: 
Mooring Number: 
Number of RCMs: 
Number of MicroCATs: 
Number of Temperature Recorders: 
Number of Amars: 
Attachment: 
Encoding: plain
========================================

$@MID@$: 301
Date: Mon, 06 Oct 2025 11:22:18 +0000
Reply to: 302
In reply to: 300
Event: 097
Station: HL_01
Instrument: RingNet
Attached: 202um | Flowmeter
Number_of_Bottles: 
Flowmeter S/N: 
Flowmeter Start: 90639
Flowmeter End: 
Action: Bottom
Sounding: 89.73
Sample ID: 521922
End_Sample_ID: 
Wire out: 80
Wire Angle: 
Net Clogging: 
Wind Direction: 
Wind Speed (nm): 
Sky (condition): 
Swell Direction: 
Swell Height (M): 
Sea (Condition): 
Depth: 
Author: Catherine Johnson
IMEI_No: 
WMO_No: 
S/N: 
Name: 
Comment: 
Time|Position: 2025-10-06 | 112218.0015 | 44 24.01196 N | 63 27.00097 W
Cruise: JC28302
PI: Lindsay Beazley
Protocol: AZMP
Platform: RRS James Cook
Revisions: 
Mooring Number: 
Number of RCMs: 
Number of MicroCATs: 
Number of Temperature Recorders: 
Number of Amars: 
Attachment: 
Encoding: plain
========================================

$@MID@$: 302
Date: Mon, 06 Oct 2025 11:26:07 +0000
In reply to: 301
Event: 097
Station: HL_01
Instrument: RingNet
Attached: 202um | Flowmeter
Number_of_Bottles: 
Flowmeter S/N: 
Flowmeter Start: 90639
Flowmeter End: 90834
Action: Recovered
Sounding: 90.05
Sample ID: 521922
End_Sample_ID: 
Wire out: 80
Wire Angle: 0
Net Clogging: 
Wind Direction: 
Wind Speed (nm): 
Sky (condition): 
Swell Direction: 
Swell Height (M): 
Sea (Condition): 
Depth: 
Author: Catherine Johnson
IMEI_No: 
WMO_No: 
S/N: 
Name: 
Comment: 
Time|Position: 2025-10-06 | 112607.0021 | 44 24.01190 N | 63 27.00128 W
Cruise: JC28302
PI: Lindsay Beazley
Protocol: AZMP
Platform: RRS James Cook
Revisions: 
Mooring Number: 
Number of RCMs: 
Number of MicroCATs: 
Number of Temperature Recorders: 
Number of Amars: 
Attachment: 
Encoding: plain
========================================

$@MID@$: 303
Date: Mon, 06 Oct 2025 12:51:15 +0000
Reply to: 304
Event: 098
Station: HL_02
Instrument: CTD
Attached: pH | SBE35 | SUNA
Number_of_Bottles: 
Flowmeter S/N: 
Flowmeter Start: 
Flowmeter End: 
Action: Deployed
Sounding: 152.18
Sample ID: 521923
End_Sample_ID: 521941
Wire out: 
Wire Angle: 
Net Clogging: 
Wind Direction: 
Wind Speed (nm): 
Sky (condition): 
Swell Direction: 
Swell Height (M): 
Sea (Condition): 
Depth: 
Author: Patrick Upson
IMEI_No: 
WMO_No: 
S/N: 
Name: 
Comment: 
Time|Position: 2025-10-06 | 125115.0046 | 44 16.04319 N | 63 18.94975 W
Cruise: JC28302
PI: Lindsay Beazley
Protocol: AZMP
Platform: RRS James Cook
Revisions: 
Mooring Number: 
Number of RCMs: 
Number of MicroCATs: 
Number of Temperature Recorders: 
Number of Amars: 
Attachment: 
Encoding: plain
========================================

$@MID@$: 304
Date: Mon, 06 Oct 2025 13:05:50 +0000
Reply to: 305
In reply to: 303
Event: 098
Station: HL_02
Instrument: CTD
Attached: pH | SBE35 | SUNA
Number_of_Bottles: 
Flowmeter S/N: 
Flowmeter Start: 
Flowmeter End: 
Action: Bottom
Sounding: 151.65
Sample ID: 521923
End_Sample_ID: 521941
Wire out: 
Wire Angle: 
Net Clogging: 
Wind Direction: 
Wind Speed (nm): 
Sky (condition): 
Swell Direction: 
Swell Height (M): 
Sea (Condition): 
Depth: 
Author: Patrick Upson
IMEI_No: 
WMO_No: 
S/N: 
Name: 
Comment: 
Time|Position: 2025-10-06 | 130550.0033 | 44 16.04358 N | 63 18.95030 W
Cruise: JC28302
PI: Lindsay Beazley
Protocol: AZMP
Platform: RRS James Cook
Revisions: 
Mooring Number: 
Number of RCMs: 
Number of MicroCATs: 
Number of Temperature Recorders: 
Number of Amars: 
Attachment: 
Encoding: plain
========================================

$@MID@$: 305
Date: Mon, 06 Oct 2025 13:29:41 +0000
In reply to: 304
Event: 098
Station: HL_02
Instrument: CTD
Attached: pH | SBE35 | SUNA
Number_of_Bottles: 
Flowmeter S/N: 
Flowmeter Start: 
Flowmeter End: 
Action: Recovered
Sounding: 151.57
Sample ID: 521923
End_Sample_ID: 521941
Wire out: 
Wire Angle: 
Net Clogging: 
Wind Direction: 
Wind Speed (nm): 
Sky (condition): 
Swell Direction: 
Swell Height (M): 
Sea (Condition): 
Depth: 
Author: Patrick Upson
IMEI_No: 
WMO_No: 
S/N: 
Name: 
Comment: 
Time|Position: 2025-10-06 | 132941.0019 | 44 16.04436 N | 63 18.95046 W
Cruise: JC28302
PI: Lindsay Beazley
Protocol: AZMP
Platform: RRS James Cook
Revisions: 
Mooring Number: 
Number of RCMs: 
Number of MicroCATs: 
Number of Temperature Recorders: 
Number of Amars: 
Attachment: 
Encoding: plain
========================================

$@MID@$: 306
Date: Mon, 06 Oct 2025 13:44:42 +0000
Reply to: 307
Event: 099
Station: HL_02
Instrument: RingNet
Attached: 202um | Flowmeter
Number_of_Bottles: 
Flowmeter S/N: 
Flowmeter Start: 90837
Flowmeter End: 
Action: Deployed
Sounding: 151.28
Sample ID: 
End_Sample_ID: 
Wire out: 
Wire Angle: 
Net Clogging: 
Wind Direction: 
Wind Speed (nm): 
Sky (condition): 
Swell Direction: 
Swell Height (M): 
Sea (Condition): 
Depth: 
Author: Catherine Johnson
IMEI_No: 
WMO_No: 
S/N: 
Name: 
Comment: 
Time|Position: 2025-10-06 | 134441.0006 | 44 16.04330 N | 63 18.95084 W
Cruise: JC28302
PI: Lindsay Beazley
Protocol: AZMP
Platform: RRS James Cook
Revisions: 
Mooring Number: 
Number of RCMs: 
Number of MicroCATs: 
Number of Temperature Recorders: 
Number of Amars: 
Attachment: 
Encoding: plain
========================================

$@MID@$: 307
Date: Mon, 06 Oct 2025 13:50:46 +0000
Reply to: 308
In reply to: 306
Event: 099
Station: HL_02
Instrument: RingNet
Attached: 202um | Flowmeter
Number_of_Bottles: 
Flowmeter S/N: 
Flowmeter Start: 90837
Flowmeter End: 
Action: Bottom
Sounding: 151.31
Sample ID: 
End_Sample_ID: 
Wire out: 144
Wire Angle: 
Net Clogging: 
Wind Direction: 
Wind Speed (nm): 
Sky (condition): 
Swell Direction: 
Swell Height (M): 
Sea (Condition): 
Depth: 
Author: Catherine Johnson
IMEI_No: 
WMO_No: 
S/N: 
Name: 
Comment: 
Time|Position: 2025-10-06 | 135046.0031 | 44 16.03939 N | 63 18.96323 W
Cruise: JC28302
PI: Lindsay Beazley
Protocol: AZMP
Platform: RRS James Cook
Revisions: 
Mooring Number: 
Number of RCMs: 
Number of MicroCATs: 
Number of Temperature Recorders: 
Number of Amars: 
Attachment: 
Encoding: plain
========================================

$@MID@$: 308
Date: Mon, 06 Oct 2025 13:53:01 +0000
In reply to: 307
Event: 099
Station: HL_02
Instrument: RingNet
Attached: 202um | Flowmeter
Number_of_Bottles: 
Flowmeter S/N: 
Flowmeter Start: 90837
Flowmeter End: 91209
Action: Recovered
Sounding: 151.38
Sample ID: 521942
End_Sample_ID: 
Wire out: 144
Wire Angle: 0
Net Clogging: 
Wind Direction: 
Wind Speed (nm): 
Sky (condition): 
Swell Direction: 
Swell Height (M): 
Sea (Condition): 
Depth: 
Author: Catherine Johnson
IMEI_No: 
WMO_No: 
S/N: 
Name: 
Comment: wire out set at weight touching bottom
Time|Position: 2025-10-06 | 135301.0010 | 44 16.03580 N | 63 18.97320 W
Cruise: JC28302
PI: Lindsay Beazley
Protocol: AZMP
Platform: RRS James Cook
Revisions: 06/Oct/2025 14:40:09
Mooring Number: 
Number of RCMs: 
Number of MicroCATs: 
Number of Temperature Recorders: 
Number of Amars: 
Attachment: 
Encoding: plain
========================================

$@MID@$: 309
Date: Mon, 06 Oct 2025 14:00:32 +0000
Reply to: 310
Event: 100
Station: HL_02
Instrument: RingNet
Attached: 76um
Number_of_Bottles: 
Flowmeter S/N: 
Flowmeter Start: 08697
Flowmeter End: 
Action: Deployed
Sounding: 151.74
Sample ID: 
End_Sample_ID: 
Wire out: 
Wire Angle: 
Net Clogging: 
Wind Direction: 
Wind Speed (nm): 
Sky (condition): 
Swell Direction: 
Swell Height (M): 
Sea (Condition): 
Depth: 
Author: Lindsay Beazley
IMEI_No: 
WMO_No: 
S/N: 
Name: 
Comment: 
Time|Position: 2025-10-06 | 140032.0045 | 44 16.04340 N | 63 18.95092 W
Cruise: JC28302
PI: Lindsay Beazley
Protocol: AZMP
Platform: RRS James Cook
Revisions: 
Mooring Number: 
Number of RCMs: 
Number of MicroCATs: 
Number of Temperature Recorders: 
Number of Amars: 
Attachment: 
Encoding: plain
========================================

$@MID@$: 310
Date: Mon, 06 Oct 2025 14:05:08 +0000
Reply to: 311
In reply to: 309
Event: 100
Station: HL_02
Instrument: RingNet
Attached: 76um
Number_of_Bottles: 
Flowmeter S/N: 
Flowmeter Start: 08697
Flowmeter End: 
Action: Bottom
Sounding: 151.15
Sample ID: 
End_Sample_ID: 
Wire out: 145
Wire Angle: 
Net Clogging: 
Wind Direction: 
Wind Speed (nm): 
Sky (condition): 
Swell Direction: 
Swell Height (M): 
Sea (Condition): 
Depth: 
Author: Lindsay Beazley
IMEI_No: 
WMO_No: 
S/N: 
Name: 
Comment: 
Time|Position: 2025-10-06 | 140508.0042 | 44 16.03381 N | 63 18.96281 W
Cruise: JC28302
PI: Lindsay Beazley
Protocol: AZMP
Platform: RRS James Cook
Revisions: 
Mooring Number: 
Number of RCMs: 
Number of MicroCATs: 
Number of Temperature Recorders: 
Number of Amars: 
Attachment: 
Encoding: plain
========================================

$@MID@$: 311
Date: Mon, 06 Oct 2025 14:08:10 +0000
In reply to: 310
Event: 100
Station: HL_02
Instrument: RingNet
Attached: 76um
Number_of_Bottles: 
Flowmeter S/N: 
Flowmeter Start: 08697
Flowmeter End: 09007
Action: Recovered
Sounding: 151.42
Sample ID: 521943
End_Sample_ID: 
Wire out: 145
Wire Angle: 0
Net Clogging: 
Wind Direction: 
Wind Speed (nm): 
Sky (condition): 
Swell Direction: 
Swell Height (M): 
Sea (Condition): 
Depth: 
Author: Lindsay Beazley
IMEI_No: 
WMO_No: 
S/N: 
Name: 
Comment: inside label says event 100
Time|Position: 2025-10-06 | 140810.0009 | 44 16.02607 N | 63 18.97163 W
Cruise: JC28302
PI: Lindsay Beazley
Protocol: AZMP
Platform: RRS James Cook
Revisions: 06/Oct/2025 14:37:22
Mooring Number: 
Number of RCMs: 
Number of MicroCATs: 
Number of Temperature Recorders: 
Number of Amars: 
Attachment: 
Encoding: plain
========================================

$@MID@$: 312
Date: Mon, 06 Oct 2025 14:13:39 +0000
Reply to: 313
Event: 101
Station: HL_02
Instrument: Secchi Disk
Attached: 
Number_of_Bottles: 
Flowmeter S/N: 
Flowmeter Start: 
Flowmeter End: 
Action: Deployed
Sounding: 151.65
Sample ID: 
End_Sample_ID: 
Wire out: 
Wire Angle: 
Net Clogging: 
Wind Direction: 
Wind Speed (nm): 
Sky (condition): 
Swell Direction: 
Swell Height (M): 
Sea (Condition): 
Depth: 
Author: Lindsay Beazley
IMEI_No: 
WMO_No: 
S/N: 
Name: 
Comment: 
Time|Position: 2025-10-06 | 141339.0035 | 44 16.02175 N | 63 18.97655 W
Cruise: JC28302
PI: Lindsay Beazley
Protocol: AZMP
Platform: RRS James Cook
Revisions: 
Mooring Number: 
Number of RCMs: 
Number of MicroCATs: 
Number of Temperature Recorders: 
Number of Amars: 
Attachment: 
Encoding: plain
========================================

$@MID@$: 313
Date: Mon, 06 Oct 2025 14:16:24 +0000
In reply to: 312
Event: 101
Station: HL_02
Instrument: Secchi Disk
Attached: 
Number_of_Bottles: 
Flowmeter S/N: 
Flowmeter Start: 
Flowmeter End: 
Action: Recovered
Sounding: 151.74
Sample ID: 
End_Sample_ID: 
Wire out: 
Wire Angle: 
Net Clogging: 
Wind Direction: 
Wind Speed (nm): 
Sky (condition): 
Swell Direction: 
Swell Height (M): 
Sea (Condition): 
Depth: 15.8
Author: Lindsay Beazley
IMEI_No: 
WMO_No: 
S/N: 
Name: 
Comment: 
Time|Position: 2025-10-06 | 141624.0019 | 44 16.02194 N | 63 18.97773 W
Cruise: JC28302
PI: Lindsay Beazley
Protocol: AZMP
Platform: RRS James Cook
Revisions: 
Mooring Number: 
Number of RCMs: 
Number of MicroCATs: 
Number of Temperature Recorders: 
Number of Amars: 
Attachment: 
Encoding: plain
========================================

$@MID@$: 314
Date: Mon, 06 Oct 2025 15:12:38 +0000
Reply to: 315
Event: 102
Station: NSCM
Instrument: Recover Mooring
Attached: ADCP | MicroCAT
Number_of_Bottles: 
Flowmeter S/N: 
Flowmeter Start: 
Flowmeter End: 
Action: Attempt Comms
Sounding: 174
Sample ID: 
End_Sample_ID: 
Wire out: 
Wire Angle: 
Net Clogging: 
Wind Direction: 
Wind Speed (nm): 
Sky (condition): 
Swell Direction: 
Swell Height (M): 
Sea (Condition): 
Depth: 
Author: Lindsay Beazley
IMEI_No: 
WMO_No: 
S/N: 
Name: 
Comment: 
Time|Position: 2025-10-06 | 151238.0029 | 44 15.04749 N | 63 09.74389 W
Cruise: JC28302
PI: Lindsay Beazley
Protocol: AZMP
Platform: RRS James Cook
Revisions: 06/Oct/2025 17:43:31
Mooring Number: M2309
Number of RCMs: 0
Number of MicroCATs: 1
Number of Temperature Recorders: 0
Number of Amars: 0
Attachment: 
Encoding: plain
========================================

$@MID@$: 315
Date: Mon, 06 Oct 2025 15:12:51 +0000
Reply to: 316
In reply to: 314
Event: 102
Station: NSCM
Instrument: Recover Mooring
Attached: ADCP | MicroCAT
Number_of_Bottles: 
Flowmeter S/N: 
Flowmeter Start: 
Flowmeter End: 
Action: Release
Sounding: 171.56
Sample ID: 
End_Sample_ID: 
Wire out: 
Wire Angle: 
Net Clogging: 
Wind Direction: 
Wind Speed (nm): 
Sky (condition): 
Swell Direction: 
Swell Height (M): 
Sea (Condition): 
Depth: 
Author: Lindsay Beazley
IMEI_No: 
WMO_No: 
S/N: 
Name: 
Comment: 
Time|Position: 2025-10-06 | 151250.0012 | 44 15.04734 N | 63 09.74413 W
Cruise: JC28302
PI: Lindsay Beazley
Protocol: AZMP
Platform: RRS James Cook
Revisions: 06/Oct/2025 17:44:33
Mooring Number: M2309
Number of RCMs: 0
Number of MicroCATs: 1
Number of Temperature Recorders: 0
Number of Amars: 0
Attachment: 
Encoding: plain
========================================

$@MID@$: 316
Date: Mon, 06 Oct 2025 15:30:32 +0000
In reply to: 315
Event: 102
Station: NSCM
Instrument: Recover Mooring
Attached: ADCP | MicroCAT
Number_of_Bottles: 
Flowmeter S/N: 
Flowmeter Start: 
Flowmeter End: 
Action: On Deck
Sounding: 171.64
Sample ID: 
End_Sample_ID: 
Wire out: 
Wire Angle: 
Net Clogging: 
Wind Direction: 
Wind Speed (nm): 
Sky (condition): 
Swell Direction: 
Swell Height (M): 
Sea (Condition): 
Depth: 
Author: Lindsay Beazley
IMEI_No: 
WMO_No: 
S/N: 
Name: 
Comment: 
Time|Position: 2025-10-06 | 153032.0014 | 44 15.01711 N | 63 10.05528 W
Cruise: JC28302
PI: Lindsay Beazley
Protocol: AZMP
Platform: RRS James Cook
Revisions: 06/Oct/2025 17:44:58
Mooring Number: M2309
Number of RCMs: 0
Number of MicroCATs: 1
Number of Temperature Recorders: 0
Number of Amars: 0
Attachment: 
Encoding: plain
========================================

$@MID@$: 317
Date: Mon, 06 Oct 2025 15:33:53 +0000
Reply to: 318
Event: 103
Station: NSCM
Instrument: Deploy Mooring
Attached: ADCP | MicroCAT
Number_of_Bottles: 
Flowmeter S/N: 
Flowmeter Start: 
Flowmeter End: 
Action: Start Deployment
Sounding: 172.05
Sample ID: 
End_Sample_ID: 
Wire out: 
Wire Angle: 
Net Clogging: 
Wind Direction: 
Wind Speed (nm): 
Sky (condition): 
Swell Direction: 
Swell Height (M): 
Sea (Condition): 
Depth: 
Author: Lindsay Beazley
IMEI_No: 
WMO_No: 
S/N: 
Name: 
Comment: 
Time|Position: 2025-10-06 | 153353.0045 | 44 14.99820 N | 63 10.02658 W
Cruise: JC28302
PI: Lindsay Beazley
Protocol: AZMP
Platform: RRS James Cook
Revisions: 06/Oct/2025 17:45:41
Mooring Number: M2332
Number of RCMs: 0
Number of MicroCATs: 1
Number of Temperature Recorders: 0
Number of Amars: 0
Attachment: 
Encoding: plain
========================================

$@MID@$: 318
Date: Mon, 06 Oct 2025 15:41:16 +0000
In reply to: 317
Event: 103
Station: NSCM
Instrument: Deploy Mooring
Attached: ADCP | MicroCAT
Number_of_Bottles: 
Flowmeter S/N: 
Flowmeter Start: 
Flowmeter End: 
Action: Anchor Away
Sounding: 172.13
Sample ID: 
End_Sample_ID: 
Wire out: 
Wire Angle: 
Net Clogging: 
Wind Direction: 
Wind Speed (nm): 
Sky (condition): 
Swell Direction: 
Swell Height (M): 
Sea (Condition): 
Depth: 
Author: Lindsay Beazley
IMEI_No: 
WMO_No: 
S/N: 
Name: 
Comment: 
Time|Position: 2025-10-06 | 154116.0008 | 44 14.98646 N | 63 10.05170 W
Cruise: JC28302
PI: Lindsay Beazley
Protocol: AZMP
Platform: RRS James Cook
Revisions: 06/Oct/2025 17:45:29
Mooring Number: M2332
Number of RCMs: 0
Number of MicroCATs: 1
Number of Temperature Recorders: 0
Number of Amars: 0
Attachment: 
Encoding: plain
========================================

$@MID@$: 319
Date: Mon, 06 Oct 2025 18:22:11 +0000
Reply to: 320
Event: 104
Station: HL_03
Instrument: CTD
Attached: pH | SBE35 | SUNA
Number_of_Bottles: 
Flowmeter S/N: 
Flowmeter Start: 
Flowmeter End: 
Action: Deployed
Sounding: 268.27
Sample ID: 521944
End_Sample_ID: 521955
Wire out: 
Wire Angle: 
Net Clogging: 
Wind Direction: 
Wind Speed (nm): 
Sky (condition): 
Swell Direction: 
Swell Height (M): 
Sea (Condition): 
Depth: 
Author: Katie Warman
IMEI_No: 
WMO_No: 
S/N: 
Name: 
Comment: 
Time|Position: 2025-10-06 | 182210.0011 | 43 53.00870 N | 62 52.97832 W
Cruise: JC28302
PI: Lindsay Beazley
Protocol: AZMP
Platform: RRS James Cook
Revisions: 
Mooring Number: 
Number of RCMs: 
Number of MicroCATs: 
Number of Temperature Recorders: 
Number of Amars: 
Attachment: 
Encoding: plain
========================================

$@MID@$: 320
Date: Mon, 06 Oct 2025 18:37:27 +0000
Reply to: 321
In reply to: 319
Event: 104
Station: HL_03
Instrument: CTD
Attached: pH | SBE35 | SUNA
Number_of_Bottles: 
Flowmeter S/N: 
Flowmeter Start: 
Flowmeter End: 
Action: Bottom
Sounding: 270.42
Sample ID: 521944
End_Sample_ID: 521955
Wire out: 
Wire Angle: 
Net Clogging: 
Wind Direction: 
Wind Speed (nm): 
Sky (condition): 
Swell Direction: 
Swell Height (M): 
Sea (Condition): 
Depth: 
Author: Katie Warman
IMEI_No: 
WMO_No: 
S/N: 
Name: 
Comment: 
Time|Position: 2025-10-06 | 183727.0031 | 43 53.00762 N | 62 52.97706 W
Cruise: JC28302
PI: Lindsay Beazley
Protocol: AZMP
Platform: RRS James Cook
Revisions: 
Mooring Number: 
Number of RCMs: 
Number of MicroCATs: 
Number of Temperature Recorders: 
Number of Amars: 
Attachment: 
Encoding: plain
========================================

$@MID@$: 321
Date: Mon, 06 Oct 2025 19:06:15 +0000
In reply to: 320
Event: 104
Station: HL_03
Instrument: CTD
Attached: pH | SBE35 | SUNA
Number_of_Bottles: 
Flowmeter S/N: 
Flowmeter Start: 
Flowmeter End: 
Action: Recovered
Sounding: 269.65
Sample ID: 521944
End_Sample_ID: 521955
Wire out: 
Wire Angle: 
Net Clogging: 
Wind Direction: 
Wind Speed (nm): 
Sky (condition): 
Swell Direction: 
Swell Height (M): 
Sea (Condition): 
Depth: 
Author: Katie Warman
IMEI_No: 
WMO_No: 
S/N: 
Name: 
Comment: 
Time|Position: 2025-10-06 | 190615.0006 | 43 53.00774 N | 62 52.97780 W
Cruise: JC28302
PI: Lindsay Beazley
Protocol: AZMP
Platform: RRS James Cook
Revisions: 
Mooring Number: 
Number of RCMs: 
Number of MicroCATs: 
Number of Temperature Recorders: 
Number of Amars: 
Attachment: 
Encoding: plain
========================================

$@MID@$: 322
Date: Mon, 06 Oct 2025 19:20:05 +0000
Reply to: 323
Event: 105
Station: HL_03
Instrument: RingNet
Attached: 202um | Flowmeter
Number_of_Bottles: 
Flowmeter S/N: 
Flowmeter Start: 91209
Flowmeter End: 
Action: Deployed
Sounding: 269.86
Sample ID: 521956
End_Sample_ID: 
Wire out: 
Wire Angle: 
Net Clogging: 
Wind Direction: 
Wind Speed (nm): 
Sky (condition): 
Swell Direction: 
Swell Height (M): 
Sea (Condition): 
Depth: 
Author: Melanie Hardy
IMEI_No: 
WMO_No: 
S/N: 
Name: 
Comment: ctd depth bottom 263
Time|Position: 2025-10-06 | 192005.0026 | 43 53.00790 N | 62 52.97782 W
Cruise: JC28302
PI: Lindsay Beazley
Protocol: AZMP
Platform: RRS James Cook
Revisions: 
Mooring Number: 
Number of RCMs: 
Number of MicroCATs: 
Number of Temperature Recorders: 
Number of Amars: 
Attachment: 
Encoding: plain
========================================

$@MID@$: 323
Date: Mon, 06 Oct 2025 19:29:33 +0000
Reply to: 324
In reply to: 322
Event: 105
Station: HL_03
Instrument: RingNet
Attached: 202um | Flowmeter
Number_of_Bottles: 
Flowmeter S/N: 
Flowmeter Start: 91209
Flowmeter End: 
Action: Bottom
Sounding: 269.72
Sample ID: 521956
End_Sample_ID: 
Wire out: 275
Wire Angle: 
Net Clogging: 
Wind Direction: 
Wind Speed (nm): 
Sky (condition): 
Swell Direction: 
Swell Height (M): 
Sea (Condition): 
Depth: 
Author: Melanie Hardy
IMEI_No: 
WMO_No: 
S/N: 
Name: 
Comment: 
Time|Position: 2025-10-06 | 192932.0023 | 43 53.00793 N | 62 52.97757 W
Cruise: JC28302
PI: Lindsay Beazley
Protocol: AZMP
Platform: RRS James Cook
Revisions: 
Mooring Number: 
Number of RCMs: 
Number of MicroCATs: 
Number of Temperature Recorders: 
Number of Amars: 
Attachment: 
Encoding: plain
========================================

$@MID@$: 324
Date: Mon, 06 Oct 2025 19:36:11 +0000
In reply to: 323
Event: 105
Station: HL_03
Instrument: RingNet
Attached: 202um | Flowmeter
Number_of_Bottles: 
Flowmeter S/N: 
Flowmeter Start: 91209
Flowmeter End: 91905
Action: Recovered
Sounding: 269.94
Sample ID: 521956
End_Sample_ID: 
Wire out: 275
Wire Angle: 0
Net Clogging: 
Wind Direction: 
Wind Speed (nm): 
Sky (condition): 
Swell Direction: 
Swell Height (M): 
Sea (Condition): 
Depth: 
Author: Melanie Hardy
IMEI_No: 
WMO_No: 
S/N: 
Name: 
Comment: 
Time|Position: 2025-10-06 | 193611.0016 | 43 53.00755 N | 62 52.97764 W
Cruise: JC28302
PI: Lindsay Beazley
Protocol: AZMP
Platform: RRS James Cook
Revisions: 06/Oct/2025 19:37:33
Mooring Number: 
Number of RCMs: 
Number of MicroCATs: 
Number of Temperature Recorders: 
Number of Amars: 
Attachment: 
Encoding: plain
========================================

$@MID@$: 325
Date: Mon, 06 Oct 2025 21:12:32 +0000
Reply to: 326
Event: 106
Station: HL_03.3
Instrument: CTD
Attached: pH | SBE35 | SUNA
Number_of_Bottles: 
Flowmeter S/N: 
Flowmeter Start: 
Flowmeter End: 
Action: Deployed
Sounding: 211
Sample ID: 521957
End_Sample_ID: 521966
Wire out: 
Wire Angle: 
Net Clogging: 
Wind Direction: 
Wind Speed (nm): 
Sky (condition): 
Swell Direction: 
Swell Height (M): 
Sea (Condition): 
Depth: 
Author: Katie Warman
IMEI_No: 
WMO_No: 
S/N: 
Name: 
Comment: 
Time|Position: 2025-10-06 | 211232.0022 | 43 45.81079 N | 62 45.16056 W
Cruise: JC28302
PI: Lindsay Beazley
Protocol: AZMP
Platform: RRS James Cook
Revisions: 
Mooring Number: 
Number of RCMs: 
Number of MicroCATs: 
Number of Temperature Recorders: 
Number of Amars: 
Attachment: 
Encoding: plain
========================================

$@MID@$: 326
Date: Mon, 06 Oct 2025 21:49:46 +0000
Reply to: 327
In reply to: 325
Event: 106
Station: HL_03.3
Instrument: CTD
Attached: pH | SBE35 | SUNA
Number_of_Bottles: 
Flowmeter S/N: 
Flowmeter Start: 
Flowmeter End: 
Action: Bottom
Sounding: 210.86
Sample ID: 521957
End_Sample_ID: 521966
Wire out: 
Wire Angle: 
Net Clogging: 
Wind Direction: 
Wind Speed (nm): 
Sky (condition): 
Swell Direction: 
Swell Height (M): 
Sea (Condition): 
Depth: 
Author: Katie Warman
IMEI_No: 
WMO_No: 
S/N: 
Name: 
Comment: LATE BOTTOM SUBMISSION changed from 214946.0034 to 21:26:15.19
Time|Position: 2025-10-06 | 212615.0019 | 43 45.81024 N | 62 45.16118 W
Cruise: JC28302
PI: Lindsay Beazley
Protocol: AZMP
Platform: RRS James Cook
Revisions: 07/Oct/2025 00:09:04
Mooring Number: 
Number of RCMs: 
Number of MicroCATs: 
Number of Temperature Recorders: 
Number of Amars: 
Attachment: 
Encoding: plain
========================================

$@MID@$: 327
Date: Mon, 06 Oct 2025 21:49:56 +0000
In reply to: 326
Event: 106
Station: HL_03.3
Instrument: CTD
Attached: pH | SBE35 | SUNA
Number_of_Bottles: 
Flowmeter S/N: 
Flowmeter Start: 
Flowmeter End: 
Action: Recovered
Sounding: 211.20
Sample ID: 521957
End_Sample_ID: 521966
Wire out: 
Wire Angle: 
Net Clogging: 
Wind Direction: 
Wind Speed (nm): 
Sky (condition): 
Swell Direction: 
Swell Height (M): 
Sea (Condition): 
Depth: 
Author: Katie Warman
IMEI_No: 
WMO_No: 
S/N: 
Name: 
Comment: 
Time|Position: 2025-10-06 | 214956.0036 | 43 45.81027 N | 62 45.16114 W
Cruise: JC28302
PI: Lindsay Beazley
Protocol: AZMP
Platform: RRS James Cook
Revisions: 
Mooring Number: 
Number of RCMs: 
Number of MicroCATs: 
Number of Temperature Recorders: 
Number of Amars: 
Attachment: 
Encoding: plain
========================================

$@MID@$: 328
Date: Mon, 06 Oct 2025 22:01:55 +0000
Reply to: 329
Event: 107
Station: HL_03.3
Instrument: RingNet
Attached: 202um | Flowmeter
Number_of_Bottles: 
Flowmeter S/N: 
Flowmeter Start: 91905
Flowmeter End: 
Action: Deployed
Sounding: 211.19
Sample ID: 521967
End_Sample_ID: 
Wire out: 
Wire Angle: 
Net Clogging: 
Wind Direction: 
Wind Speed (nm): 
Sky (condition): 
Swell Direction: 
Swell Height (M): 
Sea (Condition): 
Depth: 
Author: Melanie Hardy
IMEI_No: 
WMO_No: 
S/N: 
Name: 
Comment: 
Time|Position: 2025-10-06 | 220154.0003 | 43 45.81063 N | 62 45.16164 W
Cruise: JC28302
PI: Lindsay Beazley
Protocol: AZMP
Platform: RRS James Cook
Revisions: 
Mooring Number: 
Number of RCMs: 
Number of MicroCATs: 
Number of Temperature Recorders: 
Number of Amars: 
Attachment: 
Encoding: plain
========================================

$@MID@$: 329
Date: Mon, 06 Oct 2025 22:09:09 +0000
Reply to: 330
In reply to: 328
Event: 107
Station: HL_03.3
Instrument: RingNet
Attached: 202um | Flowmeter
Number_of_Bottles: 
Flowmeter S/N: 
Flowmeter Start: 91905
Flowmeter End: 
Action: Bottom
Sounding: 211.16
Sample ID: 521967
End_Sample_ID: 
Wire out: 200
Wire Angle: 
Net Clogging: 
Wind Direction: 
Wind Speed (nm): 
Sky (condition): 
Swell Direction: 
Swell Height (M): 
Sea (Condition): 
Depth: 
Author: Melanie Hardy
IMEI_No: 
WMO_No: 
S/N: 
Name: 
Comment: 
Time|Position: 2025-10-06 | 220909.0044 | 43 45.81018 N | 62 45.16134 W
Cruise: JC28302
PI: Lindsay Beazley
Protocol: AZMP
Platform: RRS James Cook
Revisions: 
Mooring Number: 
Number of RCMs: 
Number of MicroCATs: 
Number of Temperature Recorders: 
Number of Amars: 
Attachment: 
Encoding: plain
========================================

$@MID@$: 330
Date: Mon, 06 Oct 2025 22:15:22 +0000
In reply to: 329
Event: 107
Station: HL_03.3
Instrument: RingNet
Attached: 202um | Flowmeter
Number_of_Bottles: 
Flowmeter S/N: 
Flowmeter Start: 91905
Flowmeter End: 92434
Action: Recovered
Sounding: 211.29
Sample ID: 521967
End_Sample_ID: 
Wire out: 200
Wire Angle: 0
Net Clogging: 
Wind Direction: 
Wind Speed (nm): 
Sky (condition): 
Swell Direction: 
Swell Height (M): 
Sea (Condition): 
Depth: 
Author: Melanie Hardy
IMEI_No: 
WMO_No: 
S/N: 
Name: 
Comment: 
Time|Position: 2025-10-06 | 221522.0041 | 43 45.81046 N | 62 45.16115 W
Cruise: JC28302
PI: Lindsay Beazley
Protocol: AZMP
Platform: RRS James Cook
Revisions: 06/Oct/2025 22:15:27
Mooring Number: 
Number of RCMs: 
Number of MicroCATs: 
Number of Temperature Recorders: 
Number of Amars: 
Attachment: 
Encoding: plain
========================================

