$@MID@$: 5
Date: Mon, 29 Sep 2025 18:11:30 +0000
Event: 006
Station: GMB
Item: VMADCP
Type: Note
Comment: Stopped 75 & 150 to disable bottom tracking 2025-09-29 17:36:30, 44.651663	-66.512133
Author: Diana Cardoso
Revisions: 
Time|Position: 2025-09-29 | 181130.0010 | 44 35.30902 N | 66 26.88611 W
Attachment: 
Encoding: HTML
========================================

$@MID@$: 6
Date: Mon, 29 Sep 2025 18:12:41 +0000
Event: 006
Station: GMB
Item: VMADCP
Type: Note
Comment: 2025-09-29 17:37:56, Pinging started without bottom track,  44.649198	-66.509759
Author: Diana Cardoso
Revisions: 
Time|Position: 2025-09-29 | 181241.0014 | 44 35.18168 N | 66 26.74392 W
Attachment: 
Encoding: HTML
========================================

