$@MID@$: 1
Date: Sun, 28 Sep 2025 14:04:37 +0000
Event: pumps turned on
Station: HL_02
Item: Flow Through System
Type: 
Comment: pump started 2025-09-28 13:44:01, 44.261532, -63.398853
Author: Diana Cardoso
Revisions: 
Time|Position: 2025-09-28 | 140437.0042 | 44 16.06706 N | 63 18.98774 W
Attachment: 
Encoding: HTML
========================================

$@MID@$: 2
Date: Sun, 28 Sep 2025 14:12:21 +0000
Event: ADCP turned on
Station: HL_00
Item: VMADCP
Type: Note
Comment: ADCP turned on upon departure, 2025-09-28 11:32:42, GMT, botton track on
Author: Diana Cardoso
Revisions: 
Time|Position: 2025-09-28 | 141220.0013 | 44 16.01951 N | 63 18.97844 W
Attachment: 
Encoding: HTML
========================================

