$@MID@$: 7
Date: Fri, 10 Oct 2025 23:29:22 +0000
Event: NA
Station: LCM_08
Item: TSG
Type: Note
Comment: turned off for transit through French Waters
Author: Diana Cardoso
Revisions: 
Time|Position: 2025-10-10 | 232922.0023 | 44 55.21003 N | 56 26.31382 W
Attachment: 
Encoding: HTML
========================================

$@MID@$: 8
Date: Fri, 10 Oct 2025 23:43:28 +0000
Event: NA
Station: LCM_08
Item: VMADCP
Type: Note
Comment: Turned off entering French waters 
Author: Diana Cardoso
Revisions: 
Time|Position: 2025-10-10 | 234328.0038 | 44 55.79224 N | 56 23.53505 W
Attachment: 
Encoding: HTML
========================================

$@MID@$: 9
Date: Fri, 10 Oct 2025 23:43:29 +0000
Event: NA
Station: LCM_08
Item: VMADCP
Type: Note
Comment: Turned off entering French waters 
Author: Diana Cardoso
Revisions: 
Time|Position: 2025-10-10 | 234329.0028 | 44 55.79302 N | 56 23.53119 W
Attachment: 
Encoding: HTML
========================================

$@MID@$: 10
Date: Fri, 10 Oct 2025 23:45:06 +0000
Event: NA
Station: LCM_08
Item: TSG
Type: Note
Comment: James Cook TSG and PCO2 system turned off passing through French Waters 
Author: Diana Cardoso
Revisions: 
Time|Position: 2025-10-10 | 234506.0028 | 44 55.87190 N | 56 23.15453 W
Attachment: 
Encoding: HTML
========================================

