$@MID@$: 28
Date: Sat, 18 Oct 2025 12:46:42 +0000
Reply to: 29
Event: 
Station: 
Item: TSG
Type: 
Comment: Turned of flow through for Sydney harbour
Author: Patrick Upson
Revisions: 18/Oct/2025 12:47:28
Time|Position: 2025-10-18 | 124642.0016 | 46 24.88405 N | 60 05.37195 W
Attachment: 
Encoding: HTML
========================================

$@MID@$: 29
Date: Sat, 18 Oct 2025 16:53:58 +0000
In reply to: 28
Event: NA
Station: 
Item: TSG
Type: Note
Comment: Turned on after leaving Sydney Harbour
Author: Patrick Upson
Revisions: 18/Oct/2025 12:47:28
Time|Position: 2025-10-18 | 165358.0016 | 46 18.06146 N | 60 07.57664 W
Attachment: 
Encoding: HTML
========================================

$@MID@$: 30
Date: Sat, 18 Oct 2025 18:11:31 +0000
Reply to: 31
Event: NA
Station: 
Item: VMADCP
Type: Note
Comment: Turned off entering Sydney harbour 2025-10-18 14:42:50, 46.142196	-60.201789
Author: Diana Cardoso
Revisions: 
Time|Position: 2025-10-18 | 181130.0044 | 46 20.07079 N | 59 50.83795 W
Attachment: 
Encoding: HTML
========================================

$@MID@$: 31
Date: Sat, 18 Oct 2025 18:12:39 +0000
In reply to: 30
Event: NA
Station: 
Item: VMADCP
Type: Note
Comment: Turned on leaving Sydney harbour 2025-10-18 15:43:12, 46.144337	-60.206404
Author: Diana Cardoso
Revisions: 
Time|Position: 2025-10-18 | 181239.0019 | 46 20.05844 N | 59 50.59288 W
Attachment: 
Encoding: HTML
========================================

$@MID@$: 32
Date: Sat, 18 Oct 2025 21:29:54 +0000
Event: NA
Station: 
Item: TSG
Type: Note
Comment: James Cook TSG Turn on and off times and position
Author: Diana Cardoso
Revisions: 18/Oct/2025 21:34:58
Time|Position: 2025-10-18 | 212954.0025 | 46 01.81462 N | 59 30.72791 W
Attachment: 
Encoding: plain
========================================
2025-10-18 16:51:34	17	WatStr	started after pott call	46.295633   -60.132191		
2025-10-18 12:44:27	16	WatStp	Water stopped for port call	46.420321	-60.088054		
2025-10-16 14:01:38	15	WatStr	water started on departure	44.514796	-63.515399			
2025-10-14 23:06:07	14	InstCln	Trans Vair	44.469149	-63.44999			
2025-10-14 23:04:53	13	InstCln	Trans Vdark	44.466441	-63.447094
2025-10-14 23:04:53	13	InstCln	Trans Vdark	44.466441	-63.447094	
2025-10-14 22:58:07	12	WatStp	water stopped fot port call	44.457089	-63.426373			
2025-10-11 06:58:15	11	WatStr	Started on leaving French waters	44.515343	-56.417451		
2025-10-11 04:44:38	10	WatStp	Stopped on entering French waters	44.876721	-56.140879		
2025-10-11 00:43:20	9	WatStr	Started on leaving French waters	44.977078	-56.138878		
2025-10-10 23:43:52	8	WatStp	stopped for french waters	44.930179	-56.39075	
2025-10-07 12:11:36	7	WatStr	Water restart after clean	42.939845	-61.833259	
2025-10-07 12:08:25	6	WatStr	Trans Vair	42.939833	-61.833281	
2025-10-07 12:07:07	5	InstCln	Trans Vdark	42.939846	-61.833293			
2025-10-07 12:00:50	4	WatStp	water stopped for cleaing	42.939847	-61.833277	
2025-09-28 13:44:01	3	WatStr	Water started	44.261532	-63.398853
2025-09-28 13:42:45	2	InstCln	Trans Vair	44.261031	-63.404068
2025-09-28 13:41:53	1	InstCln	Trans Vdark	44.261629	-63.407302	
$@MID@$: 33
Date: Sat, 18 Oct 2025 21:37:23 +0000
Event: NA
Station: 
Item: pCO2
Type: Note
Comment: James Cook pCO2  Turn on and off times and position
Author: Diana Cardoso
Revisions: 18/Oct/2025 21:37:35
Time|Position: 2025-10-18 | 213723.0027 | 46 01.06263 N | 59 31.20158 W
Attachment: 
Encoding: plain
========================================
2025-10-18 16:56:15	9	started	restarted after port call	         46.305776	-60.119879			
2025-10-18 12:56:30	8	stopped	stopped for port call	46.388762	-60.099553			
2025-10-16 14:05:09	7	Started	restarted on departure from port	44.505167	-63.511739		
2025-10-14 23:14:10	6	pco2 stopped	Stopped dur to port call	44.489717	-63.473271			
2025-10-11 07:00:09	5	started	Started on leaving French waters	44.510471	-56.422195			
2025-10-11 04:46:47	4	stopped	Stopped on entering French waters	44.871221	-56.145535			
2025-10-11 00:45:07	3	started	Started on leaving French waters	44.978166	-56.136874			
2025-10-10 23:45:08	2	stopped	stopped for french waters	       44.931219	-56.385809	
2025-09-28 14:33:20	1	Start	PC02 started after warmup	       44.267272	-63.315433
