$@MID@$: 26
Date: Fri, 17 Oct 2025 20:34:13 +0000
Reply to: 27
Event: NA
Station: 
Item: IFCB
Type: Note
Comment: diconnected intake tube on IFCB approx. 12:00 local time
Author: Diana Cardoso
Revisions: 
Time|Position: 2025-10-17 | 203413.0041 | 46 47.45104 N | 60 00.29460 W
Attachment: 
Encoding: HTML
========================================

$@MID@$: 27
Date: Fri, 17 Oct 2025 20:35:33 +0000
In reply to: 26
Event: NA
Station: 
Item: IFCB
Type: Note
Comment: intake tube is reconnected
Author: Diana Cardoso
Revisions: 
Time|Position: 2025-10-17 | 203533.0007 | 46 47.62362 N | 60 00.54087 W
Attachment: 
Encoding: HTML
========================================

