$@MID@$: 11
Date: Sat, 11 Oct 2025 02:07:53 +0000
Event: NA
Station: LCM_09
Item: TSG
Type: Note
Comment: Turn TSG back on after French Waters
Author: Diana Cardoso
Revisions: 
Time|Position: 2025-10-11 | 020752.0035 | 44 58.81028 N | 56 08.45028 W
Attachment: 
Encoding: HTML
========================================

$@MID@$: 12
Date: Sat, 11 Oct 2025 07:31:19 +0000
Event: 
Station: LCM_10
Item: TSG
Type: Note
Comment: Stopped tsg. Passing through French waters
Author: Patrick Upson
Revisions: 11/Oct/2025 07:36:24
Time|Position: 2025-10-11 | 044841.0049 | 44 25.70206 N | 56 29.88317 W
Attachment: 
Encoding: HTML
========================================

$@MID@$: 13
Date: Sat, 11 Oct 2025 07:35:55 +0000
Event: 
Station: LCM_10
Item: TSG
Type: Note
Comment: Turned TSG back on. We couldn't get BBtalk working. 
Author: Patrick Upson
Revisions: 11/Oct/2025 08:35:42
Time|Position: 2025-10-11 | 073555.0046 | 44 24.98719 N | 56 30.53058 W
Attachment: 
Encoding: HTML
========================================

$@MID@$: 14
Date: Sat, 11 Oct 2025 08:36:39 +0000
Event: 
Station: LCM_10
Item: TSG
Type: Note
Comment: Adam got BBtalk working by typing 'start'
Author: Patrick Upson
Revisions: 
Time|Position: 2025-10-11 | 083639.0023 | 44 15.26315 N | 56 39.28243 W
Attachment: 
Encoding: HTML
========================================

